
> salon-booking-app@0.1.0 dev /home/yugz/domains/web-dev/salon-booking-app
> next dev

⚠ Warning: Next.js inferred your workspace root, but it may not be correct.
 We detected multiple lockfiles and selected the directory of /home/yugz/domains/web-dev/pnpm-lock.yaml as the root directory.
 To silence this warning, set `turbopack.root` in your Next.js config, or consider removing one of the lockfiles if it's not needed.
   See https://nextjs.org/docs/app/api-reference/config/next-config-js/turbopack#root-directory for more information.
 Detected additional lockfiles: 
   * /home/yugz/domains/web-dev/salon-booking-app/pnpm-lock.yaml

▲ Next.js 16.1.6 (Turbopack)
- Local:         http://localhost:3000
- Network:       http://192.168.1.12:3000
- Environments: .env.local

✓ Starting...
✓ Ready in 530ms
Error: Can't resolve 'tailwindcss' in '/home/yugz/domains/web-dev'
    [2m[at finishWithoutResolve (/home/yugz/domains/web-dev/salon-booking-app/node_modules/.pnpm/enhanced-resolve@5.20.0/node_modules/enhanced-resolve/lib/Resolver.js:586:18)][0m
    [2m[at /home/yugz/domains/web-dev/salon-booking-app/node_modules/.pnpm/enhanced-resolve@5.20.0/node_modules/enhanced-resolve/lib/Resolver.js:678:14][0m
    [2m[at /home/yugz/domains/web-dev/salon-booking-app/node_modules/.pnpm/enhanced-resolve@5.20.0/node_modules/enhanced-resolve/lib/Resolver.js:739:5][0m
    [2m[at eval (eval at create (/home/yugz/domains/web-dev/salon-booking-app/node_modules/.pnpm/tapable@2.3.0/node_modules/tapable/lib/HookCodeFactory.js:31:10), <anonymous>:15:1)][0m
    [2m[at /home/yugz/domains/web-dev/salon-booking-app/node_modules/.pnpm/enhanced-resolve@5.20.0/node_modules/enhanced-resolve/lib/Resolver.js:739:5][0m
    [2m[at eval (eval at create (/home/yugz/domains/web-dev/salon-booking-app/node_modules/.pnpm/tapable@2.3.0/node_modules/tapable/lib/HookCodeFactory.js:31:10), <anonymous>:27:1)][0m
    [2m[at /home/yugz/domains/web-dev/salon-booking-app/node_modules/.pnpm/enhanced-resolve@5.20.0/node_modules/enhanced-resolve/lib/DescriptionFilePlugin.js:89:43][0m
    [2m[at /home/yugz/domains/web-dev/salon-booking-app/node_modules/.pnpm/enhanced-resolve@5.20.0/node_modules/enhanced-resolve/lib/Resolver.js:739:5][0m
    [2m[at eval (eval at create (/home/yugz/domains/web-dev/salon-booking-app/node_modules/.pnpm/tapable@2.3.0/node_modules/tapable/lib/HookCodeFactory.js:31:10), <anonymous>:15:1)][0m
    [2m[at /home/yugz/domains/web-dev/salon-booking-app/node_modules/.pnpm/enhanced-resolve@5.20.0/node_modules/enhanced-resolve/lib/Resolver.js:739:5][0m {
  details: "resolve 'tailwindcss' in '/home/yugz/domains/web-dev'\n" +
    '  Parsed request is a module\n' +
    '  using description file: /home/yugz/domains/web-dev/package.json (relative path: .)\n' +
    '    resolve as module\n' +
    '      looking for modules in /home/yugz/domains/web-dev/node_modules\n' +
    '        single file module\n' +
    '          using description file: /home/yugz/domains/web-dev/package.json (relative path: ./node_modules/tailwindcss)\n' +
    '            no extension\n' +
    "              /home/yugz/domains/web-dev/node_modules/tailwindcss doesn't exist\n" +
    '            .css\n' +
    "              /home/yugz/domains/web-dev/node_modules/tailwindcss.css doesn't exist\n" +
    "        /home/yugz/domains/web-dev/node_modules/tailwindcss doesn't exist\n" +
    "      /home/yugz/domains/node_modules doesn't exist or is not a directory\n" +
    "      /home/yugz/node_modules doesn't exist or is not a directory\n" +
    "      /home/node_modules doesn't exist or is not a directory\n" +
    "      /node_modules doesn't exist or is not a directory\n" +
    '      looking for modules in /home/yugz/domains/web-dev/salon-booking-app/node_modules/.pnpm/next@16.1.6_@babel+core@7.29.0_babel-plugin-react-compiler@1.0.0_react-dom@19.2.3_react@19.2.3__react@19.2.3/node_modules/next/dist/bin/node_modules:/home/yugz/domains/web-dev/salon-booking-app/node_modules/.pnpm/next@16.1.6_@babel+core@7.29.0_babel-plugin-react-compiler@1.0.0_react-dom@19.2.3_react@19.2.3__react@19.2.3/node_modules/next/dist/node_modules:/home/yugz/domains/web-dev/salon-booking-app/node_modules/.pnpm/next@16.1.6_@babel+core@7.29.0_babel-plugin-react-compiler@1.0.0_react-dom@19.2.3_react@19.2.3__react@19.2.3/node_modules/next/node_modules:/home/yugz/domains/web-dev/salon-booking-app/node_modules/.pnpm/next@16.1.6_@babel+core@7.29.0_babel-plugin-react-compiler@1.0.0_react-dom@19.2.3_react@19.2.3__react@19.2.3/node_modules:/home/yugz/domains/web-dev/salon-booking-app/node_modules/.pnpm/node_modules\n' +
    '        single file module\n' +
    '          using description file: /home/yugz/domains/web-dev/salon-booking-app/node_modules/.pnpm/next@16.1.6_@babel+core@7.29.0_babel-plugin-react-compiler@1.0.0_react-dom@19.2.3_react@19.2.3__react@19.2.3/node_modules/next/package.json (relative path: ./dist/bin/node_modules:/home/yugz/domains/web-dev/salon-booking-app/node_modules/.pnpm/next@16.1.6_@babel+core@7.29.0_babel-plugin-react-compiler@1.0.0_react-dom@19.2.3_react@19.2.3__react@19.2.3/node_modules/next/dist/node_modules:/home/yugz/domains/web-dev/salon-booking-app/node_modules/.pnpm/next@16.1.6_@babel+core@7.29.0_babel-plugin-react-compiler@1.0.0_react-dom@19.2.3_react@19.2.3__react@19.2.3/node_modules/next/node_modules:/home/yugz/domains/web-dev/salon-booking-app/node_modules/.pnpm/next@16.1.6_@babel+core@7.29.0_babel-plugin-react-compiler@1.0.0_react-dom@19.2.3_react@19.2.3__react@19.2.3/node_modules:/home/yugz/domains/web-dev/salon-booking-app/node_modules/.pnpm/node_modules/tailwindcss)\n' +
    '            no extension\n' +
    "              /home/yugz/domains/web-dev/salon-booking-app/node_modules/.pnpm/next@16.1.6_@babel+core@7.29.0_babel-plugin-react-compiler@1.0.0_react-dom@19.2.3_react@19.2.3__react@19.2.3/node_modules/next/dist/bin/node_modules:/home/yugz/domains/web-dev/salon-booking-app/node_modules/.pnpm/next@16.1.6_@babel+core@7.29.0_babel-plugin-react-compiler@1.0.0_react-dom@19.2.3_react@19.2.3__react@19.2.3/node_modules/next/dist/node_modules:/home/yugz/domains/web-dev/salon-booking-app/node_modules/.pnpm/next@16.1.6_@babel+core@7.29.0_babel-plugin-react-compiler@1.0.0_react-dom@19.2.3_react@19.2.3__react@19.2.3/node_modules/next/node_modules:/home/yugz/domains/web-dev/salon-booking-app/node_modules/.pnpm/next@16.1.6_@babel+core@7.29.0_babel-plugin-react-compiler@1.0.0_react-dom@19.2.3_react@19.2.3__react@19.2.3/node_modules:/home/yugz/domains/web-dev/salon-booking-app/node_modules/.pnpm/node_modules/tailwindcss doesn't exist\n" +
    '            .css\n' +
    "              /home/yugz/domains/web-dev/salon-booking-app/node_modules/.pnpm/next@16.1.6_@babel+core@7.29.0_babel-plugin-react-compiler@1.0.0_react-dom@19.2.3_react@19.2.3__react@19.2.3/node_modules/next/dist/bin/node_modules:/home/yugz/domains/web-dev/salon-booking-app/node_modules/.pnpm/next@16.1.6_@babel+core@7.29.0_babel-plugin-react-compiler@1.0.0_react-dom@19.2.3_react@19.2.3__react@19.2.3/node_modules/next/dist/node_modules:/home/yugz/domains/web-dev/salon-booking-app/node_modules/.pnpm/next@16.1.6_@babel+core@7.29.0_babel-plugin-react-compiler@1.0.0_react-dom@19.2.3_react@19.2.3__react@19.2.3/node_modules/next/node_modules:/home/yugz/domains/web-dev/salon-booking-app/node_modules/.pnpm/next@16.1.6_@babel+core@7.29.0_babel-plugin-react-compiler@1.0.0_react-dom@19.2.3_react@19.2.3__react@19.2.3/node_modules:/home/yugz/domains/web-dev/salon-booking-app/node_modules/.pnpm/node_modules/tailwindcss.css doesn't exist\n" +
    "        /home/yugz/domains/web-dev/salon-booking-app/node_modules/.pnpm/next@16.1.6_@babel+core@7.29.0_babel-plugin-react-compiler@1.0.0_react-dom@19.2.3_react@19.2.3__react@19.2.3/node_modules/next/dist/bin/node_modules:/home/yugz/domains/web-dev/salon-booking-app/node_modules/.pnpm/next@16.1.6_@babel+core@7.29.0_babel-plugin-react-compiler@1.0.0_react-dom@19.2.3_react@19.2.3__react@19.2.3/node_modules/next/dist/node_modules:/home/yugz/domains/web-dev/salon-booking-app/node_modules/.pnpm/next@16.1.6_@babel+core@7.29.0_babel-plugin-react-compiler@1.0.0_react-dom@19.2.3_react@19.2.3__react@19.2.3/node_modules/next/node_modules:/home/yugz/domains/web-dev/salon-booking-app/node_modules/.pnpm/next@16.1.6_@babel+core@7.29.0_babel-plugin-react-compiler@1.0.0_react-dom@19.2.3_react@19.2.3__react@19.2.3/node_modules:/home/yugz/domains/web-dev/salon-booking-app/node_modules/.pnpm/node_modules/tailwindcss doesn't exist"
}
Error: Can't resolve 'tailwindcss' in '/home/yugz/domains/web-dev'
    [2m[at finishWithoutResolve (/home/yugz/domains/web-dev/salon-booking-app/node_modules/.pnpm/enhanced-resolve@5.20.0/node_modules/enhanced-resolve/lib/Resolver.js:586:18)][0m
    [2m[at /home/yugz/domains/web-dev/salon-booking-app/node_modules/.pnpm/enhanced-resolve@5.20.0/node_modules/enhanced-resolve/lib/Resolver.js:678:14][0m
    [2m[at /home/yugz/domains/web-dev/salon-booking-app/node_modules/.pnpm/enhanced-resolve@5.20.0/node_modules/enhanced-resolve/lib/Resolver.js:739:5][0m
    [2m[at eval (eval at create (/home/yugz/domains/web-dev/salon-booking-app/node_modules/.pnpm/tapable@2.3.0/node_modules/tapable/lib/HookCodeFactory.js:31:10), <anonymous>:15:1)][0m
    [2m[at /home/yugz/domains/web-dev/salon-booking-app/node_modules/.pnpm/enhanced-resolve@5.20.0/node_modules/enhanced-resolve/lib/Resolver.js:739:5][0m
    [2m[at eval (eval at create (/home/yugz/domains/web-dev/salon-booking-app/node_modules/.pnpm/tapable@2.3.0/node_modules/tapable/lib/HookCodeFactory.js:31:10), <anonymous>:27:1)][0m
    [2m[at /home/yugz/domains/web-dev/salon-booking-app/node_modules/.pnpm/enhanced-resolve@5.20.0/node_modules/enhanced-resolve/lib/DescriptionFilePlugin.js:89:43][0m
    [2m[at /home/yugz/domains/web-dev/salon-booking-app/node_modules/.pnpm/enhanced-resolve@5.20.0/node_modules/enhanced-resolve/lib/Resolver.js:739:5][0m
    [2m[at eval (eval at create (/home/yugz/domains/web-dev/salon-booking-app/node_modules/.pnpm/tapable@2.3.0/node_modules/tapable/lib/HookCodeFactory.js:31:10), <anonymous>:15:1)][0m
    [2m[at /home/yugz/domains/web-dev/salon-booking-app/node_modules/.pnpm/enhanced-resolve@5.20.0/node_modules/enhanced-resolve/lib/Resolver.js:739:5][0m {
  details: "resolve 'tailwindcss' in '/home/yugz/domains/web-dev'\n" +
    '  Parsed request is a module\n' +
    '  using description file: /home/yugz/domains/web-dev/package.json (relative path: .)\n' +
    '    resolve as module\n' +
    '      looking for modules in /home/yugz/domains/web-dev/node_modules\n' +
    '        single file module\n' +
    '          using description file: /home/yugz/domains/web-dev/package.json (relative path: ./node_modules/tailwindcss)\n' +
    '            no extension\n' +
    "              /home/yugz/domains/web-dev/node_modules/tailwindcss doesn't exist\n" +
    '            .css\n' +
    "              /home/yugz/domains/web-dev/node_modules/tailwindcss.css doesn't exist\n" +
    "        /home/yugz/domains/web-dev/node_modules/tailwindcss doesn't exist\n" +
    "      /home/yugz/domains/node_modules doesn't exist or is not a directory\n" +
    "      /home/yugz/node_modules doesn't exist or is not a directory\n" +
    "      /home/node_modules doesn't exist or is not a directory\n" +
    "      /node_modules doesn't exist or is not a directory\n" +
    '      looking for modules in /home/yugz/domains/web-dev/salon-booking-app/node_modules/.pnpm/next@16.1.6_@babel+core@7.29.0_babel-plugin-react-compiler@1.0.0_react-dom@19.2.3_react@19.2.3__react@19.2.3/node_modules/next/dist/bin/node_modules:/home/yugz/domains/web-dev/salon-booking-app/node_modules/.pnpm/next@16.1.6_@babel+core@7.29.0_babel-plugin-react-compiler@1.0.0_react-dom@19.2.3_react@19.2.3__react@19.2.3/node_modules/next/dist/node_modules:/home/yugz/domains/web-dev/salon-booking-app/node_modules/.pnpm/next@16.1.6_@babel+core@7.29.0_babel-plugin-react-compiler@1.0.0_react-dom@19.2.3_react@19.2.3__react@19.2.3/node_modules/next/node_modules:/home/yugz/domains/web-dev/salon-booking-app/node_modules/.pnpm/next@16.1.6_@babel+core@7.29.0_babel-plugin-react-compiler@1.0.0_react-dom@19.2.3_react@19.2.3__react@19.2.3/node_modules:/home/yugz/domains/web-dev/salon-booking-app/node_modules/.pnpm/node_modules\n' +
    '        single file module\n' +
    '          using description file: /home/yugz/domains/web-dev/salon-booking-app/node_modules/.pnpm/next@16.1.6_@babel+core@7.29.0_babel-plugin-react-compiler@1.0.0_react-dom@19.2.3_react@19.2.3__react@19.2.3/node_modules/next/package.json (relative path: ./dist/bin/node_modules:/home/yugz/domains/web-dev/salon-booking-app/node_modules/.pnpm/next@16.1.6_@babel+core@7.29.0_babel-plugin-react-compiler@1.0.0_react-dom@19.2.3_react@19.2.3__react@19.2.3/node_modules/next/dist/node_modules:/home/yugz/domains/web-dev/salon-booking-app/node_modules/.pnpm/next@16.1.6_@babel+core@7.29.0_babel-plugin-react-compiler@1.0.0_react-dom@19.2.3_react@19.2.3__react@19.2.3/node_modules/next/node_modules:/home/yugz/domains/web-dev/salon-booking-app/node_modules/.pnpm/next@16.1.6_@babel+core@7.29.0_babel-plugin-react-compiler@1.0.0_react-dom@19.2.3_react@19.2.3__react@19.2.3/node_modules:/home/yugz/domains/web-dev/salon-booking-app/node_modules/.pnpm/node_modules/tailwindcss)\n' +
    '            no extension\n' +
    "              /home/yugz/domains/web-dev/salon-booking-app/node_modules/.pnpm/next@16.1.6_@babel+core@7.29.0_babel-plugin-react-compiler@1.0.0_react-dom@19.2.3_react@19.2.3__react@19.2.3/node_modules/next/dist/bin/node_modules:/home/yugz/domains/web-dev/salon-booking-app/node_modules/.pnpm/next@16.1.6_@babel+core@7.29.0_babel-plugin-react-compiler@1.0.0_react-dom@19.2.3_react@19.2.3__react@19.2.3/node_modules/next/dist/node_modules:/home/yugz/domains/web-dev/salon-booking-app/node_modules/.pnpm/next@16.1.6_@babel+core@7.29.0_babel-plugin-react-compiler@1.0.0_react-dom@19.2.3_react@19.2.3__react@19.2.3/node_modules/next/node_modules:/home/yugz/domains/web-dev/salon-booking-app/node_modules/.pnpm/next@16.1.6_@babel+core@7.29.0_babel-plugin-react-compiler@1.0.0_react-dom@19.2.3_react@19.2.3__react@19.2.3/node_modules:/home/yugz/domains/web-dev/salon-booking-app/node_modules/.pnpm/node_modules/tailwindcss doesn't exist\n" +
    '            .css\n' +
    "              /home/yugz/domains/web-dev/salon-booking-app/node_modules/.pnpm/next@16.1.6_@babel+core@7.29.0_babel-plugin-react-compiler@1.0.0_react-dom@19.2.3_react@19.2.3__react@19.2.3/node_modules/next/dist/bin/node_modules:/home/yugz/domains/web-dev/salon-booking-app/node_modules/.pnpm/next@16.1.6_@babel+core@7.29.0_babel-plugin-react-compiler@1.0.0_react-dom@19.2.3_react@19.2.3__react@19.2.3/node_modules/next/dist/node_modules:/home/yugz/domains/web-dev/salon-booking-app/node_modules/.pnpm/next@16.1.6_@babel+core@7.29.0_babel-plugin-react-compiler@1.0.0_react-dom@19.2.3_react@19.2.3__react@19.2.3/node_modules/next/node_modules:/home/yugz/domains/web-dev/salon-booking-app/node_modules/.pnpm/next@16.1.6_@babel+core@7.29.0_babel-plugin-react-compiler@1.0.0_react-dom@19.2.3_react@19.2.3__react@19.2.3/node_modules:/home/yugz/domains/web-dev/salon-booking-app/node_modules/.pnpm/node_modules/tailwindcss.css doesn't exist\n" +
    "        /home/yugz/domains/web-dev/salon-booking-app/node_modules/.pnpm/next@16.1.6_@babel+core@7.29.0_babel-plugin-react-compiler@1.0.0_react-dom@19.2.3_react@19.2.3__react@19.2.3/node_modules/next/dist/bin/node_modules:/home/yugz/domains/web-dev/salon-booking-app/node_modules/.pnpm/next@16.1.6_@babel+core@7.29.0_babel-plugin-react-compiler@1.0.0_react-dom@19.2.3_react@19.2.3__react@19.2.3/node_modules/next/dist/node_modules:/home/yugz/domains/web-dev/salon-booking-app/node_modules/.pnpm/next@16.1.6_@babel+core@7.29.0_babel-plugin-react-compiler@1.0.0_react-dom@19.2.3_react@19.2.3__react@19.2.3/node_modules/next/node_modules:/home/yugz/domains/web-dev/salon-booking-app/node_modules/.pnpm/next@16.1.6_@babel+core@7.29.0_babel-plugin-react-compiler@1.0.0_react-dom@19.2.3_react@19.2.3__react@19.2.3/node_modules:/home/yugz/domains/web-dev/salon-booking-app/node_modules/.pnpm/node_modules/tailwindcss doesn't exist"
}
Error: Can't resolve 'tailwindcss' in '/home/yugz/domains/web-dev'
    [2m[at finishWithoutResolve (/home/yugz/domains/web-dev/salon-booking-app/node_modules/.pnpm/enhanced-resolve@5.20.0/node_modules/enhanced-resolve/lib/Resolver.js:586:18)][0m
    [2m[at /home/yugz/domains/web-dev/salon-booking-app/node_modules/.pnpm/enhanced-resolve@5.20.0/node_modules/enhanced-resolve/lib/Resolver.js:678:14][0m
    [2m[at /home/yugz/domains/web-dev/salon-booking-app/node_modules/.pnpm/enhanced-resolve@5.20.0/node_modules/enhanced-resolve/lib/Resolver.js:739:5][0m
    [2m[at eval (eval at create (/home/yugz/domains/web-dev/salon-booking-app/node_modules/.pnpm/tapable@2.3.0/node_modules/tapable/lib/HookCodeFactory.js:31:10), <anonymous>:15:1)][0m
    [2m[at /home/yugz/domains/web-dev/salon-booking-app/node_modules/.pnpm/enhanced-resolve@5.20.0/node_modules/enhanced-resolve/lib/Resolver.js:739:5][0m
    [2m[at eval (eval at create (/home/yugz/domains/web-dev/salon-booking-app/node_modules/.pnpm/tapable@2.3.0/node_modules/tapable/lib/HookCodeFactory.js:31:10), <anonymous>:27:1)][0m
    [2m[at /home/yugz/domains/web-dev/salon-booking-app/node_modules/.pnpm/enhanced-resolve@5.20.0/node_modules/enhanced-resolve/lib/DescriptionFilePlugin.js:89:43][0m
    [2m[at /home/yugz/domains/web-dev/salon-booking-app/node_modules/.pnpm/enhanced-resolve@5.20.0/node_modules/enhanced-resolve/lib/Resolver.js:739:5][0m
    [2m[at eval (eval at create (/home/yugz/domains/web-dev/salon-booking-app/node_modules/.pnpm/tapable@2.3.0/node_modules/tapable/lib/HookCodeFactory.js:31:10), <anonymous>:15:1)][0m
    [2m[at /home/yugz/domains/web-dev/salon-booking-app/node_modules/.pnpm/enhanced-resolve@5.20.0/node_modules/enhanced-resolve/lib/Resolver.js:739:5][0m {
  details: "resolve 'tailwindcss' in '/home/yugz/domains/web-dev'\n" +
    '  Parsed request is a module\n' +
    '  using description file: /home/yugz/domains/web-dev/package.json (relative path: .)\n' +
    '    resolve as module\n' +
    '      looking for modules in /home/yugz/domains/web-dev/node_modules\n' +
    '        single file module\n' +
    '          using description file: /home/yugz/domains/web-dev/package.json (relative path: ./node_modules/tailwindcss)\n' +
    '            no extension\n' +
    "              /home/yugz/domains/web-dev/node_modules/tailwindcss doesn't exist\n" +
    '            .css\n' +
    "              /home/yugz/domains/web-dev/node_modules/tailwindcss.css doesn't exist\n" +
    "        /home/yugz/domains/web-dev/node_modules/tailwindcss doesn't exist\n" +
    "      /home/yugz/domains/node_modules doesn't exist or is not a directory\n" +
    "      /home/yugz/node_modules doesn't exist or is not a directory\n" +
    "      /home/node_modules doesn't exist or is not a directory\n" +
    "      /node_modules doesn't exist or is not a directory\n" +
    '      looking for modules in /home/yugz/domains/web-dev/salon-booking-app/node_modules/.pnpm/next@16.1.6_@babel+core@7.29.0_babel-plugin-react-compiler@1.0.0_react-dom@19.2.3_react@19.2.3__react@19.2.3/node_modules/next/dist/bin/node_modules:/home/yugz/domains/web-dev/salon-booking-app/node_modules/.pnpm/next@16.1.6_@babel+core@7.29.0_babel-plugin-react-compiler@1.0.0_react-dom@19.2.3_react@19.2.3__react@19.2.3/node_modules/next/dist/node_modules:/home/yugz/domains/web-dev/salon-booking-app/node_modules/.pnpm/next@16.1.6_@babel+core@7.29.0_babel-plugin-react-compiler@1.0.0_react-dom@19.2.3_react@19.2.3__react@19.2.3/node_modules/next/node_modules:/home/yugz/domains/web-dev/salon-booking-app/node_modules/.pnpm/next@16.1.6_@babel+core@7.29.0_babel-plugin-react-compiler@1.0.0_react-dom@19.2.3_react@19.2.3__react@19.2.3/node_modules:/home/yugz/domains/web-dev/salon-booking-app/node_modules/.pnpm/node_modules\n' +
    '        single file module\n' +
    '          using description file: /home/yugz/domains/web-dev/salon-booking-app/node_modules/.pnpm/next@16.1.6_@babel+core@7.29.0_babel-plugin-react-compiler@1.0.0_react-dom@19.2.3_react@19.2.3__react@19.2.3/node_modules/next/package.json (relative path: ./dist/bin/node_modules:/home/yugz/domains/web-dev/salon-booking-app/node_modules/.pnpm/next@16.1.6_@babel+core@7.29.0_babel-plugin-react-compiler@1.0.0_react-dom@19.2.3_react@19.2.3__react@19.2.3/node_modules/next/dist/node_modules:/home/yugz/domains/web-dev/salon-booking-app/node_modules/.pnpm/next@16.1.6_@babel+core@7.29.0_babel-plugin-react-compiler@1.0.0_react-dom@19.2.3_react@19.2.3__react@19.2.3/node_modules/next/node_modules:/home/yugz/domains/web-dev/salon-booking-app/node_modules/.pnpm/next@16.1.6_@babel+core@7.29.0_babel-plugin-react-compiler@1.0.0_react-dom@19.2.3_react@19.2.3__react@19.2.3/node_modules:/home/yugz/domains/web-dev/salon-booking-app/node_modules/.pnpm/node_modules/tailwindcss)\n' +
    '            no extension\n' +
    "              /home/yugz/domains/web-dev/salon-booking-app/node_modules/.pnpm/next@16.1.6_@babel+core@7.29.0_babel-plugin-react-compiler@1.0.0_react-dom@19.2.3_react@19.2.3__react@19.2.3/node_modules/next/dist/bin/node_modules:/home/yugz/domains/web-dev/salon-booking-app/node_modules/.pnpm/next@16.1.6_@babel+core@7.29.0_babel-plugin-react-compiler@1.0.0_react-dom@19.2.3_react@19.2.3__react@19.2.3/node_modules/next/dist/node_modules:/home/yugz/domains/web-dev/salon-booking-app/node_modules/.pnpm/next@16.1.6_@babel+core@7.29.0_babel-plugin-react-compiler@1.0.0_react-dom@19.2.3_react@19.2.3__react@19.2.3/node_modules/next/node_modules:/home/yugz/domains/web-dev/salon-booking-app/node_modules/.pnpm/next@16.1.6_@babel+core@7.29.0_babel-plugin-react-compiler@1.0.0_react-dom@19.2.3_react@19.2.3__react@19.2.3/node_modules:/home/yugz/domains/web-dev/salon-booking-app/node_modules/.pnpm/node_modules/tailwindcss doesn't exist\n" +
    '            .css\n' +
    "              /home/yugz/domains/web-dev/salon-booking-app/node_modules/.pnpm/next@16.1.6_@babel+core@7.29.0_babel-plugin-react-compiler@1.0.0_react-dom@19.2.3_react@19.2.3__react@19.2.3/node_modules/next/dist/bin/node_modules:/home/yugz/domains/web-dev/salon-booking-app/node_modules/.pnpm/next@16.1.6_@babel+core@7.29.0_babel-plugin-react-compiler@1.0.0_react-dom@19.2.3_react@19.2.3__react@19.2.3/node_modules/next/dist/node_modules:/home/yugz/domains/web-dev/salon-booking-app/node_modules/.pnpm/next@16.1.6_@babel+core@7.29.0_babel-plugin-react-compiler@1.0.0_react-dom@19.2.3_react@19.2.3__react@19.2.3/node_modules/next/node_modules:/home/yugz/domains/web-dev/salon-booking-app/node_modules/.pnpm/next@16.1.6_@babel+core@7.29.0_babel-plugin-react-compiler@1.0.0_react-dom@19.2.3_react@19.2.3__react@19.2.3/node_modules:/home/yugz/domains/web-dev/salon-booking-app/node_modules/.pnpm/node_modules/tailwindcss.css doesn't exist\n" +
    "        /home/yugz/domains/web-dev/salon-booking-app/node_modules/.pnpm/next@16.1.6_@babel+core@7.29.0_babel-plugin-react-compiler@1.0.0_react-dom@19.2.3_react@19.2.3__react@19.2.3/node_modules/next/dist/bin/node_modules:/home/yugz/domains/web-dev/salon-booking-app/node_modules/.pnpm/next@16.1.6_@babel+core@7.29.0_babel-plugin-react-compiler@1.0.0_react-dom@19.2.3_react@19.2.3__react@19.2.3/node_modules/next/dist/node_modules:/home/yugz/domains/web-dev/salon-booking-app/node_modules/.pnpm/next@16.1.6_@babel+core@7.29.0_babel-plugin-react-compiler@1.0.0_react-dom@19.2.3_react@19.2.3__react@19.2.3/node_modules/next/node_modules:/home/yugz/domains/web-dev/salon-booking-app/node_modules/.pnpm/next@16.1.6_@babel+core@7.29.0_babel-plugin-react-compiler@1.0.0_react-dom@19.2.3_react@19.2.3__react@19.2.3/node_modules:/home/yugz/domains/web-dev/salon-booking-app/node_modules/.pnpm/node_modules/tailwindcss doesn't exist"
}
Error: Can't resolve 'tailwindcss' in '/home/yugz/domains/web-dev'
    [2m[at finishWithoutResolve (/home/yugz/domains/web-dev/salon-booking-app/node_modules/.pnpm/enhanced-resolve@5.20.0/node_modules/enhanced-resolve/lib/Resolver.js:586:18)][0m
    [2m[at /home/yugz/domains/web-dev/salon-booking-app/node_modules/.pnpm/enhanced-resolve@5.20.0/node_modules/enhanced-resolve/lib/Resolver.js:678:14][0m
    [2m[at /home/yugz/domains/web-dev/salon-booking-app/node_modules/.pnpm/enhanced-resolve@5.20.0/node_modules/enhanced-resolve/lib/Resolver.js:739:5][0m
    [2m[at eval (eval at create (/home/yugz/domains/web-dev/salon-booking-app/node_modules/.pnpm/tapable@2.3.0/node_modules/tapable/lib/HookCodeFactory.js:31:10), <anonymous>:15:1)][0m
    [2m[at /home/yugz/domains/web-dev/salon-booking-app/node_modules/.pnpm/enhanced-resolve@5.20.0/node_modules/enhanced-resolve/lib/Resolver.js:739:5][0m
    [2m[at eval (eval at create (/home/yugz/domains/web-dev/salon-booking-app/node_modules/.pnpm/tapable@2.3.0/node_modules/tapable/lib/HookCodeFactory.js:31:10), <anonymous>:27:1)][0m
    [2m[at /home/yugz/domains/web-dev/salon-booking-app/node_modules/.pnpm/enhanced-resolve@5.20.0/node_modules/enhanced-resolve/lib/DescriptionFilePlugin.js:89:43][0m
    [2m[at /home/yugz/domains/web-dev/salon-booking-app/node_modules/.pnpm/enhanced-resolve@5.20.0/node_modules/enhanced-resolve/lib/Resolver.js:739:5][0m
    [2m[at eval (eval at create (/home/yugz/domains/web-dev/salon-booking-app/node_modules/.pnpm/tapable@2.3.0/node_modules/tapable/lib/HookCodeFactory.js:31:10), <anonymous>:15:1)][0m
    [2m[at /home/yugz/domains/web-dev/salon-booking-app/node_modules/.pnpm/enhanced-resolve@5.20.0/node_modules/enhanced-resolve/lib/Resolver.js:739:5][0m {
  details: "resolve 'tailwindcss' in '/home/yugz/domains/web-dev'\n" +
    '  Parsed request is a module\n' +
    '  using description file: /home/yugz/domains/web-dev/package.json (relative path: .)\n' +
    '    resolve as module\n' +
    '      looking for modules in /home/yugz/domains/web-dev/node_modules\n' +
    '        single file module\n' +
    '          using description file: /home/yugz/domains/web-dev/package.json (relative path: ./node_modules/tailwindcss)\n' +
    '            no extension\n' +
    "              /home/yugz/domains/web-dev/node_modules/tailwindcss doesn't exist\n" +
    '            .css\n' +
    "              /home/yugz/domains/web-dev/node_modules/tailwindcss.css doesn't exist\n" +
    "        /home/yugz/domains/web-dev/node_modules/tailwindcss doesn't exist\n" +
    "      /home/yugz/domains/node_modules doesn't exist or is not a directory\n" +
    "      /home/yugz/node_modules doesn't exist or is not a directory\n" +
    "      /home/node_modules doesn't exist or is not a directory\n" +
    "      /node_modules doesn't exist or is not a directory\n" +
    '      looking for modules in /home/yugz/domains/web-dev/salon-booking-app/node_modules/.pnpm/next@16.1.6_@babel+core@7.29.0_babel-plugin-react-compiler@1.0.0_react-dom@19.2.3_react@19.2.3__react@19.2.3/node_modules/next/dist/bin/node_modules:/home/yugz/domains/web-dev/salon-booking-app/node_modules/.pnpm/next@16.1.6_@babel+core@7.29.0_babel-plugin-react-compiler@1.0.0_react-dom@19.2.3_react@19.2.3__react@19.2.3/node_modules/next/dist/node_modules:/home/yugz/domains/web-dev/salon-booking-app/node_modules/.pnpm/next@16.1.6_@babel+core@7.29.0_babel-plugin-react-compiler@1.0.0_react-dom@19.2.3_react@19.2.3__react@19.2.3/node_modules/next/node_modules:/home/yugz/domains/web-dev/salon-booking-app/node_modules/.pnpm/next@16.1.6_@babel+core@7.29.0_babel-plugin-react-compiler@1.0.0_react-dom@19.2.3_react@19.2.3__react@19.2.3/node_modules:/home/yugz/domains/web-dev/salon-booking-app/node_modules/.pnpm/node_modules\n' +
    '        single file module\n' +
    '          using description file: /home/yugz/domains/web-dev/salon-booking-app/node_modules/.pnpm/next@16.1.6_@babel+core@7.29.0_babel-plugin-react-compiler@1.0.0_react-dom@19.2.3_react@19.2.3__react@19.2.3/node_modules/next/package.json (relative path: ./dist/bin/node_modules:/home/yugz/domains/web-dev/salon-booking-app/node_modules/.pnpm/next@16.1.6_@babel+core@7.29.0_babel-plugin-react-compiler@1.0.0_react-dom@19.2.3_react@19.2.3__react@19.2.3/node_modules/next/dist/node_modules:/home/yugz/domains/web-dev/salon-booking-app/node_modules/.pnpm/next@16.1.6_@babel+core@7.29.0_babel-plugin-react-compiler@1.0.0_react-dom@19.2.3_react@19.2.3__react@19.2.3/node_modules/next/node_modules:/home/yugz/domains/web-dev/salon-booking-app/node_modules/.pnpm/next@16.1.6_@babel+core@7.29.0_babel-plugin-react-compiler@1.0.0_react-dom@19.2.3_react@19.2.3__react@19.2.3/node_modules:/home/yugz/domains/web-dev/salon-booking-app/node_modules/.pnpm/node_modules/tailwindcss)\n' +
    '            no extension\n' +
    "              /home/yugz/domains/web-dev/salon-booking-app/node_modules/.pnpm/next@16.1.6_@babel+core@7.29.0_babel-plugin-react-compiler@1.0.0_react-dom@19.2.3_react@19.2.3__react@19.2.3/node_modules/next/dist/bin/node_modules:/home/yugz/domains/web-dev/salon-booking-app/node_modules/.pnpm/next@16.1.6_@babel+core@7.29.0_babel-plugin-react-compiler@1.0.0_react-dom@19.2.3_react@19.2.3__react@19.2.3/node_modules/next/dist/node_modules:/home/yugz/domains/web-dev/salon-booking-app/node_modules/.pnpm/next@16.1.6_@babel+core@7.29.0_babel-plugin-react-compiler@1.0.0_react-dom@19.2.3_react@19.2.3__react@19.2.3/node_modules/next/node_modules:/home/yugz/domains/web-dev/salon-booking-app/node_modules/.pnpm/next@16.1.6_@babel+core@7.29.0_babel-plugin-react-compiler@1.0.0_react-dom@19.2.3_react@19.2.3__react@19.2.3/node_modules:/home/yugz/domains/web-dev/salon-booking-app/node_modules/.pnpm/node_modules/tailwindcss doesn't exist\n" +
    '            .css\n' +
    "              /home/yugz/domains/web-dev/salon-booking-app/node_modules/.pnpm/next@16.1.6_@babel+core@7.29.0_babel-plugin-react-compiler@1.0.0_react-dom@19.2.3_react@19.2.3__react@19.2.3/node_modules/next/dist/bin/node_modules:/home/yugz/domains/web-dev/salon-booking-app/node_modules/.pnpm/next@16.1.6_@babel+core@7.29.0_babel-plugin-react-compiler@1.0.0_react-dom@19.2.3_react@19.2.3__react@19.2.3/node_modules/next/dist/node_modules:/home/yugz/domains/web-dev/salon-booking-app/node_modules/.pnpm/next@16.1.6_@babel+core@7.29.0_babel-plugin-react-compiler@1.0.0_react-dom@19.2.3_react@19.2.3__react@19.2.3/node_modules/next/node_modules:/home/yugz/domains/web-dev/salon-booking-app/node_modules/.pnpm/next@16.1.6_@babel+core@7.29.0_babel-plugin-react-compiler@1.0.0_react-dom@19.2.3_react@19.2.3__react@19.2.3/node_modules:/home/yugz/domains/web-dev/salon-booking-app/node_modules/.pnpm/node_modules/tailwindcss.css doesn't exist\n" +
    "        /home/yugz/domains/web-dev/salon-booking-app/node_modules/.pnpm/next@16.1.6_@babel+core@7.29.0_babel-plugin-react-compiler@1.0.0_react-dom@19.2.3_react@19.2.3__react@19.2.3/node_modules/next/dist/bin/node_modules:/home/yugz/domains/web-dev/salon-booking-app/node_modules/.pnpm/next@16.1.6_@babel+core@7.29.0_babel-plugin-react-compiler@1.0.0_react-dom@19.2.3_react@19.2.3__react@19.2.3/node_modules/next/dist/node_modules:/home/yugz/domains/web-dev/salon-booking-app/node_modules/.pnpm/next@16.1.6_@babel+core@7.29.0_babel-plugin-react-compiler@1.0.0_react-dom@19.2.3_react@19.2.3__react@19.2.3/node_modules/next/node_modules:/home/yugz/domains/web-dev/salon-booking-app/node_modules/.pnpm/next@16.1.6_@babel+core@7.29.0_babel-plugin-react-compiler@1.0.0_react-dom@19.2.3_react@19.2.3__react@19.2.3/node_modules:/home/yugz/domains/web-dev/salon-booking-app/node_modules/.pnpm/node_modules/tailwindcss doesn't exist"
}
Error: Can't resolve 'tailwindcss' in '/home/yugz/domains/web-dev'
    [2m[at finishWithoutResolve (/home/yugz/domains/web-dev/salon-booking-app/node_modules/.pnpm/enhanced-resolve@5.20.0/node_modules/enhanced-resolve/lib/Resolver.js:586:18)][0m
    [2m[at /home/yugz/domains/web-dev/salon-booking-app/node_modules/.pnpm/enhanced-resolve@5.20.0/node_modules/enhanced-resolve/lib/Resolver.js:678:14][0m
    [2m[at /home/yugz/domains/web-dev/salon-booking-app/node_modules/.pnpm/enhanced-resolve@5.20.0/node_modules/enhanced-resolve/lib/Resolver.js:739:5][0m
    [2m[at eval (eval at create (/home/yugz/domains/web-dev/salon-booking-app/node_modules/.pnpm/tapable@2.3.0/node_modules/tapable/lib/HookCodeFactory.js:31:10), <anonymous>:15:1)][0m
    [2m[at /home/yugz/domains/web-dev/salon-booking-app/node_modules/.pnpm/enhanced-resolve@5.20.0/node_modules/enhanced-resolve/lib/Resolver.js:739:5][0m
    [2m[at eval (eval at create (/home/yugz/domains/web-dev/salon-booking-app/node_modules/.pnpm/tapable@2.3.0/node_modules/tapable/lib/HookCodeFactory.js:31:10), <anonymous>:27:1)][0m
    [2m[at /home/yugz/domains/web-dev/salon-booking-app/node_modules/.pnpm/enhanced-resolve@5.20.0/node_modules/enhanced-resolve/lib/DescriptionFilePlugin.js:89:43][0m
    [2m[at /home/yugz/domains/web-dev/salon-booking-app/node_modules/.pnpm/enhanced-resolve@5.20.0/node_modules/enhanced-resolve/lib/Resolver.js:739:5][0m
    [2m[at eval (eval at create (/home/yugz/domains/web-dev/salon-booking-app/node_modules/.pnpm/tapable@2.3.0/node_modules/tapable/lib/HookCodeFactory.js:31:10), <anonymous>:15:1)][0m
    [2m[at /home/yugz/domains/web-dev/salon-booking-app/node_modules/.pnpm/enhanced-resolve@5.20.0/node_modules/enhanced-resolve/lib/Resolver.js:739:5][0m {
  details: "resolve 'tailwindcss' in '/home/yugz/domains/web-dev'\n" +
    '  Parsed request is a module\n' +
    '  using description file: /home/yugz/domains/web-dev/package.json (relative path: .)\n' +
    '    resolve as module\n' +
    '      looking for modules in /home/yugz/domains/web-dev/node_modules\n' +
    '        single file module\n' +
    '          using description file: /home/yugz/domains/web-dev/package.json (relative path: ./node_modules/tailwindcss)\n' +
    '            no extension\n' +
    "              /home/yugz/domains/web-dev/node_modules/tailwindcss doesn't exist\n" +
    '            .css\n' +
    "              /home/yugz/domains/web-dev/node_modules/tailwindcss.css doesn't exist\n" +
    "        /home/yugz/domains/web-dev/node_modules/tailwindcss doesn't exist\n" +
    "      /home/yugz/domains/node_modules doesn't exist or is not a directory\n" +
    "      /home/yugz/node_modules doesn't exist or is not a directory\n" +
    "      /home/node_modules doesn't exist or is not a directory\n" +
    "      /node_modules doesn't exist or is not a directory\n" +
    '      looking for modules in /home/yugz/domains/web-dev/salon-booking-app/node_modules/.pnpm/next@16.1.6_@babel+core@7.29.0_babel-plugin-react-compiler@1.0.0_react-dom@19.2.3_react@19.2.3__react@19.2.3/node_modules/next/dist/bin/node_modules:/home/yugz/domains/web-dev/salon-booking-app/node_modules/.pnpm/next@16.1.6_@babel+core@7.29.0_babel-plugin-react-compiler@1.0.0_react-dom@19.2.3_react@19.2.3__react@19.2.3/node_modules/next/dist/node_modules:/home/yugz/domains/web-dev/salon-booking-app/node_modules/.pnpm/next@16.1.6_@babel+core@7.29.0_babel-plugin-react-compiler@1.0.0_react-dom@19.2.3_react@19.2.3__react@19.2.3/node_modules/next/node_modules:/home/yugz/domains/web-dev/salon-booking-app/node_modules/.pnpm/next@16.1.6_@babel+core@7.29.0_babel-plugin-react-compiler@1.0.0_react-dom@19.2.3_react@19.2.3__react@19.2.3/node_modules:/home/yugz/domains/web-dev/salon-booking-app/node_modules/.pnpm/node_modules\n' +
    '        single file module\n' +
    '          using description file: /home/yugz/domains/web-dev/salon-booking-app/node_modules/.pnpm/next@16.1.6_@babel+core@7.29.0_babel-plugin-react-compiler@1.0.0_react-dom@19.2.3_react@19.2.3__react@19.2.3/node_modules/next/package.json (relative path: ./dist/bin/node_modules:/home/yugz/domains/web-dev/salon-booking-app/node_modules/.pnpm/next@16.1.6_@babel+core@7.29.0_babel-plugin-react-compiler@1.0.0_react-dom@19.2.3_react@19.2.3__react@19.2.3/node_modules/next/dist/node_modules:/home/yugz/domains/web-dev/salon-booking-app/node_modules/.pnpm/next@16.1.6_@babel+core@7.29.0_babel-plugin-react-compiler@1.0.0_react-dom@19.2.3_react@19.2.3__react@19.2.3/node_modules/next/node_modules:/home/yugz/domains/web-dev/salon-booking-app/node_modules/.pnpm/next@16.1.6_@babel+core@7.29.0_babel-plugin-react-compiler@1.0.0_react-dom@19.2.3_react@19.2.3__react@19.2.3/node_modules:/home/yugz/domains/web-dev/salon-booking-app/node_modules/.pnpm/node_modules/tailwindcss)\n' +
    '            no extension\n' +
    "              /home/yugz/domains/web-dev/salon-booking-app/node_modules/.pnpm/next@16.1.6_@babel+core@7.29.0_babel-plugin-react-compiler@1.0.0_react-dom@19.2.3_react@19.2.3__react@19.2.3/node_modules/next/dist/bin/node_modules:/home/yugz/domains/web-dev/salon-booking-app/node_modules/.pnpm/next@16.1.6_@babel+core@7.29.0_babel-plugin-react-compiler@1.0.0_react-dom@19.2.3_react@19.2.3__react@19.2.3/node_modules/next/dist/node_modules:/home/yugz/domains/web-dev/salon-booking-app/node_modules/.pnpm/next@16.1.6_@babel+core@7.29.0_babel-plugin-react-compiler@1.0.0_react-dom@19.2.3_react@19.2.3__react@19.2.3/node_modules/next/node_modules:/home/yugz/domains/web-dev/salon-booking-app/node_modules/.pnpm/next@16.1.6_@babel+core@7.29.0_babel-plugin-react-compiler@1.0.0_react-dom@19.2.3_react@19.2.3__react@19.2.3/node_modules:/home/yugz/domains/web-dev/salon-booking-app/node_modules/.pnpm/node_modules/tailwindcss doesn't exist\n" +
    '            .css\n' +
    "              /home/yugz/domains/web-dev/salon-booking-app/node_modules/.pnpm/next@16.1.6_@babel+core@7.29.0_babel-plugin-react-compiler@1.0.0_react-dom@19.2.3_react@19.2.3__react@19.2.3/node_modules/next/dist/bin/node_modules:/home/yugz/domains/web-dev/salon-booking-app/node_modules/.pnpm/next@16.1.6_@babel+core@7.29.0_babel-plugin-react-compiler@1.0.0_react-dom@19.2.3_react@19.2.3__react@19.2.3/node_modules/next/dist/node_modules:/home/yugz/domains/web-dev/salon-booking-app/node_modules/.pnpm/next@16.1.6_@babel+core@7.29.0_babel-plugin-react-compiler@1.0.0_react-dom@19.2.3_react@19.2.3__react@19.2.3/node_modules/next/node_modules:/home/yugz/domains/web-dev/salon-booking-app/node_modules/.pnpm/next@16.1.6_@babel+core@7.29.0_babel-plugin-react-compiler@1.0.0_react-dom@19.2.3_react@19.2.3__react@19.2.3/node_modules:/home/yugz/domains/web-dev/salon-booking-app/node_modules/.pnpm/node_modules/tailwindcss.css doesn't exist\n" +
    "        /home/yugz/domains/web-dev/salon-booking-app/node_modules/.pnpm/next@16.1.6_@babel+core@7.29.0_babel-plugin-react-compiler@1.0.0_react-dom@19.2.3_react@19.2.3__react@19.2.3/node_modules/next/dist/bin/node_modules:/home/yugz/domains/web-dev/salon-booking-app/node_modules/.pnpm/next@16.1.6_@babel+core@7.29.0_babel-plugin-react-compiler@1.0.0_react-dom@19.2.3_react@19.2.3__react@19.2.3/node_modules/next/dist/node_modules:/home/yugz/domains/web-dev/salon-booking-app/node_modules/.pnpm/next@16.1.6_@babel+core@7.29.0_babel-plugin-react-compiler@1.0.0_react-dom@19.2.3_react@19.2.3__react@19.2.3/node_modules/next/node_modules:/home/yugz/domains/web-dev/salon-booking-app/node_modules/.pnpm/next@16.1.6_@babel+core@7.29.0_babel-plugin-react-compiler@1.0.0_react-dom@19.2.3_react@19.2.3__react@19.2.3/node_modules:/home/yugz/domains/web-dev/salon-booking-app/node_modules/.pnpm/node_modules/tailwindcss doesn't exist"
}
Error: Can't resolve 'tailwindcss' in '/home/yugz/domains/web-dev'
    [2m[at finishWithoutResolve (/home/yugz/domains/web-dev/salon-booking-app/node_modules/.pnpm/enhanced-resolve@5.20.0/node_modules/enhanced-resolve/lib/Resolver.js:586:18)][0m
    [2m[at /home/yugz/domains/web-dev/salon-booking-app/node_modules/.pnpm/enhanced-resolve@5.20.0/node_modules/enhanced-resolve/lib/Resolver.js:678:14][0m
    [2m[at /home/yugz/domains/web-dev/salon-booking-app/node_modules/.pnpm/enhanced-resolve@5.20.0/node_modules/enhanced-resolve/lib/Resolver.js:739:5][0m
    [2m[at eval (eval at create (/home/yugz/domains/web-dev/salon-booking-app/node_modules/.pnpm/tapable@2.3.0/node_modules/tapable/lib/HookCodeFactory.js:31:10), <anonymous>:15:1)][0m
    [2m[at /home/yugz/domains/web-dev/salon-booking-app/node_modules/.pnpm/enhanced-resolve@5.20.0/node_modules/enhanced-resolve/lib/Resolver.js:739:5][0m
    [2m[at eval (eval at create (/home/yugz/domains/web-dev/salon-booking-app/node_modules/.pnpm/tapable@2.3.0/node_modules/tapable/lib/HookCodeFactory.js:31:10), <anonymous>:27:1)][0m
    [2m[at /home/yugz/domains/web-dev/salon-booking-app/node_modules/.pnpm/enhanced-resolve@5.20.0/node_modules/enhanced-resolve/lib/DescriptionFilePlugin.js:89:43][0m
    [2m[at /home/yugz/domains/web-dev/salon-booking-app/node_modules/.pnpm/enhanced-resolve@5.20.0/node_modules/enhanced-resolve/lib/Resolver.js:739:5][0m
    [2m[at eval (eval at create (/home/yugz/domains/web-dev/salon-booking-app/node_modules/.pnpm/tapable@2.3.0/node_modules/tapable/lib/HookCodeFactory.js:31:10), <anonymous>:15:1)][0m
    [2m[at /home/yugz/domains/web-dev/salon-booking-app/node_modules/.pnpm/enhanced-resolve@5.20.0/node_modules/enhanced-resolve/lib/Resolver.js:739:5][0m {
  details: "resolve 'tailwindcss' in '/home/yugz/domains/web-dev'\n" +
    '  Parsed request is a module\n' +
    '  using description file: /home/yugz/domains/web-dev/package.json (relative path: .)\n' +
    '    resolve as module\n' +
    '      looking for modules in /home/yugz/domains/web-dev/node_modules\n' +
    '        single file module\n' +
    '          using description file: /home/yugz/domains/web-dev/package.json (relative path: ./node_modules/tailwindcss)\n' +
    '            no extension\n' +
    "              /home/yugz/domains/web-dev/node_modules/tailwindcss doesn't exist\n" +
    '            .css\n' +
    "              /home/yugz/domains/web-dev/node_modules/tailwindcss.css doesn't exist\n" +
    "        /home/yugz/domains/web-dev/node_modules/tailwindcss doesn't exist\n" +
    "      /home/yugz/domains/node_modules doesn't exist or is not a directory\n" +
    "      /home/yugz/node_modules doesn't exist or is not a directory\n" +
    "      /home/node_modules doesn't exist or is not a directory\n" +
    "      /node_modules doesn't exist or is not a directory\n" +
    '      looking for modules in /home/yugz/domains/web-dev/salon-booking-app/node_modules/.pnpm/next@16.1.6_@babel+core@7.29.0_babel-plugin-react-compiler@1.0.0_react-dom@19.2.3_react@19.2.3__react@19.2.3/node_modules/next/dist/bin/node_modules:/home/yugz/domains/web-dev/salon-booking-app/node_modules/.pnpm/next@16.1.6_@babel+core@7.29.0_babel-plugin-react-compiler@1.0.0_react-dom@19.2.3_react@19.2.3__react@19.2.3/node_modules/next/dist/node_modules:/home/yugz/domains/web-dev/salon-booking-app/node_modules/.pnpm/next@16.1.6_@babel+core@7.29.0_babel-plugin-react-compiler@1.0.0_react-dom@19.2.3_react@19.2.3__react@19.2.3/node_modules/next/node_modules:/home/yugz/domains/web-dev/salon-booking-app/node_modules/.pnpm/next@16.1.6_@babel+core@7.29.0_babel-plugin-react-compiler@1.0.0_react-dom@19.2.3_react@19.2.3__react@19.2.3/node_modules:/home/yugz/domains/web-dev/salon-booking-app/node_modules/.pnpm/node_modules\n' +
    '        single file module\n' +
    '          using description file: /home/yugz/domains/web-dev/salon-booking-app/node_modules/.pnpm/next@16.1.6_@babel+core@7.29.0_babel-plugin-react-compiler@1.0.0_react-dom@19.2.3_react@19.2.3__react@19.2.3/node_modules/next/package.json (relative path: ./dist/bin/node_modules:/home/yugz/domains/web-dev/salon-booking-app/node_modules/.pnpm/next@16.1.6_@babel+core@7.29.0_babel-plugin-react-compiler@1.0.0_react-dom@19.2.3_react@19.2.3__react@19.2.3/node_modules/next/dist/node_modules:/home/yugz/domains/web-dev/salon-booking-app/node_modules/.pnpm/next@16.1.6_@babel+core@7.29.0_babel-plugin-react-compiler@1.0.0_react-dom@19.2.3_react@19.2.3__react@19.2.3/node_modules/next/node_modules:/home/yugz/domains/web-dev/salon-booking-app/node_modules/.pnpm/next@16.1.6_@babel+core@7.29.0_babel-plugin-react-compiler@1.0.0_react-dom@19.2.3_react@19.2.3__react@19.2.3/node_modules:/home/yugz/domains/web-dev/salon-booking-app/node_modules/.pnpm/node_modules/tailwindcss)\n' +
    '            no extension\n' +
    "              /home/yugz/domains/web-dev/salon-booking-app/node_modules/.pnpm/next@16.1.6_@babel+core@7.29.0_babel-plugin-react-compiler@1.0.0_react-dom@19.2.3_react@19.2.3__react@19.2.3/node_modules/next/dist/bin/node_modules:/home/yugz/domains/web-dev/salon-booking-app/node_modules/.pnpm/next@16.1.6_@babel+core@7.29.0_babel-plugin-react-compiler@1.0.0_react-dom@19.2.3_react@19.2.3__react@19.2.3/node_modules/next/dist/node_modules:/home/yugz/domains/web-dev/salon-booking-app/node_modules/.pnpm/next@16.1.6_@babel+core@7.29.0_babel-plugin-react-compiler@1.0.0_react-dom@19.2.3_react@19.2.3__react@19.2.3/node_modules/next/node_modules:/home/yugz/domains/web-dev/salon-booking-app/node_modules/.pnpm/next@16.1.6_@babel+core@7.29.0_babel-plugin-react-compiler@1.0.0_react-dom@19.2.3_react@19.2.3__react@19.2.3/node_modules:/home/yugz/domains/web-dev/salon-booking-app/node_modules/.pnpm/node_modules/tailwindcss doesn't exist\n" +
    '            .css\n' +
    "              /home/yugz/domains/web-dev/salon-booking-app/node_modules/.pnpm/next@16.1.6_@babel+core@7.29.0_babel-plugin-react-compiler@1.0.0_react-dom@19.2.3_react@19.2.3__react@19.2.3/node_modules/next/dist/bin/node_modules:/home/yugz/domains/web-dev/salon-booking-app/node_modules/.pnpm/next@16.1.6_@babel+core@7.29.0_babel-plugin-react-compiler@1.0.0_react-dom@19.2.3_react@19.2.3__react@19.2.3/node_modules/next/dist/node_modules:/home/yugz/domains/web-dev/salon-booking-app/node_modules/.pnpm/next@16.1.6_@babel+core@7.29.0_babel-plugin-react-compiler@1.0.0_react-dom@19.2.3_react@19.2.3__react@19.2.3/node_modules/next/node_modules:/home/yugz/domains/web-dev/salon-booking-app/node_modules/.pnpm/next@16.1.6_@babel+core@7.29.0_babel-plugin-react-compiler@1.0.0_react-dom@19.2.3_react@19.2.3__react@19.2.3/node_modules:/home/yugz/domains/web-dev/salon-booking-app/node_modules/.pnpm/node_modules/tailwindcss.css doesn't exist\n" +
    "        /home/yugz/domains/web-dev/salon-booking-app/node_modules/.pnpm/next@16.1.6_@babel+core@7.29.0_babel-plugin-react-compiler@1.0.0_react-dom@19.2.3_react@19.2.3__react@19.2.3/node_modules/next/dist/bin/node_modules:/home/yugz/domains/web-dev/salon-booking-app/node_modules/.pnpm/next@16.1.6_@babel+core@7.29.0_babel-plugin-react-compiler@1.0.0_react-dom@19.2.3_react@19.2.3__react@19.2.3/node_modules/next/dist/node_modules:/home/yugz/domains/web-dev/salon-booking-app/node_modules/.pnpm/next@16.1.6_@babel+core@7.29.0_babel-plugin-react-compiler@1.0.0_react-dom@19.2.3_react@19.2.3__react@19.2.3/node_modules/next/node_modules:/home/yugz/domains/web-dev/salon-booking-app/node_modules/.pnpm/next@16.1.6_@babel+core@7.29.0_babel-plugin-react-compiler@1.0.0_react-dom@19.2.3_react@19.2.3__react@19.2.3/node_modules:/home/yugz/domains/web-dev/salon-booking-app/node_modules/.pnpm/node_modules/tailwindcss doesn't exist"
}
Error: Can't resolve 'tailwindcss' in '/home/yugz/domains/web-dev'
    [2m[at finishWithoutResolve (/home/yugz/domains/web-dev/salon-booking-app/node_modules/.pnpm/enhanced-resolve@5.20.0/node_modules/enhanced-resolve/lib/Resolver.js:586:18)][0m
    [2m[at /home/yugz/domains/web-dev/salon-booking-app/node_modules/.pnpm/enhanced-resolve@5.20.0/node_modules/enhanced-resolve/lib/Resolver.js:678:14][0m
    [2m[at /home/yugz/domains/web-dev/salon-booking-app/node_modules/.pnpm/enhanced-resolve@5.20.0/node_modules/enhanced-resolve/lib/Resolver.js:739:5][0m
    [2m[at eval (eval at create (/home/yugz/domains/web-dev/salon-booking-app/node_modules/.pnpm/tapable@2.3.0/node_modules/tapable/lib/HookCodeFactory.js:31:10), <anonymous>:15:1)][0m
    [2m[at /home/yugz/domains/web-dev/salon-booking-app/node_modules/.pnpm/enhanced-resolve@5.20.0/node_modules/enhanced-resolve/lib/Resolver.js:739:5][0m
    [2m[at eval (eval at create (/home/yugz/domains/web-dev/salon-booking-app/node_modules/.pnpm/tapable@2.3.0/node_modules/tapable/lib/HookCodeFactory.js:31:10), <anonymous>:27:1)][0m
    [2m[at /home/yugz/domains/web-dev/salon-booking-app/node_modules/.pnpm/enhanced-resolve@5.20.0/node_modules/enhanced-resolve/lib/DescriptionFilePlugin.js:89:43][0m
    [2m[at /home/yugz/domains/web-dev/salon-booking-app/node_modules/.pnpm/enhanced-resolve@5.20.0/node_modules/enhanced-resolve/lib/Resolver.js:739:5][0m
    [2m[at eval (eval at create (/home/yugz/domains/web-dev/salon-booking-app/node_modules/.pnpm/tapable@2.3.0/node_modules/tapable/lib/HookCodeFactory.js:31:10), <anonymous>:15:1)][0m
    [2m[at /home/yugz/domains/web-dev/salon-booking-app/node_modules/.pnpm/enhanced-resolve@5.20.0/node_modules/enhanced-resolve/lib/Resolver.js:739:5][0m {
  details: "resolve 'tailwindcss' in '/home/yugz/domains/web-dev'\n" +
    '  Parsed request is a module\n' +
    '  using description file: /home/yugz/domains/web-dev/package.json (relative path: .)\n' +
    '    resolve as module\n' +
    '      looking for modules in /home/yugz/domains/web-dev/node_modules\n' +
    '        single file module\n' +
    '          using description file: /home/yugz/domains/web-dev/package.json (relative path: ./node_modules/tailwindcss)\n' +
    '            no extension\n' +
    "              /home/yugz/domains/web-dev/node_modules/tailwindcss doesn't exist\n" +
    '            .css\n' +
    "              /home/yugz/domains/web-dev/node_modules/tailwindcss.css doesn't exist\n" +
    "        /home/yugz/domains/web-dev/node_modules/tailwindcss doesn't exist\n" +
    "      /home/yugz/domains/node_modules doesn't exist or is not a directory\n" +
    "      /home/yugz/node_modules doesn't exist or is not a directory\n" +
    "      /home/node_modules doesn't exist or is not a directory\n" +
    "      /node_modules doesn't exist or is not a directory\n" +
    '      looking for modules in /home/yugz/domains/web-dev/salon-booking-app/node_modules/.pnpm/next@16.1.6_@babel+core@7.29.0_babel-plugin-react-compiler@1.0.0_react-dom@19.2.3_react@19.2.3__react@19.2.3/node_modules/next/dist/bin/node_modules:/home/yugz/domains/web-dev/salon-booking-app/node_modules/.pnpm/next@16.1.6_@babel+core@7.29.0_babel-plugin-react-compiler@1.0.0_react-dom@19.2.3_react@19.2.3__react@19.2.3/node_modules/next/dist/node_modules:/home/yugz/domains/web-dev/salon-booking-app/node_modules/.pnpm/next@16.1.6_@babel+core@7.29.0_babel-plugin-react-compiler@1.0.0_react-dom@19.2.3_react@19.2.3__react@19.2.3/node_modules/next/node_modules:/home/yugz/domains/web-dev/salon-booking-app/node_modules/.pnpm/next@16.1.6_@babel+core@7.29.0_babel-plugin-react-compiler@1.0.0_react-dom@19.2.3_react@19.2.3__react@19.2.3/node_modules:/home/yugz/domains/web-dev/salon-booking-app/node_modules/.pnpm/node_modules\n' +
    '        single file module\n' +
    '          using description file: /home/yugz/domains/web-dev/salon-booking-app/node_modules/.pnpm/next@16.1.6_@babel+core@7.29.0_babel-plugin-react-compiler@1.0.0_react-dom@19.2.3_react@19.2.3__react@19.2.3/node_modules/next/package.json (relative path: ./dist/bin/node_modules:/home/yugz/domains/web-dev/salon-booking-app/node_modules/.pnpm/next@16.1.6_@babel+core@7.29.0_babel-plugin-react-compiler@1.0.0_react-dom@19.2.3_react@19.2.3__react@19.2.3/node_modules/next/dist/node_modules:/home/yugz/domains/web-dev/salon-booking-app/node_modules/.pnpm/next@16.1.6_@babel+core@7.29.0_babel-plugin-react-compiler@1.0.0_react-dom@19.2.3_react@19.2.3__react@19.2.3/node_modules/next/node_modules:/home/yugz/domains/web-dev/salon-booking-app/node_modules/.pnpm/next@16.1.6_@babel+core@7.29.0_babel-plugin-react-compiler@1.0.0_react-dom@19.2.3_react@19.2.3__react@19.2.3/node_modules:/home/yugz/domains/web-dev/salon-booking-app/node_modules/.pnpm/node_modules/tailwindcss)\n' +
    '            no extension\n' +
    "              /home/yugz/domains/web-dev/salon-booking-app/node_modules/.pnpm/next@16.1.6_@babel+core@7.29.0_babel-plugin-react-compiler@1.0.0_react-dom@19.2.3_react@19.2.3__react@19.2.3/node_modules/next/dist/bin/node_modules:/home/yugz/domains/web-dev/salon-booking-app/node_modules/.pnpm/next@16.1.6_@babel+core@7.29.0_babel-plugin-react-compiler@1.0.0_react-dom@19.2.3_react@19.2.3__react@19.2.3/node_modules/next/dist/node_modules:/home/yugz/domains/web-dev/salon-booking-app/node_modules/.pnpm/next@16.1.6_@babel+core@7.29.0_babel-plugin-react-compiler@1.0.0_react-dom@19.2.3_react@19.2.3__react@19.2.3/node_modules/next/node_modules:/home/yugz/domains/web-dev/salon-booking-app/node_modules/.pnpm/next@16.1.6_@babel+core@7.29.0_babel-plugin-react-compiler@1.0.0_react-dom@19.2.3_react@19.2.3__react@19.2.3/node_modules:/home/yugz/domains/web-dev/salon-booking-app/node_modules/.pnpm/node_modules/tailwindcss doesn't exist\n" +
    '            .css\n' +
    "              /home/yugz/domains/web-dev/salon-booking-app/node_modules/.pnpm/next@16.1.6_@babel+core@7.29.0_babel-plugin-react-compiler@1.0.0_react-dom@19.2.3_react@19.2.3__react@19.2.3/node_modules/next/dist/bin/node_modules:/home/yugz/domains/web-dev/salon-booking-app/node_modules/.pnpm/next@16.1.6_@babel+core@7.29.0_babel-plugin-react-compiler@1.0.0_react-dom@19.2.3_react@19.2.3__react@19.2.3/node_modules/next/dist/node_modules:/home/yugz/domains/web-dev/salon-booking-app/node_modules/.pnpm/next@16.1.6_@babel+core@7.29.0_babel-plugin-react-compiler@1.0.0_react-dom@19.2.3_react@19.2.3__react@19.2.3/node_modules/next/node_modules:/home/yugz/domains/web-dev/salon-booking-app/node_modules/.pnpm/next@16.1.6_@babel+core@7.29.0_babel-plugin-react-compiler@1.0.0_react-dom@19.2.3_react@19.2.3__react@19.2.3/node_modules:/home/yugz/domains/web-dev/salon-booking-app/node_modules/.pnpm/node_modules/tailwindcss.css doesn't exist\n" +
    "        /home/yugz/domains/web-dev/salon-booking-app/node_modules/.pnpm/next@16.1.6_@babel+core@7.29.0_babel-plugin-react-compiler@1.0.0_react-dom@19.2.3_react@19.2.3__react@19.2.3/node_modules/next/dist/bin/node_modules:/home/yugz/domains/web-dev/salon-booking-app/node_modules/.pnpm/next@16.1.6_@babel+core@7.29.0_babel-plugin-react-compiler@1.0.0_react-dom@19.2.3_react@19.2.3__react@19.2.3/node_modules/next/dist/node_modules:/home/yugz/domains/web-dev/salon-booking-app/node_modules/.pnpm/next@16.1.6_@babel+core@7.29.0_babel-plugin-react-compiler@1.0.0_react-dom@19.2.3_react@19.2.3__react@19.2.3/node_modules/next/node_modules:/home/yugz/domains/web-dev/salon-booking-app/node_modules/.pnpm/next@16.1.6_@babel+core@7.29.0_babel-plugin-react-compiler@1.0.0_react-dom@19.2.3_react@19.2.3__react@19.2.3/node_modules:/home/yugz/domains/web-dev/salon-booking-app/node_modules/.pnpm/node_modules/tailwindcss doesn't exist"
}
○ Compiling / ...
Error: Can't resolve 'tailwindcss' in '/home/yugz/domains/web-dev'
    [2m[at finishWithoutResolve (/home/yugz/domains/web-dev/salon-booking-app/node_modules/.pnpm/enhanced-resolve@5.20.0/node_modules/enhanced-resolve/lib/Resolver.js:586:18)][0m
    [2m[at /home/yugz/domains/web-dev/salon-booking-app/node_modules/.pnpm/enhanced-resolve@5.20.0/node_modules/enhanced-resolve/lib/Resolver.js:678:14][0m
    [2m[at /home/yugz/domains/web-dev/salon-booking-app/node_modules/.pnpm/enhanced-resolve@5.20.0/node_modules/enhanced-resolve/lib/Resolver.js:739:5][0m
    [2m[at eval (eval at create (/home/yugz/domains/web-dev/salon-booking-app/node_modules/.pnpm/tapable@2.3.0/node_modules/tapable/lib/HookCodeFactory.js:31:10), <anonymous>:15:1)][0m
    [2m[at /home/yugz/domains/web-dev/salon-booking-app/node_modules/.pnpm/enhanced-resolve@5.20.0/node_modules/enhanced-resolve/lib/Resolver.js:739:5][0m
    [2m[at eval (eval at create (/home/yugz/domains/web-dev/salon-booking-app/node_modules/.pnpm/tapable@2.3.0/node_modules/tapable/lib/HookCodeFactory.js:31:10), <anonymous>:27:1)][0m
    [2m[at /home/yugz/domains/web-dev/salon-booking-app/node_modules/.pnpm/enhanced-resolve@5.20.0/node_modules/enhanced-resolve/lib/DescriptionFilePlugin.js:89:43][0m
    [2m[at /home/yugz/domains/web-dev/salon-booking-app/node_modules/.pnpm/enhanced-resolve@5.20.0/node_modules/enhanced-resolve/lib/Resolver.js:739:5][0m
    [2m[at eval (eval at create (/home/yugz/domains/web-dev/salon-booking-app/node_modules/.pnpm/tapable@2.3.0/node_modules/tapable/lib/HookCodeFactory.js:31:10), <anonymous>:15:1)][0m
    [2m[at /home/yugz/domains/web-dev/salon-booking-app/node_modules/.pnpm/enhanced-resolve@5.20.0/node_modules/enhanced-resolve/lib/Resolver.js:739:5][0m {
  details: "resolve 'tailwindcss' in '/home/yugz/domains/web-dev'\n" +
    '  Parsed request is a module\n' +
    '  using description file: /home/yugz/domains/web-dev/package.json (relative path: .)\n' +
    '    resolve as module\n' +
    '      looking for modules in /home/yugz/domains/web-dev/node_modules\n' +
    '        single file module\n' +
    '          using description file: /home/yugz/domains/web-dev/package.json (relative path: ./node_modules/tailwindcss)\n' +
    '            no extension\n' +
    "              /home/yugz/domains/web-dev/node_modules/tailwindcss doesn't exist\n" +
    '            .css\n' +
    "              /home/yugz/domains/web-dev/node_modules/tailwindcss.css doesn't exist\n" +
    "        /home/yugz/domains/web-dev/node_modules/tailwindcss doesn't exist\n" +
    "      /home/yugz/domains/node_modules doesn't exist or is not a directory\n" +
    "      /home/yugz/node_modules doesn't exist or is not a directory\n" +
    "      /home/node_modules doesn't exist or is not a directory\n" +
    "      /node_modules doesn't exist or is not a directory\n" +
    '      looking for modules in /home/yugz/domains/web-dev/salon-booking-app/node_modules/.pnpm/next@16.1.6_@babel+core@7.29.0_babel-plugin-react-compiler@1.0.0_react-dom@19.2.3_react@19.2.3__react@19.2.3/node_modules/next/dist/bin/node_modules:/home/yugz/domains/web-dev/salon-booking-app/node_modules/.pnpm/next@16.1.6_@babel+core@7.29.0_babel-plugin-react-compiler@1.0.0_react-dom@19.2.3_react@19.2.3__react@19.2.3/node_modules/next/dist/node_modules:/home/yugz/domains/web-dev/salon-booking-app/node_modules/.pnpm/next@16.1.6_@babel+core@7.29.0_babel-plugin-react-compiler@1.0.0_react-dom@19.2.3_react@19.2.3__react@19.2.3/node_modules/next/node_modules:/home/yugz/domains/web-dev/salon-booking-app/node_modules/.pnpm/next@16.1.6_@babel+core@7.29.0_babel-plugin-react-compiler@1.0.0_react-dom@19.2.3_react@19.2.3__react@19.2.3/node_modules:/home/yugz/domains/web-dev/salon-booking-app/node_modules/.pnpm/node_modules\n' +
    '        single file module\n' +
    '          using description file: /home/yugz/domains/web-dev/salon-booking-app/node_modules/.pnpm/next@16.1.6_@babel+core@7.29.0_babel-plugin-react-compiler@1.0.0_react-dom@19.2.3_react@19.2.3__react@19.2.3/node_modules/next/package.json (relative path: ./dist/bin/node_modules:/home/yugz/domains/web-dev/salon-booking-app/node_modules/.pnpm/next@16.1.6_@babel+core@7.29.0_babel-plugin-react-compiler@1.0.0_react-dom@19.2.3_react@19.2.3__react@19.2.3/node_modules/next/dist/node_modules:/home/yugz/domains/web-dev/salon-booking-app/node_modules/.pnpm/next@16.1.6_@babel+core@7.29.0_babel-plugin-react-compiler@1.0.0_react-dom@19.2.3_react@19.2.3__react@19.2.3/node_modules/next/node_modules:/home/yugz/domains/web-dev/salon-booking-app/node_modules/.pnpm/next@16.1.6_@babel+core@7.29.0_babel-plugin-react-compiler@1.0.0_react-dom@19.2.3_react@19.2.3__react@19.2.3/node_modules:/home/yugz/domains/web-dev/salon-booking-app/node_modules/.pnpm/node_modules/tailwindcss)\n' +
    '            no extension\n' +
    "              /home/yugz/domains/web-dev/salon-booking-app/node_modules/.pnpm/next@16.1.6_@babel+core@7.29.0_babel-plugin-react-compiler@1.0.0_react-dom@19.2.3_react@19.2.3__react@19.2.3/node_modules/next/dist/bin/node_modules:/home/yugz/domains/web-dev/salon-booking-app/node_modules/.pnpm/next@16.1.6_@babel+core@7.29.0_babel-plugin-react-compiler@1.0.0_react-dom@19.2.3_react@19.2.3__react@19.2.3/node_modules/next/dist/node_modules:/home/yugz/domains/web-dev/salon-booking-app/node_modules/.pnpm/next@16.1.6_@babel+core@7.29.0_babel-plugin-react-compiler@1.0.0_react-dom@19.2.3_react@19.2.3__react@19.2.3/node_modules/next/node_modules:/home/yugz/domains/web-dev/salon-booking-app/node_modules/.pnpm/next@16.1.6_@babel+core@7.29.0_babel-plugin-react-compiler@1.0.0_react-dom@19.2.3_react@19.2.3__react@19.2.3/node_modules:/home/yugz/domains/web-dev/salon-booking-app/node_modules/.pnpm/node_modules/tailwindcss doesn't exist\n" +
    '            .css\n' +
    "              /home/yugz/domains/web-dev/salon-booking-app/node_modules/.pnpm/next@16.1.6_@babel+core@7.29.0_babel-plugin-react-compiler@1.0.0_react-dom@19.2.3_react@19.2.3__react@19.2.3/node_modules/next/dist/bin/node_modules:/home/yugz/domains/web-dev/salon-booking-app/node_modules/.pnpm/next@16.1.6_@babel+core@7.29.0_babel-plugin-react-compiler@1.0.0_react-dom@19.2.3_react@19.2.3__react@19.2.3/node_modules/next/dist/node_modules:/home/yugz/domains/web-dev/salon-booking-app/node_modules/.pnpm/next@16.1.6_@babel+core@7.29.0_babel-plugin-react-compiler@1.0.0_react-dom@19.2.3_react@19.2.3__react@19.2.3/node_modules/next/node_modules:/home/yugz/domains/web-dev/salon-booking-app/node_modules/.pnpm/next@16.1.6_@babel+core@7.29.0_babel-plugin-react-compiler@1.0.0_react-dom@19.2.3_react@19.2.3__react@19.2.3/node_modules:/home/yugz/domains/web-dev/salon-booking-app/node_modules/.pnpm/node_modules/tailwindcss.css doesn't exist\n" +
    "        /home/yugz/domains/web-dev/salon-booking-app/node_modules/.pnpm/next@16.1.6_@babel+core@7.29.0_babel-plugin-react-compiler@1.0.0_react-dom@19.2.3_react@19.2.3__react@19.2.3/node_modules/next/dist/bin/node_modules:/home/yugz/domains/web-dev/salon-booking-app/node_modules/.pnpm/next@16.1.6_@babel+core@7.29.0_babel-plugin-react-compiler@1.0.0_react-dom@19.2.3_react@19.2.3__react@19.2.3/node_modules/next/dist/node_modules:/home/yugz/domains/web-dev/salon-booking-app/node_modules/.pnpm/next@16.1.6_@babel+core@7.29.0_babel-plugin-react-compiler@1.0.0_react-dom@19.2.3_react@19.2.3__react@19.2.3/node_modules/next/node_modules:/home/yugz/domains/web-dev/salon-booking-app/node_modules/.pnpm/next@16.1.6_@babel+core@7.29.0_babel-plugin-react-compiler@1.0.0_react-dom@19.2.3_react@19.2.3__react@19.2.3/node_modules:/home/yugz/domains/web-dev/salon-booking-app/node_modules/.pnpm/node_modules/tailwindcss doesn't exist"
}
Error: Can't resolve 'tailwindcss' in '/home/yugz/domains/web-dev'
    [2m[at finishWithoutResolve (/home/yugz/domains/web-dev/salon-booking-app/node_modules/.pnpm/enhanced-resolve@5.20.0/node_modules/enhanced-resolve/lib/Resolver.js:586:18)][0m
    [2m[at /home/yugz/domains/web-dev/salon-booking-app/node_modules/.pnpm/enhanced-resolve@5.20.0/node_modules/enhanced-resolve/lib/Resolver.js:678:14][0m
    [2m[at /home/yugz/domains/web-dev/salon-booking-app/node_modules/.pnpm/enhanced-resolve@5.20.0/node_modules/enhanced-resolve/lib/Resolver.js:739:5][0m
    [2m[at eval (eval at create (/home/yugz/domains/web-dev/salon-booking-app/node_modules/.pnpm/tapable@2.3.0/node_modules/tapable/lib/HookCodeFactory.js:31:10), <anonymous>:15:1)][0m
    [2m[at /home/yugz/domains/web-dev/salon-booking-app/node_modules/.pnpm/enhanced-resolve@5.20.0/node_modules/enhanced-resolve/lib/Resolver.js:739:5][0m
    [2m[at eval (eval at create (/home/yugz/domains/web-dev/salon-booking-app/node_modules/.pnpm/tapable@2.3.0/node_modules/tapable/lib/HookCodeFactory.js:31:10), <anonymous>:27:1)][0m
    [2m[at /home/yugz/domains/web-dev/salon-booking-app/node_modules/.pnpm/enhanced-resolve@5.20.0/node_modules/enhanced-resolve/lib/DescriptionFilePlugin.js:89:43][0m
    [2m[at /home/yugz/domains/web-dev/salon-booking-app/node_modules/.pnpm/enhanced-resolve@5.20.0/node_modules/enhanced-resolve/lib/Resolver.js:739:5][0m
    [2m[at eval (eval at create (/home/yugz/domains/web-dev/salon-booking-app/node_modules/.pnpm/tapable@2.3.0/node_modules/tapable/lib/HookCodeFactory.js:31:10), <anonymous>:15:1)][0m
    [2m[at /home/yugz/domains/web-dev/salon-booking-app/node_modules/.pnpm/enhanced-resolve@5.20.0/node_modules/enhanced-resolve/lib/Resolver.js:739:5][0m {
  details: "resolve 'tailwindcss' in '/home/yugz/domains/web-dev'\n" +
    '  Parsed request is a module\n' +
    '  using description file: /home/yugz/domains/web-dev/package.json (relative path: .)\n' +
    '    resolve as module\n' +
    '      looking for modules in /home/yugz/domains/web-dev/node_modules\n' +
    '        single file module\n' +
    '          using description file: /home/yugz/domains/web-dev/package.json (relative path: ./node_modules/tailwindcss)\n' +
    '            no extension\n' +
    "              /home/yugz/domains/web-dev/node_modules/tailwindcss doesn't exist\n" +
    '            .css\n' +
    "              /home/yugz/domains/web-dev/node_modules/tailwindcss.css doesn't exist\n" +
    "        /home/yugz/domains/web-dev/node_modules/tailwindcss doesn't exist\n" +
    "      /home/yugz/domains/node_modules doesn't exist or is not a directory\n" +
    "      /home/yugz/node_modules doesn't exist or is not a directory\n" +
    "      /home/node_modules doesn't exist or is not a directory\n" +
    "      /node_modules doesn't exist or is not a directory\n" +
    '      looking for modules in /home/yugz/domains/web-dev/salon-booking-app/node_modules/.pnpm/next@16.1.6_@babel+core@7.29.0_babel-plugin-react-compiler@1.0.0_react-dom@19.2.3_react@19.2.3__react@19.2.3/node_modules/next/dist/bin/node_modules:/home/yugz/domains/web-dev/salon-booking-app/node_modules/.pnpm/next@16.1.6_@babel+core@7.29.0_babel-plugin-react-compiler@1.0.0_react-dom@19.2.3_react@19.2.3__react@19.2.3/node_modules/next/dist/node_modules:/home/yugz/domains/web-dev/salon-booking-app/node_modules/.pnpm/next@16.1.6_@babel+core@7.29.0_babel-plugin-react-compiler@1.0.0_react-dom@19.2.3_react@19.2.3__react@19.2.3/node_modules/next/node_modules:/home/yugz/domains/web-dev/salon-booking-app/node_modules/.pnpm/next@16.1.6_@babel+core@7.29.0_babel-plugin-react-compiler@1.0.0_react-dom@19.2.3_react@19.2.3__react@19.2.3/node_modules:/home/yugz/domains/web-dev/salon-booking-app/node_modules/.pnpm/node_modules\n' +
    '        single file module\n' +
    '          using description file: /home/yugz/domains/web-dev/salon-booking-app/node_modules/.pnpm/next@16.1.6_@babel+core@7.29.0_babel-plugin-react-compiler@1.0.0_react-dom@19.2.3_react@19.2.3__react@19.2.3/node_modules/next/package.json (relative path: ./dist/bin/node_modules:/home/yugz/domains/web-dev/salon-booking-app/node_modules/.pnpm/next@16.1.6_@babel+core@7.29.0_babel-plugin-react-compiler@1.0.0_react-dom@19.2.3_react@19.2.3__react@19.2.3/node_modules/next/dist/node_modules:/home/yugz/domains/web-dev/salon-booking-app/node_modules/.pnpm/next@16.1.6_@babel+core@7.29.0_babel-plugin-react-compiler@1.0.0_react-dom@19.2.3_react@19.2.3__react@19.2.3/node_modules/next/node_modules:/home/yugz/domains/web-dev/salon-booking-app/node_modules/.pnpm/next@16.1.6_@babel+core@7.29.0_babel-plugin-react-compiler@1.0.0_react-dom@19.2.3_react@19.2.3__react@19.2.3/node_modules:/home/yugz/domains/web-dev/salon-booking-app/node_modules/.pnpm/node_modules/tailwindcss)\n' +
    '            no extension\n' +
    "              /home/yugz/domains/web-dev/salon-booking-app/node_modules/.pnpm/next@16.1.6_@babel+core@7.29.0_babel-plugin-react-compiler@1.0.0_react-dom@19.2.3_react@19.2.3__react@19.2.3/node_modules/next/dist/bin/node_modules:/home/yugz/domains/web-dev/salon-booking-app/node_modules/.pnpm/next@16.1.6_@babel+core@7.29.0_babel-plugin-react-compiler@1.0.0_react-dom@19.2.3_react@19.2.3__react@19.2.3/node_modules/next/dist/node_modules:/home/yugz/domains/web-dev/salon-booking-app/node_modules/.pnpm/next@16.1.6_@babel+core@7.29.0_babel-plugin-react-compiler@1.0.0_react-dom@19.2.3_react@19.2.3__react@19.2.3/node_modules/next/node_modules:/home/yugz/domains/web-dev/salon-booking-app/node_modules/.pnpm/next@16.1.6_@babel+core@7.29.0_babel-plugin-react-compiler@1.0.0_react-dom@19.2.3_react@19.2.3__react@19.2.3/node_modules:/home/yugz/domains/web-dev/salon-booking-app/node_modules/.pnpm/node_modules/tailwindcss doesn't exist\n" +
    '            .css\n' +
    "              /home/yugz/domains/web-dev/salon-booking-app/node_modules/.pnpm/next@16.1.6_@babel+core@7.29.0_babel-plugin-react-compiler@1.0.0_react-dom@19.2.3_react@19.2.3__react@19.2.3/node_modules/next/dist/bin/node_modules:/home/yugz/domains/web-dev/salon-booking-app/node_modules/.pnpm/next@16.1.6_@babel+core@7.29.0_babel-plugin-react-compiler@1.0.0_react-dom@19.2.3_react@19.2.3__react@19.2.3/node_modules/next/dist/node_modules:/home/yugz/domains/web-dev/salon-booking-app/node_modules/.pnpm/next@16.1.6_@babel+core@7.29.0_babel-plugin-react-compiler@1.0.0_react-dom@19.2.3_react@19.2.3__react@19.2.3/node_modules/next/node_modules:/home/yugz/domains/web-dev/salon-booking-app/node_modules/.pnpm/next@16.1.6_@babel+core@7.29.0_babel-plugin-react-compiler@1.0.0_react-dom@19.2.3_react@19.2.3__react@19.2.3/node_modules:/home/yugz/domains/web-dev/salon-booking-app/node_modules/.pnpm/node_modules/tailwindcss.css doesn't exist\n" +
    "        /home/yugz/domains/web-dev/salon-booking-app/node_modules/.pnpm/next@16.1.6_@babel+core@7.29.0_babel-plugin-react-compiler@1.0.0_react-dom@19.2.3_react@19.2.3__react@19.2.3/node_modules/next/dist/bin/node_modules:/home/yugz/domains/web-dev/salon-booking-app/node_modules/.pnpm/next@16.1.6_@babel+core@7.29.0_babel-plugin-react-compiler@1.0.0_react-dom@19.2.3_react@19.2.3__react@19.2.3/node_modules/next/dist/node_modules:/home/yugz/domains/web-dev/salon-booking-app/node_modules/.pnpm/next@16.1.6_@babel+core@7.29.0_babel-plugin-react-compiler@1.0.0_react-dom@19.2.3_react@19.2.3__react@19.2.3/node_modules/next/node_modules:/home/yugz/domains/web-dev/salon-booking-app/node_modules/.pnpm/next@16.1.6_@babel+core@7.29.0_babel-plugin-react-compiler@1.0.0_react-dom@19.2.3_react@19.2.3__react@19.2.3/node_modules:/home/yugz/domains/web-dev/salon-booking-app/node_modules/.pnpm/node_modules/tailwindcss doesn't exist"
}
Error: Can't resolve 'tailwindcss' in '/home/yugz/domains/web-dev'
    [2m[at finishWithoutResolve (/home/yugz/domains/web-dev/salon-booking-app/node_modules/.pnpm/enhanced-resolve@5.20.0/node_modules/enhanced-resolve/lib/Resolver.js:586:18)][0m
    [2m[at /home/yugz/domains/web-dev/salon-booking-app/node_modules/.pnpm/enhanced-resolve@5.20.0/node_modules/enhanced-resolve/lib/Resolver.js:678:14][0m
    [2m[at /home/yugz/domains/web-dev/salon-booking-app/node_modules/.pnpm/enhanced-resolve@5.20.0/node_modules/enhanced-resolve/lib/Resolver.js:739:5][0m
    [2m[at eval (eval at create (/home/yugz/domains/web-dev/salon-booking-app/node_modules/.pnpm/tapable@2.3.0/node_modules/tapable/lib/HookCodeFactory.js:31:10), <anonymous>:15:1)][0m
    [2m[at /home/yugz/domains/web-dev/salon-booking-app/node_modules/.pnpm/enhanced-resolve@5.20.0/node_modules/enhanced-resolve/lib/Resolver.js:739:5][0m
    [2m[at eval (eval at create (/home/yugz/domains/web-dev/salon-booking-app/node_modules/.pnpm/tapable@2.3.0/node_modules/tapable/lib/HookCodeFactory.js:31:10), <anonymous>:27:1)][0m
    [2m[at /home/yugz/domains/web-dev/salon-booking-app/node_modules/.pnpm/enhanced-resolve@5.20.0/node_modules/enhanced-resolve/lib/DescriptionFilePlugin.js:89:43][0m
    [2m[at /home/yugz/domains/web-dev/salon-booking-app/node_modules/.pnpm/enhanced-resolve@5.20.0/node_modules/enhanced-resolve/lib/Resolver.js:739:5][0m
    [2m[at eval (eval at create (/home/yugz/domains/web-dev/salon-booking-app/node_modules/.pnpm/tapable@2.3.0/node_modules/tapable/lib/HookCodeFactory.js:31:10), <anonymous>:15:1)][0m
    [2m[at /home/yugz/domains/web-dev/salon-booking-app/node_modules/.pnpm/enhanced-resolve@5.20.0/node_modules/enhanced-resolve/lib/Resolver.js:739:5][0m {
  details: "resolve 'tailwindcss' in '/home/yugz/domains/web-dev'\n" +
    '  Parsed request is a module\n' +
    '  using description file: /home/yugz/domains/web-dev/package.json (relative path: .)\n' +
    '    resolve as module\n' +
    '      looking for modules in /home/yugz/domains/web-dev/node_modules\n' +
    '        single file module\n' +
    '          using description file: /home/yugz/domains/web-dev/package.json (relative path: ./node_modules/tailwindcss)\n' +
    '            no extension\n' +
    "              /home/yugz/domains/web-dev/node_modules/tailwindcss doesn't exist\n" +
    '            .css\n' +
    "              /home/yugz/domains/web-dev/node_modules/tailwindcss.css doesn't exist\n" +
    "        /home/yugz/domains/web-dev/node_modules/tailwindcss doesn't exist\n" +
    "      /home/yugz/domains/node_modules doesn't exist or is not a directory\n" +
    "      /home/yugz/node_modules doesn't exist or is not a directory\n" +
    "      /home/node_modules doesn't exist or is not a directory\n" +
    "      /node_modules doesn't exist or is not a directory\n" +
    '      looking for modules in /home/yugz/domains/web-dev/salon-booking-app/node_modules/.pnpm/next@16.1.6_@babel+core@7.29.0_babel-plugin-react-compiler@1.0.0_react-dom@19.2.3_react@19.2.3__react@19.2.3/node_modules/next/dist/bin/node_modules:/home/yugz/domains/web-dev/salon-booking-app/node_modules/.pnpm/next@16.1.6_@babel+core@7.29.0_babel-plugin-react-compiler@1.0.0_react-dom@19.2.3_react@19.2.3__react@19.2.3/node_modules/next/dist/node_modules:/home/yugz/domains/web-dev/salon-booking-app/node_modules/.pnpm/next@16.1.6_@babel+core@7.29.0_babel-plugin-react-compiler@1.0.0_react-dom@19.2.3_react@19.2.3__react@19.2.3/node_modules/next/node_modules:/home/yugz/domains/web-dev/salon-booking-app/node_modules/.pnpm/next@16.1.6_@babel+core@7.29.0_babel-plugin-react-compiler@1.0.0_react-dom@19.2.3_react@19.2.3__react@19.2.3/node_modules:/home/yugz/domains/web-dev/salon-booking-app/node_modules/.pnpm/node_modules\n' +
    '        single file module\n' +
    '          using description file: /home/yugz/domains/web-dev/salon-booking-app/node_modules/.pnpm/next@16.1.6_@babel+core@7.29.0_babel-plugin-react-compiler@1.0.0_react-dom@19.2.3_react@19.2.3__react@19.2.3/node_modules/next/package.json (relative path: ./dist/bin/node_modules:/home/yugz/domains/web-dev/salon-booking-app/node_modules/.pnpm/next@16.1.6_@babel+core@7.29.0_babel-plugin-react-compiler@1.0.0_react-dom@19.2.3_react@19.2.3__react@19.2.3/node_modules/next/dist/node_modules:/home/yugz/domains/web-dev/salon-booking-app/node_modules/.pnpm/next@16.1.6_@babel+core@7.29.0_babel-plugin-react-compiler@1.0.0_react-dom@19.2.3_react@19.2.3__react@19.2.3/node_modules/next/node_modules:/home/yugz/domains/web-dev/salon-booking-app/node_modules/.pnpm/next@16.1.6_@babel+core@7.29.0_babel-plugin-react-compiler@1.0.0_react-dom@19.2.3_react@19.2.3__react@19.2.3/node_modules:/home/yugz/domains/web-dev/salon-booking-app/node_modules/.pnpm/node_modules/tailwindcss)\n' +
    '            no extension\n' +
    "              /home/yugz/domains/web-dev/salon-booking-app/node_modules/.pnpm/next@16.1.6_@babel+core@7.29.0_babel-plugin-react-compiler@1.0.0_react-dom@19.2.3_react@19.2.3__react@19.2.3/node_modules/next/dist/bin/node_modules:/home/yugz/domains/web-dev/salon-booking-app/node_modules/.pnpm/next@16.1.6_@babel+core@7.29.0_babel-plugin-react-compiler@1.0.0_react-dom@19.2.3_react@19.2.3__react@19.2.3/node_modules/next/dist/node_modules:/home/yugz/domains/web-dev/salon-booking-app/node_modules/.pnpm/next@16.1.6_@babel+core@7.29.0_babel-plugin-react-compiler@1.0.0_react-dom@19.2.3_react@19.2.3__react@19.2.3/node_modules/next/node_modules:/home/yugz/domains/web-dev/salon-booking-app/node_modules/.pnpm/next@16.1.6_@babel+core@7.29.0_babel-plugin-react-compiler@1.0.0_react-dom@19.2.3_react@19.2.3__react@19.2.3/node_modules:/home/yugz/domains/web-dev/salon-booking-app/node_modules/.pnpm/node_modules/tailwindcss doesn't exist\n" +
    '            .css\n' +
    "              /home/yugz/domains/web-dev/salon-booking-app/node_modules/.pnpm/next@16.1.6_@babel+core@7.29.0_babel-plugin-react-compiler@1.0.0_react-dom@19.2.3_react@19.2.3__react@19.2.3/node_modules/next/dist/bin/node_modules:/home/yugz/domains/web-dev/salon-booking-app/node_modules/.pnpm/next@16.1.6_@babel+core@7.29.0_babel-plugin-react-compiler@1.0.0_react-dom@19.2.3_react@19.2.3__react@19.2.3/node_modules/next/dist/node_modules:/home/yugz/domains/web-dev/salon-booking-app/node_modules/.pnpm/next@16.1.6_@babel+core@7.29.0_babel-plugin-react-compiler@1.0.0_react-dom@19.2.3_react@19.2.3__react@19.2.3/node_modules/next/node_modules:/home/yugz/domains/web-dev/salon-booking-app/node_modules/.pnpm/next@16.1.6_@babel+core@7.29.0_babel-plugin-react-compiler@1.0.0_react-dom@19.2.3_react@19.2.3__react@19.2.3/node_modules:/home/yugz/domains/web-dev/salon-booking-app/node_modules/.pnpm/node_modules/tailwindcss.css doesn't exist\n" +
    "        /home/yugz/domains/web-dev/salon-booking-app/node_modules/.pnpm/next@16.1.6_@babel+core@7.29.0_babel-plugin-react-compiler@1.0.0_react-dom@19.2.3_react@19.2.3__react@19.2.3/node_modules/next/dist/bin/node_modules:/home/yugz/domains/web-dev/salon-booking-app/node_modules/.pnpm/next@16.1.6_@babel+core@7.29.0_babel-plugin-react-compiler@1.0.0_react-dom@19.2.3_react@19.2.3__react@19.2.3/node_modules/next/dist/node_modules:/home/yugz/domains/web-dev/salon-booking-app/node_modules/.pnpm/next@16.1.6_@babel+core@7.29.0_babel-plugin-react-compiler@1.0.0_react-dom@19.2.3_react@19.2.3__react@19.2.3/node_modules/next/node_modules:/home/yugz/domains/web-dev/salon-booking-app/node_modules/.pnpm/next@16.1.6_@babel+core@7.29.0_babel-plugin-react-compiler@1.0.0_react-dom@19.2.3_react@19.2.3__react@19.2.3/node_modules:/home/yugz/domains/web-dev/salon-booking-app/node_modules/.pnpm/node_modules/tailwindcss doesn't exist"
}
Error: Can't resolve 'tailwindcss' in '/home/yugz/domains/web-dev'
    [2m[at finishWithoutResolve (/home/yugz/domains/web-dev/salon-booking-app/node_modules/.pnpm/enhanced-resolve@5.20.0/node_modules/enhanced-resolve/lib/Resolver.js:586:18)][0m
    [2m[at /home/yugz/domains/web-dev/salon-booking-app/node_modules/.pnpm/enhanced-resolve@5.20.0/node_modules/enhanced-resolve/lib/Resolver.js:678:14][0m
    [2m[at /home/yugz/domains/web-dev/salon-booking-app/node_modules/.pnpm/enhanced-resolve@5.20.0/node_modules/enhanced-resolve/lib/Resolver.js:739:5][0m
    [2m[at eval (eval at create (/home/yugz/domains/web-dev/salon-booking-app/node_modules/.pnpm/tapable@2.3.0/node_modules/tapable/lib/HookCodeFactory.js:31:10), <anonymous>:15:1)][0m
    [2m[at /home/yugz/domains/web-dev/salon-booking-app/node_modules/.pnpm/enhanced-resolve@5.20.0/node_modules/enhanced-resolve/lib/Resolver.js:739:5][0m
    [2m[at eval (eval at create (/home/yugz/domains/web-dev/salon-booking-app/node_modules/.pnpm/tapable@2.3.0/node_modules/tapable/lib/HookCodeFactory.js:31:10), <anonymous>:27:1)][0m
    [2m[at /home/yugz/domains/web-dev/salon-booking-app/node_modules/.pnpm/enhanced-resolve@5.20.0/node_modules/enhanced-resolve/lib/DescriptionFilePlugin.js:89:43][0m
    [2m[at /home/yugz/domains/web-dev/salon-booking-app/node_modules/.pnpm/enhanced-resolve@5.20.0/node_modules/enhanced-resolve/lib/Resolver.js:739:5][0m
    [2m[at eval (eval at create (/home/yugz/domains/web-dev/salon-booking-app/node_modules/.pnpm/tapable@2.3.0/node_modules/tapable/lib/HookCodeFactory.js:31:10), <anonymous>:15:1)][0m
    [2m[at /home/yugz/domains/web-dev/salon-booking-app/node_modules/.pnpm/enhanced-resolve@5.20.0/node_modules/enhanced-resolve/lib/Resolver.js:739:5][0m {
  details: "resolve 'tailwindcss' in '/home/yugz/domains/web-dev'\n" +
    '  Parsed request is a module\n' +
    '  using description file: /home/yugz/domains/web-dev/package.json (relative path: .)\n' +
    '    resolve as module\n' +
    '      looking for modules in /home/yugz/domains/web-dev/node_modules\n' +
    '        single file module\n' +
    '          using description file: /home/yugz/domains/web-dev/package.json (relative path: ./node_modules/tailwindcss)\n' +
    '            no extension\n' +
    "              /home/yugz/domains/web-dev/node_modules/tailwindcss doesn't exist\n" +
    '            .css\n' +
    "              /home/yugz/domains/web-dev/node_modules/tailwindcss.css doesn't exist\n" +
    "        /home/yugz/domains/web-dev/node_modules/tailwindcss doesn't exist\n" +
    "      /home/yugz/domains/node_modules doesn't exist or is not a directory\n" +
    "      /home/yugz/node_modules doesn't exist or is not a directory\n" +
    "      /home/node_modules doesn't exist or is not a directory\n" +
    "      /node_modules doesn't exist or is not a directory\n" +
    '      looking for modules in /home/yugz/domains/web-dev/salon-booking-app/node_modules/.pnpm/next@16.1.6_@babel+core@7.29.0_babel-plugin-react-compiler@1.0.0_react-dom@19.2.3_react@19.2.3__react@19.2.3/node_modules/next/dist/bin/node_modules:/home/yugz/domains/web-dev/salon-booking-app/node_modules/.pnpm/next@16.1.6_@babel+core@7.29.0_babel-plugin-react-compiler@1.0.0_react-dom@19.2.3_react@19.2.3__react@19.2.3/node_modules/next/dist/node_modules:/home/yugz/domains/web-dev/salon-booking-app/node_modules/.pnpm/next@16.1.6_@babel+core@7.29.0_babel-plugin-react-compiler@1.0.0_react-dom@19.2.3_react@19.2.3__react@19.2.3/node_modules/next/node_modules:/home/yugz/domains/web-dev/salon-booking-app/node_modules/.pnpm/next@16.1.6_@babel+core@7.29.0_babel-plugin-react-compiler@1.0.0_react-dom@19.2.3_react@19.2.3__react@19.2.3/node_modules:/home/yugz/domains/web-dev/salon-booking-app/node_modules/.pnpm/node_modules\n' +
    '        single file module\n' +
    '          using description file: /home/yugz/domains/web-dev/salon-booking-app/node_modules/.pnpm/next@16.1.6_@babel+core@7.29.0_babel-plugin-react-compiler@1.0.0_react-dom@19.2.3_react@19.2.3__react@19.2.3/node_modules/next/package.json (relative path: ./dist/bin/node_modules:/home/yugz/domains/web-dev/salon-booking-app/node_modules/.pnpm/next@16.1.6_@babel+core@7.29.0_babel-plugin-react-compiler@1.0.0_react-dom@19.2.3_react@19.2.3__react@19.2.3/node_modules/next/dist/node_modules:/home/yugz/domains/web-dev/salon-booking-app/node_modules/.pnpm/next@16.1.6_@babel+core@7.29.0_babel-plugin-react-compiler@1.0.0_react-dom@19.2.3_react@19.2.3__react@19.2.3/node_modules/next/node_modules:/home/yugz/domains/web-dev/salon-booking-app/node_modules/.pnpm/next@16.1.6_@babel+core@7.29.0_babel-plugin-react-compiler@1.0.0_react-dom@19.2.3_react@19.2.3__react@19.2.3/node_modules:/home/yugz/domains/web-dev/salon-booking-app/node_modules/.pnpm/node_modules/tailwindcss)\n' +
    '            no extension\n' +
    "              /home/yugz/domains/web-dev/salon-booking-app/node_modules/.pnpm/next@16.1.6_@babel+core@7.29.0_babel-plugin-react-compiler@1.0.0_react-dom@19.2.3_react@19.2.3__react@19.2.3/node_modules/next/dist/bin/node_modules:/home/yugz/domains/web-dev/salon-booking-app/node_modules/.pnpm/next@16.1.6_@babel+core@7.29.0_babel-plugin-react-compiler@1.0.0_react-dom@19.2.3_react@19.2.3__react@19.2.3/node_modules/next/dist/node_modules:/home/yugz/domains/web-dev/salon-booking-app/node_modules/.pnpm/next@16.1.6_@babel+core@7.29.0_babel-plugin-react-compiler@1.0.0_react-dom@19.2.3_react@19.2.3__react@19.2.3/node_modules/next/node_modules:/home/yugz/domains/web-dev/salon-booking-app/node_modules/.pnpm/next@16.1.6_@babel+core@7.29.0_babel-plugin-react-compiler@1.0.0_react-dom@19.2.3_react@19.2.3__react@19.2.3/node_modules:/home/yugz/domains/web-dev/salon-booking-app/node_modules/.pnpm/node_modules/tailwindcss doesn't exist\n" +
    '            .css\n' +
    "              /home/yugz/domains/web-dev/salon-booking-app/node_modules/.pnpm/next@16.1.6_@babel+core@7.29.0_babel-plugin-react-compiler@1.0.0_react-dom@19.2.3_react@19.2.3__react@19.2.3/node_modules/next/dist/bin/node_modules:/home/yugz/domains/web-dev/salon-booking-app/node_modules/.pnpm/next@16.1.6_@babel+core@7.29.0_babel-plugin-react-compiler@1.0.0_react-dom@19.2.3_react@19.2.3__react@19.2.3/node_modules/next/dist/node_modules:/home/yugz/domains/web-dev/salon-booking-app/node_modules/.pnpm/next@16.1.6_@babel+core@7.29.0_babel-plugin-react-compiler@1.0.0_react-dom@19.2.3_react@19.2.3__react@19.2.3/node_modules/next/node_modules:/home/yugz/domains/web-dev/salon-booking-app/node_modules/.pnpm/next@16.1.6_@babel+core@7.29.0_babel-plugin-react-compiler@1.0.0_react-dom@19.2.3_react@19.2.3__react@19.2.3/node_modules:/home/yugz/domains/web-dev/salon-booking-app/node_modules/.pnpm/node_modules/tailwindcss.css doesn't exist\n" +
    "        /home/yugz/domains/web-dev/salon-booking-app/node_modules/.pnpm/next@16.1.6_@babel+core@7.29.0_babel-plugin-react-compiler@1.0.0_react-dom@19.2.3_react@19.2.3__react@19.2.3/node_modules/next/dist/bin/node_modules:/home/yugz/domains/web-dev/salon-booking-app/node_modules/.pnpm/next@16.1.6_@babel+core@7.29.0_babel-plugin-react-compiler@1.0.0_react-dom@19.2.3_react@19.2.3__react@19.2.3/node_modules/next/dist/node_modules:/home/yugz/domains/web-dev/salon-booking-app/node_modules/.pnpm/next@16.1.6_@babel+core@7.29.0_babel-plugin-react-compiler@1.0.0_react-dom@19.2.3_react@19.2.3__react@19.2.3/node_modules/next/node_modules:/home/yugz/domains/web-dev/salon-booking-app/node_modules/.pnpm/next@16.1.6_@babel+core@7.29.0_babel-plugin-react-compiler@1.0.0_react-dom@19.2.3_react@19.2.3__react@19.2.3/node_modules:/home/yugz/domains/web-dev/salon-booking-app/node_modules/.pnpm/node_modules/tailwindcss doesn't exist"
}
Error: Can't resolve 'tailwindcss' in '/home/yugz/domains/web-dev'
    [2m[at finishWithoutResolve (/home/yugz/domains/web-dev/salon-booking-app/node_modules/.pnpm/enhanced-resolve@5.20.0/node_modules/enhanced-resolve/lib/Resolver.js:586:18)][0m
    [2m[at /home/yugz/domains/web-dev/salon-booking-app/node_modules/.pnpm/enhanced-resolve@5.20.0/node_modules/enhanced-resolve/lib/Resolver.js:678:14][0m
    [2m[at /home/yugz/domains/web-dev/salon-booking-app/node_modules/.pnpm/enhanced-resolve@5.20.0/node_modules/enhanced-resolve/lib/Resolver.js:739:5][0m
    [2m[at eval (eval at create (/home/yugz/domains/web-dev/salon-booking-app/node_modules/.pnpm/tapable@2.3.0/node_modules/tapable/lib/HookCodeFactory.js:31:10), <anonymous>:15:1)][0m
    [2m[at /home/yugz/domains/web-dev/salon-booking-app/node_modules/.pnpm/enhanced-resolve@5.20.0/node_modules/enhanced-resolve/lib/Resolver.js:739:5][0m
    [2m[at eval (eval at create (/home/yugz/domains/web-dev/salon-booking-app/node_modules/.pnpm/tapable@2.3.0/node_modules/tapable/lib/HookCodeFactory.js:31:10), <anonymous>:27:1)][0m
    [2m[at /home/yugz/domains/web-dev/salon-booking-app/node_modules/.pnpm/enhanced-resolve@5.20.0/node_modules/enhanced-resolve/lib/DescriptionFilePlugin.js:89:43][0m
    [2m[at /home/yugz/domains/web-dev/salon-booking-app/node_modules/.pnpm/enhanced-resolve@5.20.0/node_modules/enhanced-resolve/lib/Resolver.js:739:5][0m
    [2m[at eval (eval at create (/home/yugz/domains/web-dev/salon-booking-app/node_modules/.pnpm/tapable@2.3.0/node_modules/tapable/lib/HookCodeFactory.js:31:10), <anonymous>:15:1)][0m
    [2m[at /home/yugz/domains/web-dev/salon-booking-app/node_modules/.pnpm/enhanced-resolve@5.20.0/node_modules/enhanced-resolve/lib/Resolver.js:739:5][0m {
  details: "resolve 'tailwindcss' in '/home/yugz/domains/web-dev'\n" +
    '  Parsed request is a module\n' +
    '  using description file: /home/yugz/domains/web-dev/package.json (relative path: .)\n' +
    '    resolve as module\n' +
    '      looking for modules in /home/yugz/domains/web-dev/node_modules\n' +
    '        single file module\n' +
    '          using description file: /home/yugz/domains/web-dev/package.json (relative path: ./node_modules/tailwindcss)\n' +
    '            no extension\n' +
    "              /home/yugz/domains/web-dev/node_modules/tailwindcss doesn't exist\n" +
    '            .css\n' +
    "              /home/yugz/domains/web-dev/node_modules/tailwindcss.css doesn't exist\n" +
    "        /home/yugz/domains/web-dev/node_modules/tailwindcss doesn't exist\n" +
    "      /home/yugz/domains/node_modules doesn't exist or is not a directory\n" +
    "      /home/yugz/node_modules doesn't exist or is not a directory\n" +
    "      /home/node_modules doesn't exist or is not a directory\n" +
    "      /node_modules doesn't exist or is not a directory\n" +
    '      looking for modules in /home/yugz/domains/web-dev/salon-booking-app/node_modules/.pnpm/next@16.1.6_@babel+core@7.29.0_babel-plugin-react-compiler@1.0.0_react-dom@19.2.3_react@19.2.3__react@19.2.3/node_modules/next/dist/bin/node_modules:/home/yugz/domains/web-dev/salon-booking-app/node_modules/.pnpm/next@16.1.6_@babel+core@7.29.0_babel-plugin-react-compiler@1.0.0_react-dom@19.2.3_react@19.2.3__react@19.2.3/node_modules/next/dist/node_modules:/home/yugz/domains/web-dev/salon-booking-app/node_modules/.pnpm/next@16.1.6_@babel+core@7.29.0_babel-plugin-react-compiler@1.0.0_react-dom@19.2.3_react@19.2.3__react@19.2.3/node_modules/next/node_modules:/home/yugz/domains/web-dev/salon-booking-app/node_modules/.pnpm/next@16.1.6_@babel+core@7.29.0_babel-plugin-react-compiler@1.0.0_react-dom@19.2.3_react@19.2.3__react@19.2.3/node_modules:/home/yugz/domains/web-dev/salon-booking-app/node_modules/.pnpm/node_modules\n' +
    '        single file module\n' +
    '          using description file: /home/yugz/domains/web-dev/salon-booking-app/node_modules/.pnpm/next@16.1.6_@babel+core@7.29.0_babel-plugin-react-compiler@1.0.0_react-dom@19.2.3_react@19.2.3__react@19.2.3/node_modules/next/package.json (relative path: ./dist/bin/node_modules:/home/yugz/domains/web-dev/salon-booking-app/node_modules/.pnpm/next@16.1.6_@babel+core@7.29.0_babel-plugin-react-compiler@1.0.0_react-dom@19.2.3_react@19.2.3__react@19.2.3/node_modules/next/dist/node_modules:/home/yugz/domains/web-dev/salon-booking-app/node_modules/.pnpm/next@16.1.6_@babel+core@7.29.0_babel-plugin-react-compiler@1.0.0_react-dom@19.2.3_react@19.2.3__react@19.2.3/node_modules/next/node_modules:/home/yugz/domains/web-dev/salon-booking-app/node_modules/.pnpm/next@16.1.6_@babel+core@7.29.0_babel-plugin-react-compiler@1.0.0_react-dom@19.2.3_react@19.2.3__react@19.2.3/node_modules:/home/yugz/domains/web-dev/salon-booking-app/node_modules/.pnpm/node_modules/tailwindcss)\n' +
    '            no extension\n' +
    "              /home/yugz/domains/web-dev/salon-booking-app/node_modules/.pnpm/next@16.1.6_@babel+core@7.29.0_babel-plugin-react-compiler@1.0.0_react-dom@19.2.3_react@19.2.3__react@19.2.3/node_modules/next/dist/bin/node_modules:/home/yugz/domains/web-dev/salon-booking-app/node_modules/.pnpm/next@16.1.6_@babel+core@7.29.0_babel-plugin-react-compiler@1.0.0_react-dom@19.2.3_react@19.2.3__react@19.2.3/node_modules/next/dist/node_modules:/home/yugz/domains/web-dev/salon-booking-app/node_modules/.pnpm/next@16.1.6_@babel+core@7.29.0_babel-plugin-react-compiler@1.0.0_react-dom@19.2.3_react@19.2.3__react@19.2.3/node_modules/next/node_modules:/home/yugz/domains/web-dev/salon-booking-app/node_modules/.pnpm/next@16.1.6_@babel+core@7.29.0_babel-plugin-react-compiler@1.0.0_react-dom@19.2.3_react@19.2.3__react@19.2.3/node_modules:/home/yugz/domains/web-dev/salon-booking-app/node_modules/.pnpm/node_modules/tailwindcss doesn't exist\n" +
    '            .css\n' +
    "              /home/yugz/domains/web-dev/salon-booking-app/node_modules/.pnpm/next@16.1.6_@babel+core@7.29.0_babel-plugin-react-compiler@1.0.0_react-dom@19.2.3_react@19.2.3__react@19.2.3/node_modules/next/dist/bin/node_modules:/home/yugz/domains/web-dev/salon-booking-app/node_modules/.pnpm/next@16.1.6_@babel+core@7.29.0_babel-plugin-react-compiler@1.0.0_react-dom@19.2.3_react@19.2.3__react@19.2.3/node_modules/next/dist/node_modules:/home/yugz/domains/web-dev/salon-booking-app/node_modules/.pnpm/next@16.1.6_@babel+core@7.29.0_babel-plugin-react-compiler@1.0.0_react-dom@19.2.3_react@19.2.3__react@19.2.3/node_modules/next/node_modules:/home/yugz/domains/web-dev/salon-booking-app/node_modules/.pnpm/next@16.1.6_@babel+core@7.29.0_babel-plugin-react-compiler@1.0.0_react-dom@19.2.3_react@19.2.3__react@19.2.3/node_modules:/home/yugz/domains/web-dev/salon-booking-app/node_modules/.pnpm/node_modules/tailwindcss.css doesn't exist\n" +
    "        /home/yugz/domains/web-dev/salon-booking-app/node_modules/.pnpm/next@16.1.6_@babel+core@7.29.0_babel-plugin-react-compiler@1.0.0_react-dom@19.2.3_react@19.2.3__react@19.2.3/node_modules/next/dist/bin/node_modules:/home/yugz/domains/web-dev/salon-booking-app/node_modules/.pnpm/next@16.1.6_@babel+core@7.29.0_babel-plugin-react-compiler@1.0.0_react-dom@19.2.3_react@19.2.3__react@19.2.3/node_modules/next/dist/node_modules:/home/yugz/domains/web-dev/salon-booking-app/node_modules/.pnpm/next@16.1.6_@babel+core@7.29.0_babel-plugin-react-compiler@1.0.0_react-dom@19.2.3_react@19.2.3__react@19.2.3/node_modules/next/node_modules:/home/yugz/domains/web-dev/salon-booking-app/node_modules/.pnpm/next@16.1.6_@babel+core@7.29.0_babel-plugin-react-compiler@1.0.0_react-dom@19.2.3_react@19.2.3__react@19.2.3/node_modules:/home/yugz/domains/web-dev/salon-booking-app/node_modules/.pnpm/node_modules/tailwindcss doesn't exist"
}
Error: Can't resolve 'tailwindcss' in '/home/yugz/domains/web-dev'
    [2m[at finishWithoutResolve (/home/yugz/domains/web-dev/salon-booking-app/node_modules/.pnpm/enhanced-resolve@5.20.0/node_modules/enhanced-resolve/lib/Resolver.js:586:18)][0m
    [2m[at /home/yugz/domains/web-dev/salon-booking-app/node_modules/.pnpm/enhanced-resolve@5.20.0/node_modules/enhanced-resolve/lib/Resolver.js:678:14][0m
    [2m[at /home/yugz/domains/web-dev/salon-booking-app/node_modules/.pnpm/enhanced-resolve@5.20.0/node_modules/enhanced-resolve/lib/Resolver.js:739:5][0m
    [2m[at eval (eval at create (/home/yugz/domains/web-dev/salon-booking-app/node_modules/.pnpm/tapable@2.3.0/node_modules/tapable/lib/HookCodeFactory.js:31:10), <anonymous>:15:1)][0m
    [2m[at /home/yugz/domains/web-dev/salon-booking-app/node_modules/.pnpm/enhanced-resolve@5.20.0/node_modules/enhanced-resolve/lib/Resolver.js:739:5][0m
    [2m[at eval (eval at create (/home/yugz/domains/web-dev/salon-booking-app/node_modules/.pnpm/tapable@2.3.0/node_modules/tapable/lib/HookCodeFactory.js:31:10), <anonymous>:27:1)][0m
    [2m[at /home/yugz/domains/web-dev/salon-booking-app/node_modules/.pnpm/enhanced-resolve@5.20.0/node_modules/enhanced-resolve/lib/DescriptionFilePlugin.js:89:43][0m
    [2m[at /home/yugz/domains/web-dev/salon-booking-app/node_modules/.pnpm/enhanced-resolve@5.20.0/node_modules/enhanced-resolve/lib/Resolver.js:739:5][0m
    [2m[at eval (eval at create (/home/yugz/domains/web-dev/salon-booking-app/node_modules/.pnpm/tapable@2.3.0/node_modules/tapable/lib/HookCodeFactory.js:31:10), <anonymous>:15:1)][0m
    [2m[at /home/yugz/domains/web-dev/salon-booking-app/node_modules/.pnpm/enhanced-resolve@5.20.0/node_modules/enhanced-resolve/lib/Resolver.js:739:5][0m {
  details: "resolve 'tailwindcss' in '/home/yugz/domains/web-dev'\n" +
    '  Parsed request is a module\n' +
    '  using description file: /home/yugz/domains/web-dev/package.json (relative path: .)\n' +
    '    resolve as module\n' +
    '      looking for modules in /home/yugz/domains/web-dev/node_modules\n' +
    '        single file module\n' +
    '          using description file: /home/yugz/domains/web-dev/package.json (relative path: ./node_modules/tailwindcss)\n' +
    '            no extension\n' +
    "              /home/yugz/domains/web-dev/node_modules/tailwindcss doesn't exist\n" +
    '            .css\n' +
    "              /home/yugz/domains/web-dev/node_modules/tailwindcss.css doesn't exist\n" +
    "        /home/yugz/domains/web-dev/node_modules/tailwindcss doesn't exist\n" +
    "      /home/yugz/domains/node_modules doesn't exist or is not a directory\n" +
    "      /home/yugz/node_modules doesn't exist or is not a directory\n" +
    "      /home/node_modules doesn't exist or is not a directory\n" +
    "      /node_modules doesn't exist or is not a directory\n" +
    '      looking for modules in /home/yugz/domains/web-dev/salon-booking-app/node_modules/.pnpm/next@16.1.6_@babel+core@7.29.0_babel-plugin-react-compiler@1.0.0_react-dom@19.2.3_react@19.2.3__react@19.2.3/node_modules/next/dist/bin/node_modules:/home/yugz/domains/web-dev/salon-booking-app/node_modules/.pnpm/next@16.1.6_@babel+core@7.29.0_babel-plugin-react-compiler@1.0.0_react-dom@19.2.3_react@19.2.3__react@19.2.3/node_modules/next/dist/node_modules:/home/yugz/domains/web-dev/salon-booking-app/node_modules/.pnpm/next@16.1.6_@babel+core@7.29.0_babel-plugin-react-compiler@1.0.0_react-dom@19.2.3_react@19.2.3__react@19.2.3/node_modules/next/node_modules:/home/yugz/domains/web-dev/salon-booking-app/node_modules/.pnpm/next@16.1.6_@babel+core@7.29.0_babel-plugin-react-compiler@1.0.0_react-dom@19.2.3_react@19.2.3__react@19.2.3/node_modules:/home/yugz/domains/web-dev/salon-booking-app/node_modules/.pnpm/node_modules\n' +
    '        single file module\n' +
    '          using description file: /home/yugz/domains/web-dev/salon-booking-app/node_modules/.pnpm/next@16.1.6_@babel+core@7.29.0_babel-plugin-react-compiler@1.0.0_react-dom@19.2.3_react@19.2.3__react@19.2.3/node_modules/next/package.json (relative path: ./dist/bin/node_modules:/home/yugz/domains/web-dev/salon-booking-app/node_modules/.pnpm/next@16.1.6_@babel+core@7.29.0_babel-plugin-react-compiler@1.0.0_react-dom@19.2.3_react@19.2.3__react@19.2.3/node_modules/next/dist/node_modules:/home/yugz/domains/web-dev/salon-booking-app/node_modules/.pnpm/next@16.1.6_@babel+core@7.29.0_babel-plugin-react-compiler@1.0.0_react-dom@19.2.3_react@19.2.3__react@19.2.3/node_modules/next/node_modules:/home/yugz/domains/web-dev/salon-booking-app/node_modules/.pnpm/next@16.1.6_@babel+core@7.29.0_babel-plugin-react-compiler@1.0.0_react-dom@19.2.3_react@19.2.3__react@19.2.3/node_modules:/home/yugz/domains/web-dev/salon-booking-app/node_modules/.pnpm/node_modules/tailwindcss)\n' +
    '            no extension\n' +
    "              /home/yugz/domains/web-dev/salon-booking-app/node_modules/.pnpm/next@16.1.6_@babel+core@7.29.0_babel-plugin-react-compiler@1.0.0_react-dom@19.2.3_react@19.2.3__react@19.2.3/node_modules/next/dist/bin/node_modules:/home/yugz/domains/web-dev/salon-booking-app/node_modules/.pnpm/next@16.1.6_@babel+core@7.29.0_babel-plugin-react-compiler@1.0.0_react-dom@19.2.3_react@19.2.3__react@19.2.3/node_modules/next/dist/node_modules:/home/yugz/domains/web-dev/salon-booking-app/node_modules/.pnpm/next@16.1.6_@babel+core@7.29.0_babel-plugin-react-compiler@1.0.0_react-dom@19.2.3_react@19.2.3__react@19.2.3/node_modules/next/node_modules:/home/yugz/domains/web-dev/salon-booking-app/node_modules/.pnpm/next@16.1.6_@babel+core@7.29.0_babel-plugin-react-compiler@1.0.0_react-dom@19.2.3_react@19.2.3__react@19.2.3/node_modules:/home/yugz/domains/web-dev/salon-booking-app/node_modules/.pnpm/node_modules/tailwindcss doesn't exist\n" +
    '            .css\n' +
    "              /home/yugz/domains/web-dev/salon-booking-app/node_modules/.pnpm/next@16.1.6_@babel+core@7.29.0_babel-plugin-react-compiler@1.0.0_react-dom@19.2.3_react@19.2.3__react@19.2.3/node_modules/next/dist/bin/node_modules:/home/yugz/domains/web-dev/salon-booking-app/node_modules/.pnpm/next@16.1.6_@babel+core@7.29.0_babel-plugin-react-compiler@1.0.0_react-dom@19.2.3_react@19.2.3__react@19.2.3/node_modules/next/dist/node_modules:/home/yugz/domains/web-dev/salon-booking-app/node_modules/.pnpm/next@16.1.6_@babel+core@7.29.0_babel-plugin-react-compiler@1.0.0_react-dom@19.2.3_react@19.2.3__react@19.2.3/node_modules/next/node_modules:/home/yugz/domains/web-dev/salon-booking-app/node_modules/.pnpm/next@16.1.6_@babel+core@7.29.0_babel-plugin-react-compiler@1.0.0_react-dom@19.2.3_react@19.2.3__react@19.2.3/node_modules:/home/yugz/domains/web-dev/salon-booking-app/node_modules/.pnpm/node_modules/tailwindcss.css doesn't exist\n" +
    "        /home/yugz/domains/web-dev/salon-booking-app/node_modules/.pnpm/next@16.1.6_@babel+core@7.29.0_babel-plugin-react-compiler@1.0.0_react-dom@19.2.3_react@19.2.3__react@19.2.3/node_modules/next/dist/bin/node_modules:/home/yugz/domains/web-dev/salon-booking-app/node_modules/.pnpm/next@16.1.6_@babel+core@7.29.0_babel-plugin-react-compiler@1.0.0_react-dom@19.2.3_react@19.2.3__react@19.2.3/node_modules/next/dist/node_modules:/home/yugz/domains/web-dev/salon-booking-app/node_modules/.pnpm/next@16.1.6_@babel+core@7.29.0_babel-plugin-react-compiler@1.0.0_react-dom@19.2.3_react@19.2.3__react@19.2.3/node_modules/next/node_modules:/home/yugz/domains/web-dev/salon-booking-app/node_modules/.pnpm/next@16.1.6_@babel+core@7.29.0_babel-plugin-react-compiler@1.0.0_react-dom@19.2.3_react@19.2.3__react@19.2.3/node_modules:/home/yugz/domains/web-dev/salon-booking-app/node_modules/.pnpm/node_modules/tailwindcss doesn't exist"
}
Error: Can't resolve 'tailwindcss' in '/home/yugz/domains/web-dev'
    [2m[at finishWithoutResolve (/home/yugz/domains/web-dev/salon-booking-app/node_modules/.pnpm/enhanced-resolve@5.20.0/node_modules/enhanced-resolve/lib/Resolver.js:586:18)][0m
    [2m[at /home/yugz/domains/web-dev/salon-booking-app/node_modules/.pnpm/enhanced-resolve@5.20.0/node_modules/enhanced-resolve/lib/Resolver.js:678:14][0m
    [2m[at /home/yugz/domains/web-dev/salon-booking-app/node_modules/.pnpm/enhanced-resolve@5.20.0/node_modules/enhanced-resolve/lib/Resolver.js:739:5][0m
    [2m[at eval (eval at create (/home/yugz/domains/web-dev/salon-booking-app/node_modules/.pnpm/tapable@2.3.0/node_modules/tapable/lib/HookCodeFactory.js:31:10), <anonymous>:15:1)][0m
    [2m[at /home/yugz/domains/web-dev/salon-booking-app/node_modules/.pnpm/enhanced-resolve@5.20.0/node_modules/enhanced-resolve/lib/Resolver.js:739:5][0m
    [2m[at eval (eval at create (/home/yugz/domains/web-dev/salon-booking-app/node_modules/.pnpm/tapable@2.3.0/node_modules/tapable/lib/HookCodeFactory.js:31:10), <anonymous>:27:1)][0m
    [2m[at /home/yugz/domains/web-dev/salon-booking-app/node_modules/.pnpm/enhanced-resolve@5.20.0/node_modules/enhanced-resolve/lib/DescriptionFilePlugin.js:89:43][0m
    [2m[at /home/yugz/domains/web-dev/salon-booking-app/node_modules/.pnpm/enhanced-resolve@5.20.0/node_modules/enhanced-resolve/lib/Resolver.js:739:5][0m
    [2m[at eval (eval at create (/home/yugz/domains/web-dev/salon-booking-app/node_modules/.pnpm/tapable@2.3.0/node_modules/tapable/lib/HookCodeFactory.js:31:10), <anonymous>:15:1)][0m
    [2m[at /home/yugz/domains/web-dev/salon-booking-app/node_modules/.pnpm/enhanced-resolve@5.20.0/node_modules/enhanced-resolve/lib/Resolver.js:739:5][0m {
  details: "resolve 'tailwindcss' in '/home/yugz/domains/web-dev'\n" +
    '  Parsed request is a module\n' +
    '  using description file: /home/yugz/domains/web-dev/package.json (relative path: .)\n' +
    '    resolve as module\n' +
    '      looking for modules in /home/yugz/domains/web-dev/node_modules\n' +
    '        single file module\n' +
    '          using description file: /home/yugz/domains/web-dev/package.json (relative path: ./node_modules/tailwindcss)\n' +
    '            no extension\n' +
    "              /home/yugz/domains/web-dev/node_modules/tailwindcss doesn't exist\n" +
    '            .css\n' +
    "              /home/yugz/domains/web-dev/node_modules/tailwindcss.css doesn't exist\n" +
    "        /home/yugz/domains/web-dev/node_modules/tailwindcss doesn't exist\n" +
    "      /home/yugz/domains/node_modules doesn't exist or is not a directory\n" +
    "      /home/yugz/node_modules doesn't exist or is not a directory\n" +
    "      /home/node_modules doesn't exist or is not a directory\n" +
    "      /node_modules doesn't exist or is not a directory\n" +
    '      looking for modules in /home/yugz/domains/web-dev/salon-booking-app/node_modules/.pnpm/next@16.1.6_@babel+core@7.29.0_babel-plugin-react-compiler@1.0.0_react-dom@19.2.3_react@19.2.3__react@19.2.3/node_modules/next/dist/bin/node_modules:/home/yugz/domains/web-dev/salon-booking-app/node_modules/.pnpm/next@16.1.6_@babel+core@7.29.0_babel-plugin-react-compiler@1.0.0_react-dom@19.2.3_react@19.2.3__react@19.2.3/node_modules/next/dist/node_modules:/home/yugz/domains/web-dev/salon-booking-app/node_modules/.pnpm/next@16.1.6_@babel+core@7.29.0_babel-plugin-react-compiler@1.0.0_react-dom@19.2.3_react@19.2.3__react@19.2.3/node_modules/next/node_modules:/home/yugz/domains/web-dev/salon-booking-app/node_modules/.pnpm/next@16.1.6_@babel+core@7.29.0_babel-plugin-react-compiler@1.0.0_react-dom@19.2.3_react@19.2.3__react@19.2.3/node_modules:/home/yugz/domains/web-dev/salon-booking-app/node_modules/.pnpm/node_modules\n' +
    '        single file module\n' +
    '          using description file: /home/yugz/domains/web-dev/salon-booking-app/node_modules/.pnpm/next@16.1.6_@babel+core@7.29.0_babel-plugin-react-compiler@1.0.0_react-dom@19.2.3_react@19.2.3__react@19.2.3/node_modules/next/package.json (relative path: ./dist/bin/node_modules:/home/yugz/domains/web-dev/salon-booking-app/node_modules/.pnpm/next@16.1.6_@babel+core@7.29.0_babel-plugin-react-compiler@1.0.0_react-dom@19.2.3_react@19.2.3__react@19.2.3/node_modules/next/dist/node_modules:/home/yugz/domains/web-dev/salon-booking-app/node_modules/.pnpm/next@16.1.6_@babel+core@7.29.0_babel-plugin-react-compiler@1.0.0_react-dom@19.2.3_react@19.2.3__react@19.2.3/node_modules/next/node_modules:/home/yugz/domains/web-dev/salon-booking-app/node_modules/.pnpm/next@16.1.6_@babel+core@7.29.0_babel-plugin-react-compiler@1.0.0_react-dom@19.2.3_react@19.2.3__react@19.2.3/node_modules:/home/yugz/domains/web-dev/salon-booking-app/node_modules/.pnpm/node_modules/tailwindcss)\n' +
    '            no extension\n' +
    "              /home/yugz/domains/web-dev/salon-booking-app/node_modules/.pnpm/next@16.1.6_@babel+core@7.29.0_babel-plugin-react-compiler@1.0.0_react-dom@19.2.3_react@19.2.3__react@19.2.3/node_modules/next/dist/bin/node_modules:/home/yugz/domains/web-dev/salon-booking-app/node_modules/.pnpm/next@16.1.6_@babel+core@7.29.0_babel-plugin-react-compiler@1.0.0_react-dom@19.2.3_react@19.2.3__react@19.2.3/node_modules/next/dist/node_modules:/home/yugz/domains/web-dev/salon-booking-app/node_modules/.pnpm/next@16.1.6_@babel+core@7.29.0_babel-plugin-react-compiler@1.0.0_react-dom@19.2.3_react@19.2.3__react@19.2.3/node_modules/next/node_modules:/home/yugz/domains/web-dev/salon-booking-app/node_modules/.pnpm/next@16.1.6_@babel+core@7.29.0_babel-plugin-react-compiler@1.0.0_react-dom@19.2.3_react@19.2.3__react@19.2.3/node_modules:/home/yugz/domains/web-dev/salon-booking-app/node_modules/.pnpm/node_modules/tailwindcss doesn't exist\n" +
    '            .css\n' +
    "              /home/yugz/domains/web-dev/salon-booking-app/node_modules/.pnpm/next@16.1.6_@babel+core@7.29.0_babel-plugin-react-compiler@1.0.0_react-dom@19.2.3_react@19.2.3__react@19.2.3/node_modules/next/dist/bin/node_modules:/home/yugz/domains/web-dev/salon-booking-app/node_modules/.pnpm/next@16.1.6_@babel+core@7.29.0_babel-plugin-react-compiler@1.0.0_react-dom@19.2.3_react@19.2.3__react@19.2.3/node_modules/next/dist/node_modules:/home/yugz/domains/web-dev/salon-booking-app/node_modules/.pnpm/next@16.1.6_@babel+core@7.29.0_babel-plugin-react-compiler@1.0.0_react-dom@19.2.3_react@19.2.3__react@19.2.3/node_modules/next/node_modules:/home/yugz/domains/web-dev/salon-booking-app/node_modules/.pnpm/next@16.1.6_@babel+core@7.29.0_babel-plugin-react-compiler@1.0.0_react-dom@19.2.3_react@19.2.3__react@19.2.3/node_modules:/home/yugz/domains/web-dev/salon-booking-app/node_modules/.pnpm/node_modules/tailwindcss.css doesn't exist\n" +
    "        /home/yugz/domains/web-dev/salon-booking-app/node_modules/.pnpm/next@16.1.6_@babel+core@7.29.0_babel-plugin-react-compiler@1.0.0_react-dom@19.2.3_react@19.2.3__react@19.2.3/node_modules/next/dist/bin/node_modules:/home/yugz/domains/web-dev/salon-booking-app/node_modules/.pnpm/next@16.1.6_@babel+core@7.29.0_babel-plugin-react-compiler@1.0.0_react-dom@19.2.3_react@19.2.3__react@19.2.3/node_modules/next/dist/node_modules:/home/yugz/domains/web-dev/salon-booking-app/node_modules/.pnpm/next@16.1.6_@babel+core@7.29.0_babel-plugin-react-compiler@1.0.0_react-dom@19.2.3_react@19.2.3__react@19.2.3/node_modules/next/node_modules:/home/yugz/domains/web-dev/salon-booking-app/node_modules/.pnpm/next@16.1.6_@babel+core@7.29.0_babel-plugin-react-compiler@1.0.0_react-dom@19.2.3_react@19.2.3__react@19.2.3/node_modules:/home/yugz/domains/web-dev/salon-booking-app/node_modules/.pnpm/node_modules/tailwindcss doesn't exist"
}
Error: Can't resolve 'tailwindcss' in '/home/yugz/domains/web-dev'
    [2m[at finishWithoutResolve (/home/yugz/domains/web-dev/salon-booking-app/node_modules/.pnpm/enhanced-resolve@5.20.0/node_modules/enhanced-resolve/lib/Resolver.js:586:18)][0m
    [2m[at /home/yugz/domains/web-dev/salon-booking-app/node_modules/.pnpm/enhanced-resolve@5.20.0/node_modules/enhanced-resolve/lib/Resolver.js:678:14][0m
    [2m[at /home/yugz/domains/web-dev/salon-booking-app/node_modules/.pnpm/enhanced-resolve@5.20.0/node_modules/enhanced-resolve/lib/Resolver.js:739:5][0m
    [2m[at eval (eval at create (/home/yugz/domains/web-dev/salon-booking-app/node_modules/.pnpm/tapable@2.3.0/node_modules/tapable/lib/HookCodeFactory.js:31:10), <anonymous>:15:1)][0m
    [2m[at /home/yugz/domains/web-dev/salon-booking-app/node_modules/.pnpm/enhanced-resolve@5.20.0/node_modules/enhanced-resolve/lib/Resolver.js:739:5][0m
    [2m[at eval (eval at create (/home/yugz/domains/web-dev/salon-booking-app/node_modules/.pnpm/tapable@2.3.0/node_modules/tapable/lib/HookCodeFactory.js:31:10), <anonymous>:27:1)][0m
    [2m[at /home/yugz/domains/web-dev/salon-booking-app/node_modules/.pnpm/enhanced-resolve@5.20.0/node_modules/enhanced-resolve/lib/DescriptionFilePlugin.js:89:43][0m
    [2m[at /home/yugz/domains/web-dev/salon-booking-app/node_modules/.pnpm/enhanced-resolve@5.20.0/node_modules/enhanced-resolve/lib/Resolver.js:739:5][0m
    [2m[at eval (eval at create (/home/yugz/domains/web-dev/salon-booking-app/node_modules/.pnpm/tapable@2.3.0/node_modules/tapable/lib/HookCodeFactory.js:31:10), <anonymous>:15:1)][0m
    [2m[at /home/yugz/domains/web-dev/salon-booking-app/node_modules/.pnpm/enhanced-resolve@5.20.0/node_modules/enhanced-resolve/lib/Resolver.js:739:5][0m {
  details: "resolve 'tailwindcss' in '/home/yugz/domains/web-dev'\n" +
    '  Parsed request is a module\n' +
    '  using description file: /home/yugz/domains/web-dev/package.json (relative path: .)\n' +
    '    resolve as module\n' +
    '      looking for modules in /home/yugz/domains/web-dev/node_modules\n' +
    '        single file module\n' +
    '          using description file: /home/yugz/domains/web-dev/package.json (relative path: ./node_modules/tailwindcss)\n' +
    '            no extension\n' +
    "              /home/yugz/domains/web-dev/node_modules/tailwindcss doesn't exist\n" +
    '            .css\n' +
    "              /home/yugz/domains/web-dev/node_modules/tailwindcss.css doesn't exist\n" +
    "        /home/yugz/domains/web-dev/node_modules/tailwindcss doesn't exist\n" +
    "      /home/yugz/domains/node_modules doesn't exist or is not a directory\n" +
    "      /home/yugz/node_modules doesn't exist or is not a directory\n" +
    "      /home/node_modules doesn't exist or is not a directory\n" +
    "      /node_modules doesn't exist or is not a directory\n" +
    '      looking for modules in /home/yugz/domains/web-dev/salon-booking-app/node_modules/.pnpm/next@16.1.6_@babel+core@7.29.0_babel-plugin-react-compiler@1.0.0_react-dom@19.2.3_react@19.2.3__react@19.2.3/node_modules/next/dist/bin/node_modules:/home/yugz/domains/web-dev/salon-booking-app/node_modules/.pnpm/next@16.1.6_@babel+core@7.29.0_babel-plugin-react-compiler@1.0.0_react-dom@19.2.3_react@19.2.3__react@19.2.3/node_modules/next/dist/node_modules:/home/yugz/domains/web-dev/salon-booking-app/node_modules/.pnpm/next@16.1.6_@babel+core@7.29.0_babel-plugin-react-compiler@1.0.0_react-dom@19.2.3_react@19.2.3__react@19.2.3/node_modules/next/node_modules:/home/yugz/domains/web-dev/salon-booking-app/node_modules/.pnpm/next@16.1.6_@babel+core@7.29.0_babel-plugin-react-compiler@1.0.0_react-dom@19.2.3_react@19.2.3__react@19.2.3/node_modules:/home/yugz/domains/web-dev/salon-booking-app/node_modules/.pnpm/node_modules\n' +
    '        single file module\n' +
    '          using description file: /home/yugz/domains/web-dev/salon-booking-app/node_modules/.pnpm/next@16.1.6_@babel+core@7.29.0_babel-plugin-react-compiler@1.0.0_react-dom@19.2.3_react@19.2.3__react@19.2.3/node_modules/next/package.json (relative path: ./dist/bin/node_modules:/home/yugz/domains/web-dev/salon-booking-app/node_modules/.pnpm/next@16.1.6_@babel+core@7.29.0_babel-plugin-react-compiler@1.0.0_react-dom@19.2.3_react@19.2.3__react@19.2.3/node_modules/next/dist/node_modules:/home/yugz/domains/web-dev/salon-booking-app/node_modules/.pnpm/next@16.1.6_@babel+core@7.29.0_babel-plugin-react-compiler@1.0.0_react-dom@19.2.3_react@19.2.3__react@19.2.3/node_modules/next/node_modules:/home/yugz/domains/web-dev/salon-booking-app/node_modules/.pnpm/next@16.1.6_@babel+core@7.29.0_babel-plugin-react-compiler@1.0.0_react-dom@19.2.3_react@19.2.3__react@19.2.3/node_modules:/home/yugz/domains/web-dev/salon-booking-app/node_modules/.pnpm/node_modules/tailwindcss)\n' +
    '            no extension\n' +
    "              /home/yugz/domains/web-dev/salon-booking-app/node_modules/.pnpm/next@16.1.6_@babel+core@7.29.0_babel-plugin-react-compiler@1.0.0_react-dom@19.2.3_react@19.2.3__react@19.2.3/node_modules/next/dist/bin/node_modules:/home/yugz/domains/web-dev/salon-booking-app/node_modules/.pnpm/next@16.1.6_@babel+core@7.29.0_babel-plugin-react-compiler@1.0.0_react-dom@19.2.3_react@19.2.3__react@19.2.3/node_modules/next/dist/node_modules:/home/yugz/domains/web-dev/salon-booking-app/node_modules/.pnpm/next@16.1.6_@babel+core@7.29.0_babel-plugin-react-compiler@1.0.0_react-dom@19.2.3_react@19.2.3__react@19.2.3/node_modules/next/node_modules:/home/yugz/domains/web-dev/salon-booking-app/node_modules/.pnpm/next@16.1.6_@babel+core@7.29.0_babel-plugin-react-compiler@1.0.0_react-dom@19.2.3_react@19.2.3__react@19.2.3/node_modules:/home/yugz/domains/web-dev/salon-booking-app/node_modules/.pnpm/node_modules/tailwindcss doesn't exist\n" +
    '            .css\n' +
    "              /home/yugz/domains/web-dev/salon-booking-app/node_modules/.pnpm/next@16.1.6_@babel+core@7.29.0_babel-plugin-react-compiler@1.0.0_react-dom@19.2.3_react@19.2.3__react@19.2.3/node_modules/next/dist/bin/node_modules:/home/yugz/domains/web-dev/salon-booking-app/node_modules/.pnpm/next@16.1.6_@babel+core@7.29.0_babel-plugin-react-compiler@1.0.0_react-dom@19.2.3_react@19.2.3__react@19.2.3/node_modules/next/dist/node_modules:/home/yugz/domains/web-dev/salon-booking-app/node_modules/.pnpm/next@16.1.6_@babel+core@7.29.0_babel-plugin-react-compiler@1.0.0_react-dom@19.2.3_react@19.2.3__react@19.2.3/node_modules/next/node_modules:/home/yugz/domains/web-dev/salon-booking-app/node_modules/.pnpm/next@16.1.6_@babel+core@7.29.0_babel-plugin-react-compiler@1.0.0_react-dom@19.2.3_react@19.2.3__react@19.2.3/node_modules:/home/yugz/domains/web-dev/salon-booking-app/node_modules/.pnpm/node_modules/tailwindcss.css doesn't exist\n" +
    "        /home/yugz/domains/web-dev/salon-booking-app/node_modules/.pnpm/next@16.1.6_@babel+core@7.29.0_babel-plugin-react-compiler@1.0.0_react-dom@19.2.3_react@19.2.3__react@19.2.3/node_modules/next/dist/bin/node_modules:/home/yugz/domains/web-dev/salon-booking-app/node_modules/.pnpm/next@16.1.6_@babel+core@7.29.0_babel-plugin-react-compiler@1.0.0_react-dom@19.2.3_react@19.2.3__react@19.2.3/node_modules/next/dist/node_modules:/home/yugz/domains/web-dev/salon-booking-app/node_modules/.pnpm/next@16.1.6_@babel+core@7.29.0_babel-plugin-react-compiler@1.0.0_react-dom@19.2.3_react@19.2.3__react@19.2.3/node_modules/next/node_modules:/home/yugz/domains/web-dev/salon-booking-app/node_modules/.pnpm/next@16.1.6_@babel+core@7.29.0_babel-plugin-react-compiler@1.0.0_react-dom@19.2.3_react@19.2.3__react@19.2.3/node_modules:/home/yugz/domains/web-dev/salon-booking-app/node_modules/.pnpm/node_modules/tailwindcss doesn't exist"
}
Error: Can't resolve 'tailwindcss' in '/home/yugz/domains/web-dev'
    [2m[at finishWithoutResolve (/home/yugz/domains/web-dev/salon-booking-app/node_modules/.pnpm/enhanced-resolve@5.20.0/node_modules/enhanced-resolve/lib/Resolver.js:586:18)][0m
    [2m[at /home/yugz/domains/web-dev/salon-booking-app/node_modules/.pnpm/enhanced-resolve@5.20.0/node_modules/enhanced-resolve/lib/Resolver.js:678:14][0m
    [2m[at /home/yugz/domains/web-dev/salon-booking-app/node_modules/.pnpm/enhanced-resolve@5.20.0/node_modules/enhanced-resolve/lib/Resolver.js:739:5][0m
    [2m[at eval (eval at create (/home/yugz/domains/web-dev/salon-booking-app/node_modules/.pnpm/tapable@2.3.0/node_modules/tapable/lib/HookCodeFactory.js:31:10), <anonymous>:15:1)][0m
    [2m[at /home/yugz/domains/web-dev/salon-booking-app/node_modules/.pnpm/enhanced-resolve@5.20.0/node_modules/enhanced-resolve/lib/Resolver.js:739:5][0m
    [2m[at eval (eval at create (/home/yugz/domains/web-dev/salon-booking-app/node_modules/.pnpm/tapable@2.3.0/node_modules/tapable/lib/HookCodeFactory.js:31:10), <anonymous>:27:1)][0m
    [2m[at /home/yugz/domains/web-dev/salon-booking-app/node_modules/.pnpm/enhanced-resolve@5.20.0/node_modules/enhanced-resolve/lib/DescriptionFilePlugin.js:89:43][0m
    [2m[at /home/yugz/domains/web-dev/salon-booking-app/node_modules/.pnpm/enhanced-resolve@5.20.0/node_modules/enhanced-resolve/lib/Resolver.js:739:5][0m
    [2m[at eval (eval at create (/home/yugz/domains/web-dev/salon-booking-app/node_modules/.pnpm/tapable@2.3.0/node_modules/tapable/lib/HookCodeFactory.js:31:10), <anonymous>:15:1)][0m
    [2m[at /home/yugz/domains/web-dev/salon-booking-app/node_modules/.pnpm/enhanced-resolve@5.20.0/node_modules/enhanced-resolve/lib/Resolver.js:739:5][0m {
  details: "resolve 'tailwindcss' in '/home/yugz/domains/web-dev'\n" +
    '  Parsed request is a module\n' +
    '  using description file: /home/yugz/domains/web-dev/package.json (relative path: .)\n' +
    '    resolve as module\n' +
    '      looking for modules in /home/yugz/domains/web-dev/node_modules\n' +
    '        single file module\n' +
    '          using description file: /home/yugz/domains/web-dev/package.json (relative path: ./node_modules/tailwindcss)\n' +
    '            no extension\n' +
    "              /home/yugz/domains/web-dev/node_modules/tailwindcss doesn't exist\n" +
    '            .css\n' +
    "              /home/yugz/domains/web-dev/node_modules/tailwindcss.css doesn't exist\n" +
    "        /home/yugz/domains/web-dev/node_modules/tailwindcss doesn't exist\n" +
    "      /home/yugz/domains/node_modules doesn't exist or is not a directory\n" +
    "      /home/yugz/node_modules doesn't exist or is not a directory\n" +
    "      /home/node_modules doesn't exist or is not a directory\n" +
    "      /node_modules doesn't exist or is not a directory\n" +
    '      looking for modules in /home/yugz/domains/web-dev/salon-booking-app/node_modules/.pnpm/next@16.1.6_@babel+core@7.29.0_babel-plugin-react-compiler@1.0.0_react-dom@19.2.3_react@19.2.3__react@19.2.3/node_modules/next/dist/bin/node_modules:/home/yugz/domains/web-dev/salon-booking-app/node_modules/.pnpm/next@16.1.6_@babel+core@7.29.0_babel-plugin-react-compiler@1.0.0_react-dom@19.2.3_react@19.2.3__react@19.2.3/node_modules/next/dist/node_modules:/home/yugz/domains/web-dev/salon-booking-app/node_modules/.pnpm/next@16.1.6_@babel+core@7.29.0_babel-plugin-react-compiler@1.0.0_react-dom@19.2.3_react@19.2.3__react@19.2.3/node_modules/next/node_modules:/home/yugz/domains/web-dev/salon-booking-app/node_modules/.pnpm/next@16.1.6_@babel+core@7.29.0_babel-plugin-react-compiler@1.0.0_react-dom@19.2.3_react@19.2.3__react@19.2.3/node_modules:/home/yugz/domains/web-dev/salon-booking-app/node_modules/.pnpm/node_modules\n' +
    '        single file module\n' +
    '          using description file: /home/yugz/domains/web-dev/salon-booking-app/node_modules/.pnpm/next@16.1.6_@babel+core@7.29.0_babel-plugin-react-compiler@1.0.0_react-dom@19.2.3_react@19.2.3__react@19.2.3/node_modules/next/package.json (relative path: ./dist/bin/node_modules:/home/yugz/domains/web-dev/salon-booking-app/node_modules/.pnpm/next@16.1.6_@babel+core@7.29.0_babel-plugin-react-compiler@1.0.0_react-dom@19.2.3_react@19.2.3__react@19.2.3/node_modules/next/dist/node_modules:/home/yugz/domains/web-dev/salon-booking-app/node_modules/.pnpm/next@16.1.6_@babel+core@7.29.0_babel-plugin-react-compiler@1.0.0_react-dom@19.2.3_react@19.2.3__react@19.2.3/node_modules/next/node_modules:/home/yugz/domains/web-dev/salon-booking-app/node_modules/.pnpm/next@16.1.6_@babel+core@7.29.0_babel-plugin-react-compiler@1.0.0_react-dom@19.2.3_react@19.2.3__react@19.2.3/node_modules:/home/yugz/domains/web-dev/salon-booking-app/node_modules/.pnpm/node_modules/tailwindcss)\n' +
    '            no extension\n' +
    "              /home/yugz/domains/web-dev/salon-booking-app/node_modules/.pnpm/next@16.1.6_@babel+core@7.29.0_babel-plugin-react-compiler@1.0.0_react-dom@19.2.3_react@19.2.3__react@19.2.3/node_modules/next/dist/bin/node_modules:/home/yugz/domains/web-dev/salon-booking-app/node_modules/.pnpm/next@16.1.6_@babel+core@7.29.0_babel-plugin-react-compiler@1.0.0_react-dom@19.2.3_react@19.2.3__react@19.2.3/node_modules/next/dist/node_modules:/home/yugz/domains/web-dev/salon-booking-app/node_modules/.pnpm/next@16.1.6_@babel+core@7.29.0_babel-plugin-react-compiler@1.0.0_react-dom@19.2.3_react@19.2.3__react@19.2.3/node_modules/next/node_modules:/home/yugz/domains/web-dev/salon-booking-app/node_modules/.pnpm/next@16.1.6_@babel+core@7.29.0_babel-plugin-react-compiler@1.0.0_react-dom@19.2.3_react@19.2.3__react@19.2.3/node_modules:/home/yugz/domains/web-dev/salon-booking-app/node_modules/.pnpm/node_modules/tailwindcss doesn't exist\n" +
    '            .css\n' +
    "              /home/yugz/domains/web-dev/salon-booking-app/node_modules/.pnpm/next@16.1.6_@babel+core@7.29.0_babel-plugin-react-compiler@1.0.0_react-dom@19.2.3_react@19.2.3__react@19.2.3/node_modules/next/dist/bin/node_modules:/home/yugz/domains/web-dev/salon-booking-app/node_modules/.pnpm/next@16.1.6_@babel+core@7.29.0_babel-plugin-react-compiler@1.0.0_react-dom@19.2.3_react@19.2.3__react@19.2.3/node_modules/next/dist/node_modules:/home/yugz/domains/web-dev/salon-booking-app/node_modules/.pnpm/next@16.1.6_@babel+core@7.29.0_babel-plugin-react-compiler@1.0.0_react-dom@19.2.3_react@19.2.3__react@19.2.3/node_modules/next/node_modules:/home/yugz/domains/web-dev/salon-booking-app/node_modules/.pnpm/next@16.1.6_@babel+core@7.29.0_babel-plugin-react-compiler@1.0.0_react-dom@19.2.3_react@19.2.3__react@19.2.3/node_modules:/home/yugz/domains/web-dev/salon-booking-app/node_modules/.pnpm/node_modules/tailwindcss.css doesn't exist\n" +
    "        /home/yugz/domains/web-dev/salon-booking-app/node_modules/.pnpm/next@16.1.6_@babel+core@7.29.0_babel-plugin-react-compiler@1.0.0_react-dom@19.2.3_react@19.2.3__react@19.2.3/node_modules/next/dist/bin/node_modules:/home/yugz/domains/web-dev/salon-booking-app/node_modules/.pnpm/next@16.1.6_@babel+core@7.29.0_babel-plugin-react-compiler@1.0.0_react-dom@19.2.3_react@19.2.3__react@19.2.3/node_modules/next/dist/node_modules:/home/yugz/domains/web-dev/salon-booking-app/node_modules/.pnpm/next@16.1.6_@babel+core@7.29.0_babel-plugin-react-compiler@1.0.0_react-dom@19.2.3_react@19.2.3__react@19.2.3/node_modules/next/node_modules:/home/yugz/domains/web-dev/salon-booking-app/node_modules/.pnpm/next@16.1.6_@babel+core@7.29.0_babel-plugin-react-compiler@1.0.0_react-dom@19.2.3_react@19.2.3__react@19.2.3/node_modules:/home/yugz/domains/web-dev/salon-booking-app/node_modules/.pnpm/node_modules/tailwindcss doesn't exist"
}
Error: Can't resolve 'tailwindcss' in '/home/yugz/domains/web-dev'
    [2m[at finishWithoutResolve (/home/yugz/domains/web-dev/salon-booking-app/node_modules/.pnpm/enhanced-resolve@5.20.0/node_modules/enhanced-resolve/lib/Resolver.js:586:18)][0m
    [2m[at /home/yugz/domains/web-dev/salon-booking-app/node_modules/.pnpm/enhanced-resolve@5.20.0/node_modules/enhanced-resolve/lib/Resolver.js:678:14][0m
    [2m[at /home/yugz/domains/web-dev/salon-booking-app/node_modules/.pnpm/enhanced-resolve@5.20.0/node_modules/enhanced-resolve/lib/Resolver.js:739:5][0m
    [2m[at eval (eval at create (/home/yugz/domains/web-dev/salon-booking-app/node_modules/.pnpm/tapable@2.3.0/node_modules/tapable/lib/HookCodeFactory.js:31:10), <anonymous>:15:1)][0m
    [2m[at /home/yugz/domains/web-dev/salon-booking-app/node_modules/.pnpm/enhanced-resolve@5.20.0/node_modules/enhanced-resolve/lib/Resolver.js:739:5][0m
    [2m[at eval (eval at create (/home/yugz/domains/web-dev/salon-booking-app/node_modules/.pnpm/tapable@2.3.0/node_modules/tapable/lib/HookCodeFactory.js:31:10), <anonymous>:27:1)][0m
    [2m[at /home/yugz/domains/web-dev/salon-booking-app/node_modules/.pnpm/enhanced-resolve@5.20.0/node_modules/enhanced-resolve/lib/DescriptionFilePlugin.js:89:43][0m
    [2m[at /home/yugz/domains/web-dev/salon-booking-app/node_modules/.pnpm/enhanced-resolve@5.20.0/node_modules/enhanced-resolve/lib/Resolver.js:739:5][0m
    [2m[at eval (eval at create (/home/yugz/domains/web-dev/salon-booking-app/node_modules/.pnpm/tapable@2.3.0/node_modules/tapable/lib/HookCodeFactory.js:31:10), <anonymous>:15:1)][0m
    [2m[at /home/yugz/domains/web-dev/salon-booking-app/node_modules/.pnpm/enhanced-resolve@5.20.0/node_modules/enhanced-resolve/lib/Resolver.js:739:5][0m {
  details: "resolve 'tailwindcss' in '/home/yugz/domains/web-dev'\n" +
    '  Parsed request is a module\n' +
    '  using description file: /home/yugz/domains/web-dev/package.json (relative path: .)\n' +
    '    resolve as module\n' +
    '      looking for modules in /home/yugz/domains/web-dev/node_modules\n' +
    '        single file module\n' +
    '          using description file: /home/yugz/domains/web-dev/package.json (relative path: ./node_modules/tailwindcss)\n' +
    '            no extension\n' +
    "              /home/yugz/domains/web-dev/node_modules/tailwindcss doesn't exist\n" +
    '            .css\n' +
    "              /home/yugz/domains/web-dev/node_modules/tailwindcss.css doesn't exist\n" +
    "        /home/yugz/domains/web-dev/node_modules/tailwindcss doesn't exist\n" +
    "      /home/yugz/domains/node_modules doesn't exist or is not a directory\n" +
    "      /home/yugz/node_modules doesn't exist or is not a directory\n" +
    "      /home/node_modules doesn't exist or is not a directory\n" +
    "      /node_modules doesn't exist or is not a directory\n" +
    '      looking for modules in /home/yugz/domains/web-dev/salon-booking-app/node_modules/.pnpm/next@16.1.6_@babel+core@7.29.0_babel-plugin-react-compiler@1.0.0_react-dom@19.2.3_react@19.2.3__react@19.2.3/node_modules/next/dist/bin/node_modules:/home/yugz/domains/web-dev/salon-booking-app/node_modules/.pnpm/next@16.1.6_@babel+core@7.29.0_babel-plugin-react-compiler@1.0.0_react-dom@19.2.3_react@19.2.3__react@19.2.3/node_modules/next/dist/node_modules:/home/yugz/domains/web-dev/salon-booking-app/node_modules/.pnpm/next@16.1.6_@babel+core@7.29.0_babel-plugin-react-compiler@1.0.0_react-dom@19.2.3_react@19.2.3__react@19.2.3/node_modules/next/node_modules:/home/yugz/domains/web-dev/salon-booking-app/node_modules/.pnpm/next@16.1.6_@babel+core@7.29.0_babel-plugin-react-compiler@1.0.0_react-dom@19.2.3_react@19.2.3__react@19.2.3/node_modules:/home/yugz/domains/web-dev/salon-booking-app/node_modules/.pnpm/node_modules\n' +
    '        single file module\n' +
    '          using description file: /home/yugz/domains/web-dev/salon-booking-app/node_modules/.pnpm/next@16.1.6_@babel+core@7.29.0_babel-plugin-react-compiler@1.0.0_react-dom@19.2.3_react@19.2.3__react@19.2.3/node_modules/next/package.json (relative path: ./dist/bin/node_modules:/home/yugz/domains/web-dev/salon-booking-app/node_modules/.pnpm/next@16.1.6_@babel+core@7.29.0_babel-plugin-react-compiler@1.0.0_react-dom@19.2.3_react@19.2.3__react@19.2.3/node_modules/next/dist/node_modules:/home/yugz/domains/web-dev/salon-booking-app/node_modules/.pnpm/next@16.1.6_@babel+core@7.29.0_babel-plugin-react-compiler@1.0.0_react-dom@19.2.3_react@19.2.3__react@19.2.3/node_modules/next/node_modules:/home/yugz/domains/web-dev/salon-booking-app/node_modules/.pnpm/next@16.1.6_@babel+core@7.29.0_babel-plugin-react-compiler@1.0.0_react-dom@19.2.3_react@19.2.3__react@19.2.3/node_modules:/home/yugz/domains/web-dev/salon-booking-app/node_modules/.pnpm/node_modules/tailwindcss)\n' +
    '            no extension\n' +
    "              /home/yugz/domains/web-dev/salon-booking-app/node_modules/.pnpm/next@16.1.6_@babel+core@7.29.0_babel-plugin-react-compiler@1.0.0_react-dom@19.2.3_react@19.2.3__react@19.2.3/node_modules/next/dist/bin/node_modules:/home/yugz/domains/web-dev/salon-booking-app/node_modules/.pnpm/next@16.1.6_@babel+core@7.29.0_babel-plugin-react-compiler@1.0.0_react-dom@19.2.3_react@19.2.3__react@19.2.3/node_modules/next/dist/node_modules:/home/yugz/domains/web-dev/salon-booking-app/node_modules/.pnpm/next@16.1.6_@babel+core@7.29.0_babel-plugin-react-compiler@1.0.0_react-dom@19.2.3_react@19.2.3__react@19.2.3/node_modules/next/node_modules:/home/yugz/domains/web-dev/salon-booking-app/node_modules/.pnpm/next@16.1.6_@babel+core@7.29.0_babel-plugin-react-compiler@1.0.0_react-dom@19.2.3_react@19.2.3__react@19.2.3/node_modules:/home/yugz/domains/web-dev/salon-booking-app/node_modules/.pnpm/node_modules/tailwindcss doesn't exist\n" +
    '            .css\n' +
    "              /home/yugz/domains/web-dev/salon-booking-app/node_modules/.pnpm/next@16.1.6_@babel+core@7.29.0_babel-plugin-react-compiler@1.0.0_react-dom@19.2.3_react@19.2.3__react@19.2.3/node_modules/next/dist/bin/node_modules:/home/yugz/domains/web-dev/salon-booking-app/node_modules/.pnpm/next@16.1.6_@babel+core@7.29.0_babel-plugin-react-compiler@1.0.0_react-dom@19.2.3_react@19.2.3__react@19.2.3/node_modules/next/dist/node_modules:/home/yugz/domains/web-dev/salon-booking-app/node_modules/.pnpm/next@16.1.6_@babel+core@7.29.0_babel-plugin-react-compiler@1.0.0_react-dom@19.2.3_react@19.2.3__react@19.2.3/node_modules/next/node_modules:/home/yugz/domains/web-dev/salon-booking-app/node_modules/.pnpm/next@16.1.6_@babel+core@7.29.0_babel-plugin-react-compiler@1.0.0_react-dom@19.2.3_react@19.2.3__react@19.2.3/node_modules:/home/yugz/domains/web-dev/salon-booking-app/node_modules/.pnpm/node_modules/tailwindcss.css doesn't exist\n" +
    "        /home/yugz/domains/web-dev/salon-booking-app/node_modules/.pnpm/next@16.1.6_@babel+core@7.29.0_babel-plugin-react-compiler@1.0.0_react-dom@19.2.3_react@19.2.3__react@19.2.3/node_modules/next/dist/bin/node_modules:/home/yugz/domains/web-dev/salon-booking-app/node_modules/.pnpm/next@16.1.6_@babel+core@7.29.0_babel-plugin-react-compiler@1.0.0_react-dom@19.2.3_react@19.2.3__react@19.2.3/node_modules/next/dist/node_modules:/home/yugz/domains/web-dev/salon-booking-app/node_modules/.pnpm/next@16.1.6_@babel+core@7.29.0_babel-plugin-react-compiler@1.0.0_react-dom@19.2.3_react@19.2.3__react@19.2.3/node_modules/next/node_modules:/home/yugz/domains/web-dev/salon-booking-app/node_modules/.pnpm/next@16.1.6_@babel+core@7.29.0_babel-plugin-react-compiler@1.0.0_react-dom@19.2.3_react@19.2.3__react@19.2.3/node_modules:/home/yugz/domains/web-dev/salon-booking-app/node_modules/.pnpm/node_modules/tailwindcss doesn't exist"
}
Error: Can't resolve 'tailwindcss' in '/home/yugz/domains/web-dev'
    [2m[at finishWithoutResolve (/home/yugz/domains/web-dev/salon-booking-app/node_modules/.pnpm/enhanced-resolve@5.20.0/node_modules/enhanced-resolve/lib/Resolver.js:586:18)][0m
    [2m[at /home/yugz/domains/web-dev/salon-booking-app/node_modules/.pnpm/enhanced-resolve@5.20.0/node_modules/enhanced-resolve/lib/Resolver.js:678:14][0m
    [2m[at /home/yugz/domains/web-dev/salon-booking-app/node_modules/.pnpm/enhanced-resolve@5.20.0/node_modules/enhanced-resolve/lib/Resolver.js:739:5][0m
    [2m[at eval (eval at create (/home/yugz/domains/web-dev/salon-booking-app/node_modules/.pnpm/tapable@2.3.0/node_modules/tapable/lib/HookCodeFactory.js:31:10), <anonymous>:15:1)][0m
    [2m[at /home/yugz/domains/web-dev/salon-booking-app/node_modules/.pnpm/enhanced-resolve@5.20.0/node_modules/enhanced-resolve/lib/Resolver.js:739:5][0m
    [2m[at eval (eval at create (/home/yugz/domains/web-dev/salon-booking-app/node_modules/.pnpm/tapable@2.3.0/node_modules/tapable/lib/HookCodeFactory.js:31:10), <anonymous>:27:1)][0m
    [2m[at /home/yugz/domains/web-dev/salon-booking-app/node_modules/.pnpm/enhanced-resolve@5.20.0/node_modules/enhanced-resolve/lib/DescriptionFilePlugin.js:89:43][0m
    [2m[at /home/yugz/domains/web-dev/salon-booking-app/node_modules/.pnpm/enhanced-resolve@5.20.0/node_modules/enhanced-resolve/lib/Resolver.js:739:5][0m
    [2m[at eval (eval at create (/home/yugz/domains/web-dev/salon-booking-app/node_modules/.pnpm/tapable@2.3.0/node_modules/tapable/lib/HookCodeFactory.js:31:10), <anonymous>:15:1)][0m
    [2m[at /home/yugz/domains/web-dev/salon-booking-app/node_modules/.pnpm/enhanced-resolve@5.20.0/node_modules/enhanced-resolve/lib/Resolver.js:739:5][0m {
  details: "resolve 'tailwindcss' in '/home/yugz/domains/web-dev'\n" +
    '  Parsed request is a module\n' +
    '  using description file: /home/yugz/domains/web-dev/package.json (relative path: .)\n' +
    '    resolve as module\n' +
    '      looking for modules in /home/yugz/domains/web-dev/node_modules\n' +
    '        single file module\n' +
    '          using description file: /home/yugz/domains/web-dev/package.json (relative path: ./node_modules/tailwindcss)\n' +
    '            no extension\n' +
    "              /home/yugz/domains/web-dev/node_modules/tailwindcss doesn't exist\n" +
    '            .css\n' +
    "              /home/yugz/domains/web-dev/node_modules/tailwindcss.css doesn't exist\n" +
    "        /home/yugz/domains/web-dev/node_modules/tailwindcss doesn't exist\n" +
    "      /home/yugz/domains/node_modules doesn't exist or is not a directory\n" +
    "      /home/yugz/node_modules doesn't exist or is not a directory\n" +
    "      /home/node_modules doesn't exist or is not a directory\n" +
    "      /node_modules doesn't exist or is not a directory\n" +
    '      looking for modules in /home/yugz/domains/web-dev/salon-booking-app/node_modules/.pnpm/next@16.1.6_@babel+core@7.29.0_babel-plugin-react-compiler@1.0.0_react-dom@19.2.3_react@19.2.3__react@19.2.3/node_modules/next/dist/bin/node_modules:/home/yugz/domains/web-dev/salon-booking-app/node_modules/.pnpm/next@16.1.6_@babel+core@7.29.0_babel-plugin-react-compiler@1.0.0_react-dom@19.2.3_react@19.2.3__react@19.2.3/node_modules/next/dist/node_modules:/home/yugz/domains/web-dev/salon-booking-app/node_modules/.pnpm/next@16.1.6_@babel+core@7.29.0_babel-plugin-react-compiler@1.0.0_react-dom@19.2.3_react@19.2.3__react@19.2.3/node_modules/next/node_modules:/home/yugz/domains/web-dev/salon-booking-app/node_modules/.pnpm/next@16.1.6_@babel+core@7.29.0_babel-plugin-react-compiler@1.0.0_react-dom@19.2.3_react@19.2.3__react@19.2.3/node_modules:/home/yugz/domains/web-dev/salon-booking-app/node_modules/.pnpm/node_modules\n' +
    '        single file module\n' +
    '          using description file: /home/yugz/domains/web-dev/salon-booking-app/node_modules/.pnpm/next@16.1.6_@babel+core@7.29.0_babel-plugin-react-compiler@1.0.0_react-dom@19.2.3_react@19.2.3__react@19.2.3/node_modules/next/package.json (relative path: ./dist/bin/node_modules:/home/yugz/domains/web-dev/salon-booking-app/node_modules/.pnpm/next@16.1.6_@babel+core@7.29.0_babel-plugin-react-compiler@1.0.0_react-dom@19.2.3_react@19.2.3__react@19.2.3/node_modules/next/dist/node_modules:/home/yugz/domains/web-dev/salon-booking-app/node_modules/.pnpm/next@16.1.6_@babel+core@7.29.0_babel-plugin-react-compiler@1.0.0_react-dom@19.2.3_react@19.2.3__react@19.2.3/node_modules/next/node_modules:/home/yugz/domains/web-dev/salon-booking-app/node_modules/.pnpm/next@16.1.6_@babel+core@7.29.0_babel-plugin-react-compiler@1.0.0_react-dom@19.2.3_react@19.2.3__react@19.2.3/node_modules:/home/yugz/domains/web-dev/salon-booking-app/node_modules/.pnpm/node_modules/tailwindcss)\n' +
    '            no extension\n' +
    "              /home/yugz/domains/web-dev/salon-booking-app/node_modules/.pnpm/next@16.1.6_@babel+core@7.29.0_babel-plugin-react-compiler@1.0.0_react-dom@19.2.3_react@19.2.3__react@19.2.3/node_modules/next/dist/bin/node_modules:/home/yugz/domains/web-dev/salon-booking-app/node_modules/.pnpm/next@16.1.6_@babel+core@7.29.0_babel-plugin-react-compiler@1.0.0_react-dom@19.2.3_react@19.2.3__react@19.2.3/node_modules/next/dist/node_modules:/home/yugz/domains/web-dev/salon-booking-app/node_modules/.pnpm/next@16.1.6_@babel+core@7.29.0_babel-plugin-react-compiler@1.0.0_react-dom@19.2.3_react@19.2.3__react@19.2.3/node_modules/next/node_modules:/home/yugz/domains/web-dev/salon-booking-app/node_modules/.pnpm/next@16.1.6_@babel+core@7.29.0_babel-plugin-react-compiler@1.0.0_react-dom@19.2.3_react@19.2.3__react@19.2.3/node_modules:/home/yugz/domains/web-dev/salon-booking-app/node_modules/.pnpm/node_modules/tailwindcss doesn't exist\n" +
    '            .css\n' +
    "              /home/yugz/domains/web-dev/salon-booking-app/node_modules/.pnpm/next@16.1.6_@babel+core@7.29.0_babel-plugin-react-compiler@1.0.0_react-dom@19.2.3_react@19.2.3__react@19.2.3/node_modules/next/dist/bin/node_modules:/home/yugz/domains/web-dev/salon-booking-app/node_modules/.pnpm/next@16.1.6_@babel+core@7.29.0_babel-plugin-react-compiler@1.0.0_react-dom@19.2.3_react@19.2.3__react@19.2.3/node_modules/next/dist/node_modules:/home/yugz/domains/web-dev/salon-booking-app/node_modules/.pnpm/next@16.1.6_@babel+core@7.29.0_babel-plugin-react-compiler@1.0.0_react-dom@19.2.3_react@19.2.3__react@19.2.3/node_modules/next/node_modules:/home/yugz/domains/web-dev/salon-booking-app/node_modules/.pnpm/next@16.1.6_@babel+core@7.29.0_babel-plugin-react-compiler@1.0.0_react-dom@19.2.3_react@19.2.3__react@19.2.3/node_modules:/home/yugz/domains/web-dev/salon-booking-app/node_modules/.pnpm/node_modules/tailwindcss.css doesn't exist\n" +
    "        /home/yugz/domains/web-dev/salon-booking-app/node_modules/.pnpm/next@16.1.6_@babel+core@7.29.0_babel-plugin-react-compiler@1.0.0_react-dom@19.2.3_react@19.2.3__react@19.2.3/node_modules/next/dist/bin/node_modules:/home/yugz/domains/web-dev/salon-booking-app/node_modules/.pnpm/next@16.1.6_@babel+core@7.29.0_babel-plugin-react-compiler@1.0.0_react-dom@19.2.3_react@19.2.3__react@19.2.3/node_modules/next/dist/node_modules:/home/yugz/domains/web-dev/salon-booking-app/node_modules/.pnpm/next@16.1.6_@babel+core@7.29.0_babel-plugin-react-compiler@1.0.0_react-dom@19.2.3_react@19.2.3__react@19.2.3/node_modules/next/node_modules:/home/yugz/domains/web-dev/salon-booking-app/node_modules/.pnpm/next@16.1.6_@babel+core@7.29.0_babel-plugin-react-compiler@1.0.0_react-dom@19.2.3_react@19.2.3__react@19.2.3/node_modules:/home/yugz/domains/web-dev/salon-booking-app/node_modules/.pnpm/node_modules/tailwindcss doesn't exist"
}
Error: Can't resolve 'tailwindcss' in '/home/yugz/domains/web-dev'
    [2m[at finishWithoutResolve (/home/yugz/domains/web-dev/salon-booking-app/node_modules/.pnpm/enhanced-resolve@5.20.0/node_modules/enhanced-resolve/lib/Resolver.js:586:18)][0m
    [2m[at /home/yugz/domains/web-dev/salon-booking-app/node_modules/.pnpm/enhanced-resolve@5.20.0/node_modules/enhanced-resolve/lib/Resolver.js:678:14][0m
    [2m[at /home/yugz/domains/web-dev/salon-booking-app/node_modules/.pnpm/enhanced-resolve@5.20.0/node_modules/enhanced-resolve/lib/Resolver.js:739:5][0m
    [2m[at eval (eval at create (/home/yugz/domains/web-dev/salon-booking-app/node_modules/.pnpm/tapable@2.3.0/node_modules/tapable/lib/HookCodeFactory.js:31:10), <anonymous>:15:1)][0m
    [2m[at /home/yugz/domains/web-dev/salon-booking-app/node_modules/.pnpm/enhanced-resolve@5.20.0/node_modules/enhanced-resolve/lib/Resolver.js:739:5][0m
    [2m[at eval (eval at create (/home/yugz/domains/web-dev/salon-booking-app/node_modules/.pnpm/tapable@2.3.0/node_modules/tapable/lib/HookCodeFactory.js:31:10), <anonymous>:27:1)][0m
    [2m[at /home/yugz/domains/web-dev/salon-booking-app/node_modules/.pnpm/enhanced-resolve@5.20.0/node_modules/enhanced-resolve/lib/DescriptionFilePlugin.js:89:43][0m
    [2m[at /home/yugz/domains/web-dev/salon-booking-app/node_modules/.pnpm/enhanced-resolve@5.20.0/node_modules/enhanced-resolve/lib/Resolver.js:739:5][0m
    [2m[at eval (eval at create (/home/yugz/domains/web-dev/salon-booking-app/node_modules/.pnpm/tapable@2.3.0/node_modules/tapable/lib/HookCodeFactory.js:31:10), <anonymous>:15:1)][0m
    [2m[at /home/yugz/domains/web-dev/salon-booking-app/node_modules/.pnpm/enhanced-resolve@5.20.0/node_modules/enhanced-resolve/lib/Resolver.js:739:5][0m {
  details: "resolve 'tailwindcss' in '/home/yugz/domains/web-dev'\n" +
    '  Parsed request is a module\n' +
    '  using description file: /home/yugz/domains/web-dev/package.json (relative path: .)\n' +
    '    resolve as module\n' +
    '      looking for modules in /home/yugz/domains/web-dev/node_modules\n' +
    '        single file module\n' +
    '          using description file: /home/yugz/domains/web-dev/package.json (relative path: ./node_modules/tailwindcss)\n' +
    '            no extension\n' +
    "              /home/yugz/domains/web-dev/node_modules/tailwindcss doesn't exist\n" +
    '            .css\n' +
    "              /home/yugz/domains/web-dev/node_modules/tailwindcss.css doesn't exist\n" +
    "        /home/yugz/domains/web-dev/node_modules/tailwindcss doesn't exist\n" +
    "      /home/yugz/domains/node_modules doesn't exist or is not a directory\n" +
    "      /home/yugz/node_modules doesn't exist or is not a directory\n" +
    "      /home/node_modules doesn't exist or is not a directory\n" +
    "      /node_modules doesn't exist or is not a directory\n" +
    '      looking for modules in /home/yugz/domains/web-dev/salon-booking-app/node_modules/.pnpm/next@16.1.6_@babel+core@7.29.0_babel-plugin-react-compiler@1.0.0_react-dom@19.2.3_react@19.2.3__react@19.2.3/node_modules/next/dist/bin/node_modules:/home/yugz/domains/web-dev/salon-booking-app/node_modules/.pnpm/next@16.1.6_@babel+core@7.29.0_babel-plugin-react-compiler@1.0.0_react-dom@19.2.3_react@19.2.3__react@19.2.3/node_modules/next/dist/node_modules:/home/yugz/domains/web-dev/salon-booking-app/node_modules/.pnpm/next@16.1.6_@babel+core@7.29.0_babel-plugin-react-compiler@1.0.0_react-dom@19.2.3_react@19.2.3__react@19.2.3/node_modules/next/node_modules:/home/yugz/domains/web-dev/salon-booking-app/node_modules/.pnpm/next@16.1.6_@babel+core@7.29.0_babel-plugin-react-compiler@1.0.0_react-dom@19.2.3_react@19.2.3__react@19.2.3/node_modules:/home/yugz/domains/web-dev/salon-booking-app/node_modules/.pnpm/node_modules\n' +
    '        single file module\n' +
    '          using description file: /home/yugz/domains/web-dev/salon-booking-app/node_modules/.pnpm/next@16.1.6_@babel+core@7.29.0_babel-plugin-react-compiler@1.0.0_react-dom@19.2.3_react@19.2.3__react@19.2.3/node_modules/next/package.json (relative path: ./dist/bin/node_modules:/home/yugz/domains/web-dev/salon-booking-app/node_modules/.pnpm/next@16.1.6_@babel+core@7.29.0_babel-plugin-react-compiler@1.0.0_react-dom@19.2.3_react@19.2.3__react@19.2.3/node_modules/next/dist/node_modules:/home/yugz/domains/web-dev/salon-booking-app/node_modules/.pnpm/next@16.1.6_@babel+core@7.29.0_babel-plugin-react-compiler@1.0.0_react-dom@19.2.3_react@19.2.3__react@19.2.3/node_modules/next/node_modules:/home/yugz/domains/web-dev/salon-booking-app/node_modules/.pnpm/next@16.1.6_@babel+core@7.29.0_babel-plugin-react-compiler@1.0.0_react-dom@19.2.3_react@19.2.3__react@19.2.3/node_modules:/home/yugz/domains/web-dev/salon-booking-app/node_modules/.pnpm/node_modules/tailwindcss)\n' +
    '            no extension\n' +
    "              /home/yugz/domains/web-dev/salon-booking-app/node_modules/.pnpm/next@16.1.6_@babel+core@7.29.0_babel-plugin-react-compiler@1.0.0_react-dom@19.2.3_react@19.2.3__react@19.2.3/node_modules/next/dist/bin/node_modules:/home/yugz/domains/web-dev/salon-booking-app/node_modules/.pnpm/next@16.1.6_@babel+core@7.29.0_babel-plugin-react-compiler@1.0.0_react-dom@19.2.3_react@19.2.3__react@19.2.3/node_modules/next/dist/node_modules:/home/yugz/domains/web-dev/salon-booking-app/node_modules/.pnpm/next@16.1.6_@babel+core@7.29.0_babel-plugin-react-compiler@1.0.0_react-dom@19.2.3_react@19.2.3__react@19.2.3/node_modules/next/node_modules:/home/yugz/domains/web-dev/salon-booking-app/node_modules/.pnpm/next@16.1.6_@babel+core@7.29.0_babel-plugin-react-compiler@1.0.0_react-dom@19.2.3_react@19.2.3__react@19.2.3/node_modules:/home/yugz/domains/web-dev/salon-booking-app/node_modules/.pnpm/node_modules/tailwindcss doesn't exist\n" +
    '            .css\n' +
    "              /home/yugz/domains/web-dev/salon-booking-app/node_modules/.pnpm/next@16.1.6_@babel+core@7.29.0_babel-plugin-react-compiler@1.0.0_react-dom@19.2.3_react@19.2.3__react@19.2.3/node_modules/next/dist/bin/node_modules:/home/yugz/domains/web-dev/salon-booking-app/node_modules/.pnpm/next@16.1.6_@babel+core@7.29.0_babel-plugin-react-compiler@1.0.0_react-dom@19.2.3_react@19.2.3__react@19.2.3/node_modules/next/dist/node_modules:/home/yugz/domains/web-dev/salon-booking-app/node_modules/.pnpm/next@16.1.6_@babel+core@7.29.0_babel-plugin-react-compiler@1.0.0_react-dom@19.2.3_react@19.2.3__react@19.2.3/node_modules/next/node_modules:/home/yugz/domains/web-dev/salon-booking-app/node_modules/.pnpm/next@16.1.6_@babel+core@7.29.0_babel-plugin-react-compiler@1.0.0_react-dom@19.2.3_react@19.2.3__react@19.2.3/node_modules:/home/yugz/domains/web-dev/salon-booking-app/node_modules/.pnpm/node_modules/tailwindcss.css doesn't exist\n" +
    "        /home/yugz/domains/web-dev/salon-booking-app/node_modules/.pnpm/next@16.1.6_@babel+core@7.29.0_babel-plugin-react-compiler@1.0.0_react-dom@19.2.3_react@19.2.3__react@19.2.3/node_modules/next/dist/bin/node_modules:/home/yugz/domains/web-dev/salon-booking-app/node_modules/.pnpm/next@16.1.6_@babel+core@7.29.0_babel-plugin-react-compiler@1.0.0_react-dom@19.2.3_react@19.2.3__react@19.2.3/node_modules/next/dist/node_modules:/home/yugz/domains/web-dev/salon-booking-app/node_modules/.pnpm/next@16.1.6_@babel+core@7.29.0_babel-plugin-react-compiler@1.0.0_react-dom@19.2.3_react@19.2.3__react@19.2.3/node_modules/next/node_modules:/home/yugz/domains/web-dev/salon-booking-app/node_modules/.pnpm/next@16.1.6_@babel+core@7.29.0_babel-plugin-react-compiler@1.0.0_react-dom@19.2.3_react@19.2.3__react@19.2.3/node_modules:/home/yugz/domains/web-dev/salon-booking-app/node_modules/.pnpm/node_modules/tailwindcss doesn't exist"
}
Error: Can't resolve 'tailwindcss' in '/home/yugz/domains/web-dev'
    [2m[at finishWithoutResolve (/home/yugz/domains/web-dev/salon-booking-app/node_modules/.pnpm/enhanced-resolve@5.20.0/node_modules/enhanced-resolve/lib/Resolver.js:586:18)][0m
    [2m[at /home/yugz/domains/web-dev/salon-booking-app/node_modules/.pnpm/enhanced-resolve@5.20.0/node_modules/enhanced-resolve/lib/Resolver.js:678:14][0m
    [2m[at /home/yugz/domains/web-dev/salon-booking-app/node_modules/.pnpm/enhanced-resolve@5.20.0/node_modules/enhanced-resolve/lib/Resolver.js:739:5][0m
    [2m[at eval (eval at create (/home/yugz/domains/web-dev/salon-booking-app/node_modules/.pnpm/tapable@2.3.0/node_modules/tapable/lib/HookCodeFactory.js:31:10), <anonymous>:15:1)][0m
    [2m[at /home/yugz/domains/web-dev/salon-booking-app/node_modules/.pnpm/enhanced-resolve@5.20.0/node_modules/enhanced-resolve/lib/Resolver.js:739:5][0m
    [2m[at eval (eval at create (/home/yugz/domains/web-dev/salon-booking-app/node_modules/.pnpm/tapable@2.3.0/node_modules/tapable/lib/HookCodeFactory.js:31:10), <anonymous>:27:1)][0m
    [2m[at /home/yugz/domains/web-dev/salon-booking-app/node_modules/.pnpm/enhanced-resolve@5.20.0/node_modules/enhanced-resolve/lib/DescriptionFilePlugin.js:89:43][0m
    [2m[at /home/yugz/domains/web-dev/salon-booking-app/node_modules/.pnpm/enhanced-resolve@5.20.0/node_modules/enhanced-resolve/lib/Resolver.js:739:5][0m
    [2m[at eval (eval at create (/home/yugz/domains/web-dev/salon-booking-app/node_modules/.pnpm/tapable@2.3.0/node_modules/tapable/lib/HookCodeFactory.js:31:10), <anonymous>:15:1)][0m
    [2m[at /home/yugz/domains/web-dev/salon-booking-app/node_modules/.pnpm/enhanced-resolve@5.20.0/node_modules/enhanced-resolve/lib/Resolver.js:739:5][0m {
  details: "resolve 'tailwindcss' in '/home/yugz/domains/web-dev'\n" +
    '  Parsed request is a module\n' +
    '  using description file: /home/yugz/domains/web-dev/package.json (relative path: .)\n' +
    '    resolve as module\n' +
    '      looking for modules in /home/yugz/domains/web-dev/node_modules\n' +
    '        single file module\n' +
    '          using description file: /home/yugz/domains/web-dev/package.json (relative path: ./node_modules/tailwindcss)\n' +
    '            no extension\n' +
    "              /home/yugz/domains/web-dev/node_modules/tailwindcss doesn't exist\n" +
    '            .css\n' +
    "              /home/yugz/domains/web-dev/node_modules/tailwindcss.css doesn't exist\n" +
    "        /home/yugz/domains/web-dev/node_modules/tailwindcss doesn't exist\n" +
    "      /home/yugz/domains/node_modules doesn't exist or is not a directory\n" +
    "      /home/yugz/node_modules doesn't exist or is not a directory\n" +
    "      /home/node_modules doesn't exist or is not a directory\n" +
    "      /node_modules doesn't exist or is not a directory\n" +
    '      looking for modules in /home/yugz/domains/web-dev/salon-booking-app/node_modules/.pnpm/next@16.1.6_@babel+core@7.29.0_babel-plugin-react-compiler@1.0.0_react-dom@19.2.3_react@19.2.3__react@19.2.3/node_modules/next/dist/bin/node_modules:/home/yugz/domains/web-dev/salon-booking-app/node_modules/.pnpm/next@16.1.6_@babel+core@7.29.0_babel-plugin-react-compiler@1.0.0_react-dom@19.2.3_react@19.2.3__react@19.2.3/node_modules/next/dist/node_modules:/home/yugz/domains/web-dev/salon-booking-app/node_modules/.pnpm/next@16.1.6_@babel+core@7.29.0_babel-plugin-react-compiler@1.0.0_react-dom@19.2.3_react@19.2.3__react@19.2.3/node_modules/next/node_modules:/home/yugz/domains/web-dev/salon-booking-app/node_modules/.pnpm/next@16.1.6_@babel+core@7.29.0_babel-plugin-react-compiler@1.0.0_react-dom@19.2.3_react@19.2.3__react@19.2.3/node_modules:/home/yugz/domains/web-dev/salon-booking-app/node_modules/.pnpm/node_modules\n' +
    '        single file module\n' +
    '          using description file: /home/yugz/domains/web-dev/salon-booking-app/node_modules/.pnpm/next@16.1.6_@babel+core@7.29.0_babel-plugin-react-compiler@1.0.0_react-dom@19.2.3_react@19.2.3__react@19.2.3/node_modules/next/package.json (relative path: ./dist/bin/node_modules:/home/yugz/domains/web-dev/salon-booking-app/node_modules/.pnpm/next@16.1.6_@babel+core@7.29.0_babel-plugin-react-compiler@1.0.0_react-dom@19.2.3_react@19.2.3__react@19.2.3/node_modules/next/dist/node_modules:/home/yugz/domains/web-dev/salon-booking-app/node_modules/.pnpm/next@16.1.6_@babel+core@7.29.0_babel-plugin-react-compiler@1.0.0_react-dom@19.2.3_react@19.2.3__react@19.2.3/node_modules/next/node_modules:/home/yugz/domains/web-dev/salon-booking-app/node_modules/.pnpm/next@16.1.6_@babel+core@7.29.0_babel-plugin-react-compiler@1.0.0_react-dom@19.2.3_react@19.2.3__react@19.2.3/node_modules:/home/yugz/domains/web-dev/salon-booking-app/node_modules/.pnpm/node_modules/tailwindcss)\n' +
    '            no extension\n' +
    "              /home/yugz/domains/web-dev/salon-booking-app/node_modules/.pnpm/next@16.1.6_@babel+core@7.29.0_babel-plugin-react-compiler@1.0.0_react-dom@19.2.3_react@19.2.3__react@19.2.3/node_modules/next/dist/bin/node_modules:/home/yugz/domains/web-dev/salon-booking-app/node_modules/.pnpm/next@16.1.6_@babel+core@7.29.0_babel-plugin-react-compiler@1.0.0_react-dom@19.2.3_react@19.2.3__react@19.2.3/node_modules/next/dist/node_modules:/home/yugz/domains/web-dev/salon-booking-app/node_modules/.pnpm/next@16.1.6_@babel+core@7.29.0_babel-plugin-react-compiler@1.0.0_react-dom@19.2.3_react@19.2.3__react@19.2.3/node_modules/next/node_modules:/home/yugz/domains/web-dev/salon-booking-app/node_modules/.pnpm/next@16.1.6_@babel+core@7.29.0_babel-plugin-react-compiler@1.0.0_react-dom@19.2.3_react@19.2.3__react@19.2.3/node_modules:/home/yugz/domains/web-dev/salon-booking-app/node_modules/.pnpm/node_modules/tailwindcss doesn't exist\n" +
    '            .css\n' +
    "              /home/yugz/domains/web-dev/salon-booking-app/node_modules/.pnpm/next@16.1.6_@babel+core@7.29.0_babel-plugin-react-compiler@1.0.0_react-dom@19.2.3_react@19.2.3__react@19.2.3/node_modules/next/dist/bin/node_modules:/home/yugz/domains/web-dev/salon-booking-app/node_modules/.pnpm/next@16.1.6_@babel+core@7.29.0_babel-plugin-react-compiler@1.0.0_react-dom@19.2.3_react@19.2.3__react@19.2.3/node_modules/next/dist/node_modules:/home/yugz/domains/web-dev/salon-booking-app/node_modules/.pnpm/next@16.1.6_@babel+core@7.29.0_babel-plugin-react-compiler@1.0.0_react-dom@19.2.3_react@19.2.3__react@19.2.3/node_modules/next/node_modules:/home/yugz/domains/web-dev/salon-booking-app/node_modules/.pnpm/next@16.1.6_@babel+core@7.29.0_babel-plugin-react-compiler@1.0.0_react-dom@19.2.3_react@19.2.3__react@19.2.3/node_modules:/home/yugz/domains/web-dev/salon-booking-app/node_modules/.pnpm/node_modules/tailwindcss.css doesn't exist\n" +
    "        /home/yugz/domains/web-dev/salon-booking-app/node_modules/.pnpm/next@16.1.6_@babel+core@7.29.0_babel-plugin-react-compiler@1.0.0_react-dom@19.2.3_react@19.2.3__react@19.2.3/node_modules/next/dist/bin/node_modules:/home/yugz/domains/web-dev/salon-booking-app/node_modules/.pnpm/next@16.1.6_@babel+core@7.29.0_babel-plugin-react-compiler@1.0.0_react-dom@19.2.3_react@19.2.3__react@19.2.3/node_modules/next/dist/node_modules:/home/yugz/domains/web-dev/salon-booking-app/node_modules/.pnpm/next@16.1.6_@babel+core@7.29.0_babel-plugin-react-compiler@1.0.0_react-dom@19.2.3_react@19.2.3__react@19.2.3/node_modules/next/node_modules:/home/yugz/domains/web-dev/salon-booking-app/node_modules/.pnpm/next@16.1.6_@babel+core@7.29.0_babel-plugin-react-compiler@1.0.0_react-dom@19.2.3_react@19.2.3__react@19.2.3/node_modules:/home/yugz/domains/web-dev/salon-booking-app/node_modules/.pnpm/node_modules/tailwindcss doesn't exist"
}
Error: Can't resolve 'tailwindcss' in '/home/yugz/domains/web-dev'
    [2m[at finishWithoutResolve (/home/yugz/domains/web-dev/salon-booking-app/node_modules/.pnpm/enhanced-resolve@5.20.0/node_modules/enhanced-resolve/lib/Resolver.js:586:18)][0m
    [2m[at /home/yugz/domains/web-dev/salon-booking-app/node_modules/.pnpm/enhanced-resolve@5.20.0/node_modules/enhanced-resolve/lib/Resolver.js:678:14][0m
    [2m[at /home/yugz/domains/web-dev/salon-booking-app/node_modules/.pnpm/enhanced-resolve@5.20.0/node_modules/enhanced-resolve/lib/Resolver.js:739:5][0m
    [2m[at eval (eval at create (/home/yugz/domains/web-dev/salon-booking-app/node_modules/.pnpm/tapable@2.3.0/node_modules/tapable/lib/HookCodeFactory.js:31:10), <anonymous>:15:1)][0m
    [2m[at /home/yugz/domains/web-dev/salon-booking-app/node_modules/.pnpm/enhanced-resolve@5.20.0/node_modules/enhanced-resolve/lib/Resolver.js:739:5][0m
    [2m[at eval (eval at create (/home/yugz/domains/web-dev/salon-booking-app/node_modules/.pnpm/tapable@2.3.0/node_modules/tapable/lib/HookCodeFactory.js:31:10), <anonymous>:27:1)][0m
    [2m[at /home/yugz/domains/web-dev/salon-booking-app/node_modules/.pnpm/enhanced-resolve@5.20.0/node_modules/enhanced-resolve/lib/DescriptionFilePlugin.js:89:43][0m
    [2m[at /home/yugz/domains/web-dev/salon-booking-app/node_modules/.pnpm/enhanced-resolve@5.20.0/node_modules/enhanced-resolve/lib/Resolver.js:739:5][0m
    [2m[at eval (eval at create (/home/yugz/domains/web-dev/salon-booking-app/node_modules/.pnpm/tapable@2.3.0/node_modules/tapable/lib/HookCodeFactory.js:31:10), <anonymous>:15:1)][0m
    [2m[at /home/yugz/domains/web-dev/salon-booking-app/node_modules/.pnpm/enhanced-resolve@5.20.0/node_modules/enhanced-resolve/lib/Resolver.js:739:5][0m {
  details: "resolve 'tailwindcss' in '/home/yugz/domains/web-dev'\n" +
    '  Parsed request is a module\n' +
    '  using description file: /home/yugz/domains/web-dev/package.json (relative path: .)\n' +
    '    resolve as module\n' +
    '      looking for modules in /home/yugz/domains/web-dev/node_modules\n' +
    '        single file module\n' +
    '          using description file: /home/yugz/domains/web-dev/package.json (relative path: ./node_modules/tailwindcss)\n' +
    '            no extension\n' +
    "              /home/yugz/domains/web-dev/node_modules/tailwindcss doesn't exist\n" +
    '            .css\n' +
    "              /home/yugz/domains/web-dev/node_modules/tailwindcss.css doesn't exist\n" +
    "        /home/yugz/domains/web-dev/node_modules/tailwindcss doesn't exist\n" +
    "      /home/yugz/domains/node_modules doesn't exist or is not a directory\n" +
    "      /home/yugz/node_modules doesn't exist or is not a directory\n" +
    "      /home/node_modules doesn't exist or is not a directory\n" +
    "      /node_modules doesn't exist or is not a directory\n" +
    '      looking for modules in /home/yugz/domains/web-dev/salon-booking-app/node_modules/.pnpm/next@16.1.6_@babel+core@7.29.0_babel-plugin-react-compiler@1.0.0_react-dom@19.2.3_react@19.2.3__react@19.2.3/node_modules/next/dist/bin/node_modules:/home/yugz/domains/web-dev/salon-booking-app/node_modules/.pnpm/next@16.1.6_@babel+core@7.29.0_babel-plugin-react-compiler@1.0.0_react-dom@19.2.3_react@19.2.3__react@19.2.3/node_modules/next/dist/node_modules:/home/yugz/domains/web-dev/salon-booking-app/node_modules/.pnpm/next@16.1.6_@babel+core@7.29.0_babel-plugin-react-compiler@1.0.0_react-dom@19.2.3_react@19.2.3__react@19.2.3/node_modules/next/node_modules:/home/yugz/domains/web-dev/salon-booking-app/node_modules/.pnpm/next@16.1.6_@babel+core@7.29.0_babel-plugin-react-compiler@1.0.0_react-dom@19.2.3_react@19.2.3__react@19.2.3/node_modules:/home/yugz/domains/web-dev/salon-booking-app/node_modules/.pnpm/node_modules\n' +
    '        single file module\n' +
    '          using description file: /home/yugz/domains/web-dev/salon-booking-app/node_modules/.pnpm/next@16.1.6_@babel+core@7.29.0_babel-plugin-react-compiler@1.0.0_react-dom@19.2.3_react@19.2.3__react@19.2.3/node_modules/next/package.json (relative path: ./dist/bin/node_modules:/home/yugz/domains/web-dev/salon-booking-app/node_modules/.pnpm/next@16.1.6_@babel+core@7.29.0_babel-plugin-react-compiler@1.0.0_react-dom@19.2.3_react@19.2.3__react@19.2.3/node_modules/next/dist/node_modules:/home/yugz/domains/web-dev/salon-booking-app/node_modules/.pnpm/next@16.1.6_@babel+core@7.29.0_babel-plugin-react-compiler@1.0.0_react-dom@19.2.3_react@19.2.3__react@19.2.3/node_modules/next/node_modules:/home/yugz/domains/web-dev/salon-booking-app/node_modules/.pnpm/next@16.1.6_@babel+core@7.29.0_babel-plugin-react-compiler@1.0.0_react-dom@19.2.3_react@19.2.3__react@19.2.3/node_modules:/home/yugz/domains/web-dev/salon-booking-app/node_modules/.pnpm/node_modules/tailwindcss)\n' +
    '            no extension\n' +
    "              /home/yugz/domains/web-dev/salon-booking-app/node_modules/.pnpm/next@16.1.6_@babel+core@7.29.0_babel-plugin-react-compiler@1.0.0_react-dom@19.2.3_react@19.2.3__react@19.2.3/node_modules/next/dist/bin/node_modules:/home/yugz/domains/web-dev/salon-booking-app/node_modules/.pnpm/next@16.1.6_@babel+core@7.29.0_babel-plugin-react-compiler@1.0.0_react-dom@19.2.3_react@19.2.3__react@19.2.3/node_modules/next/dist/node_modules:/home/yugz/domains/web-dev/salon-booking-app/node_modules/.pnpm/next@16.1.6_@babel+core@7.29.0_babel-plugin-react-compiler@1.0.0_react-dom@19.2.3_react@19.2.3__react@19.2.3/node_modules/next/node_modules:/home/yugz/domains/web-dev/salon-booking-app/node_modules/.pnpm/next@16.1.6_@babel+core@7.29.0_babel-plugin-react-compiler@1.0.0_react-dom@19.2.3_react@19.2.3__react@19.2.3/node_modules:/home/yugz/domains/web-dev/salon-booking-app/node_modules/.pnpm/node_modules/tailwindcss doesn't exist\n" +
    '            .css\n' +
    "              /home/yugz/domains/web-dev/salon-booking-app/node_modules/.pnpm/next@16.1.6_@babel+core@7.29.0_babel-plugin-react-compiler@1.0.0_react-dom@19.2.3_react@19.2.3__react@19.2.3/node_modules/next/dist/bin/node_modules:/home/yugz/domains/web-dev/salon-booking-app/node_modules/.pnpm/next@16.1.6_@babel+core@7.29.0_babel-plugin-react-compiler@1.0.0_react-dom@19.2.3_react@19.2.3__react@19.2.3/node_modules/next/dist/node_modules:/home/yugz/domains/web-dev/salon-booking-app/node_modules/.pnpm/next@16.1.6_@babel+core@7.29.0_babel-plugin-react-compiler@1.0.0_react-dom@19.2.3_react@19.2.3__react@19.2.3/node_modules/next/node_modules:/home/yugz/domains/web-dev/salon-booking-app/node_modules/.pnpm/next@16.1.6_@babel+core@7.29.0_babel-plugin-react-compiler@1.0.0_react-dom@19.2.3_react@19.2.3__react@19.2.3/node_modules:/home/yugz/domains/web-dev/salon-booking-app/node_modules/.pnpm/node_modules/tailwindcss.css doesn't exist\n" +
    "        /home/yugz/domains/web-dev/salon-booking-app/node_modules/.pnpm/next@16.1.6_@babel+core@7.29.0_babel-plugin-react-compiler@1.0.0_react-dom@19.2.3_react@19.2.3__react@19.2.3/node_modules/next/dist/bin/node_modules:/home/yugz/domains/web-dev/salon-booking-app/node_modules/.pnpm/next@16.1.6_@babel+core@7.29.0_babel-plugin-react-compiler@1.0.0_react-dom@19.2.3_react@19.2.3__react@19.2.3/node_modules/next/dist/node_modules:/home/yugz/domains/web-dev/salon-booking-app/node_modules/.pnpm/next@16.1.6_@babel+core@7.29.0_babel-plugin-react-compiler@1.0.0_react-dom@19.2.3_react@19.2.3__react@19.2.3/node_modules/next/node_modules:/home/yugz/domains/web-dev/salon-booking-app/node_modules/.pnpm/next@16.1.6_@babel+core@7.29.0_babel-plugin-react-compiler@1.0.0_react-dom@19.2.3_react@19.2.3__react@19.2.3/node_modules:/home/yugz/domains/web-dev/salon-booking-app/node_modules/.pnpm/node_modules/tailwindcss doesn't exist"
}
Error: Can't resolve 'tailwindcss' in '/home/yugz/domains/web-dev'
    [2m[at finishWithoutResolve (/home/yugz/domains/web-dev/salon-booking-app/node_modules/.pnpm/enhanced-resolve@5.20.0/node_modules/enhanced-resolve/lib/Resolver.js:586:18)][0m
    [2m[at /home/yugz/domains/web-dev/salon-booking-app/node_modules/.pnpm/enhanced-resolve@5.20.0/node_modules/enhanced-resolve/lib/Resolver.js:678:14][0m
    [2m[at /home/yugz/domains/web-dev/salon-booking-app/node_modules/.pnpm/enhanced-resolve@5.20.0/node_modules/enhanced-resolve/lib/Resolver.js:739:5][0m
    [2m[at eval (eval at create (/home/yugz/domains/web-dev/salon-booking-app/node_modules/.pnpm/tapable@2.3.0/node_modules/tapable/lib/HookCodeFactory.js:31:10), <anonymous>:15:1)][0m
    [2m[at /home/yugz/domains/web-dev/salon-booking-app/node_modules/.pnpm/enhanced-resolve@5.20.0/node_modules/enhanced-resolve/lib/Resolver.js:739:5][0m
    [2m[at eval (eval at create (/home/yugz/domains/web-dev/salon-booking-app/node_modules/.pnpm/tapable@2.3.0/node_modules/tapable/lib/HookCodeFactory.js:31:10), <anonymous>:27:1)][0m
    [2m[at /home/yugz/domains/web-dev/salon-booking-app/node_modules/.pnpm/enhanced-resolve@5.20.0/node_modules/enhanced-resolve/lib/DescriptionFilePlugin.js:89:43][0m
    [2m[at /home/yugz/domains/web-dev/salon-booking-app/node_modules/.pnpm/enhanced-resolve@5.20.0/node_modules/enhanced-resolve/lib/Resolver.js:739:5][0m
    [2m[at eval (eval at create (/home/yugz/domains/web-dev/salon-booking-app/node_modules/.pnpm/tapable@2.3.0/node_modules/tapable/lib/HookCodeFactory.js:31:10), <anonymous>:15:1)][0m
    [2m[at /home/yugz/domains/web-dev/salon-booking-app/node_modules/.pnpm/enhanced-resolve@5.20.0/node_modules/enhanced-resolve/lib/Resolver.js:739:5][0m {
  details: "resolve 'tailwindcss' in '/home/yugz/domains/web-dev'\n" +
    '  Parsed request is a module\n' +
    '  using description file: /home/yugz/domains/web-dev/package.json (relative path: .)\n' +
    '    resolve as module\n' +
    '      looking for modules in /home/yugz/domains/web-dev/node_modules\n' +
    '        single file module\n' +
    '          using description file: /home/yugz/domains/web-dev/package.json (relative path: ./node_modules/tailwindcss)\n' +
    '            no extension\n' +
    "              /home/yugz/domains/web-dev/node_modules/tailwindcss doesn't exist\n" +
    '            .css\n' +
    "              /home/yugz/domains/web-dev/node_modules/tailwindcss.css doesn't exist\n" +
    "        /home/yugz/domains/web-dev/node_modules/tailwindcss doesn't exist\n" +
    "      /home/yugz/domains/node_modules doesn't exist or is not a directory\n" +
    "      /home/yugz/node_modules doesn't exist or is not a directory\n" +
    "      /home/node_modules doesn't exist or is not a directory\n" +
    "      /node_modules doesn't exist or is not a directory\n" +
    '      looking for modules in /home/yugz/domains/web-dev/salon-booking-app/node_modules/.pnpm/next@16.1.6_@babel+core@7.29.0_babel-plugin-react-compiler@1.0.0_react-dom@19.2.3_react@19.2.3__react@19.2.3/node_modules/next/dist/bin/node_modules:/home/yugz/domains/web-dev/salon-booking-app/node_modules/.pnpm/next@16.1.6_@babel+core@7.29.0_babel-plugin-react-compiler@1.0.0_react-dom@19.2.3_react@19.2.3__react@19.2.3/node_modules/next/dist/node_modules:/home/yugz/domains/web-dev/salon-booking-app/node_modules/.pnpm/next@16.1.6_@babel+core@7.29.0_babel-plugin-react-compiler@1.0.0_react-dom@19.2.3_react@19.2.3__react@19.2.3/node_modules/next/node_modules:/home/yugz/domains/web-dev/salon-booking-app/node_modules/.pnpm/next@16.1.6_@babel+core@7.29.0_babel-plugin-react-compiler@1.0.0_react-dom@19.2.3_react@19.2.3__react@19.2.3/node_modules:/home/yugz/domains/web-dev/salon-booking-app/node_modules/.pnpm/node_modules\n' +
    '        single file module\n' +
    '          using description file: /home/yugz/domains/web-dev/salon-booking-app/node_modules/.pnpm/next@16.1.6_@babel+core@7.29.0_babel-plugin-react-compiler@1.0.0_react-dom@19.2.3_react@19.2.3__react@19.2.3/node_modules/next/package.json (relative path: ./dist/bin/node_modules:/home/yugz/domains/web-dev/salon-booking-app/node_modules/.pnpm/next@16.1.6_@babel+core@7.29.0_babel-plugin-react-compiler@1.0.0_react-dom@19.2.3_react@19.2.3__react@19.2.3/node_modules/next/dist/node_modules:/home/yugz/domains/web-dev/salon-booking-app/node_modules/.pnpm/next@16.1.6_@babel+core@7.29.0_babel-plugin-react-compiler@1.0.0_react-dom@19.2.3_react@19.2.3__react@19.2.3/node_modules/next/node_modules:/home/yugz/domains/web-dev/salon-booking-app/node_modules/.pnpm/next@16.1.6_@babel+core@7.29.0_babel-plugin-react-compiler@1.0.0_react-dom@19.2.3_react@19.2.3__react@19.2.3/node_modules:/home/yugz/domains/web-dev/salon-booking-app/node_modules/.pnpm/node_modules/tailwindcss)\n' +
    '            no extension\n' +
    "              /home/yugz/domains/web-dev/salon-booking-app/node_modules/.pnpm/next@16.1.6_@babel+core@7.29.0_babel-plugin-react-compiler@1.0.0_react-dom@19.2.3_react@19.2.3__react@19.2.3/node_modules/next/dist/bin/node_modules:/home/yugz/domains/web-dev/salon-booking-app/node_modules/.pnpm/next@16.1.6_@babel+core@7.29.0_babel-plugin-react-compiler@1.0.0_react-dom@19.2.3_react@19.2.3__react@19.2.3/node_modules/next/dist/node_modules:/home/yugz/domains/web-dev/salon-booking-app/node_modules/.pnpm/next@16.1.6_@babel+core@7.29.0_babel-plugin-react-compiler@1.0.0_react-dom@19.2.3_react@19.2.3__react@19.2.3/node_modules/next/node_modules:/home/yugz/domains/web-dev/salon-booking-app/node_modules/.pnpm/next@16.1.6_@babel+core@7.29.0_babel-plugin-react-compiler@1.0.0_react-dom@19.2.3_react@19.2.3__react@19.2.3/node_modules:/home/yugz/domains/web-dev/salon-booking-app/node_modules/.pnpm/node_modules/tailwindcss doesn't exist\n" +
    '            .css\n' +
    "              /home/yugz/domains/web-dev/salon-booking-app/node_modules/.pnpm/next@16.1.6_@babel+core@7.29.0_babel-plugin-react-compiler@1.0.0_react-dom@19.2.3_react@19.2.3__react@19.2.3/node_modules/next/dist/bin/node_modules:/home/yugz/domains/web-dev/salon-booking-app/node_modules/.pnpm/next@16.1.6_@babel+core@7.29.0_babel-plugin-react-compiler@1.0.0_react-dom@19.2.3_react@19.2.3__react@19.2.3/node_modules/next/dist/node_modules:/home/yugz/domains/web-dev/salon-booking-app/node_modules/.pnpm/next@16.1.6_@babel+core@7.29.0_babel-plugin-react-compiler@1.0.0_react-dom@19.2.3_react@19.2.3__react@19.2.3/node_modules/next/node_modules:/home/yugz/domains/web-dev/salon-booking-app/node_modules/.pnpm/next@16.1.6_@babel+core@7.29.0_babel-plugin-react-compiler@1.0.0_react-dom@19.2.3_react@19.2.3__react@19.2.3/node_modules:/home/yugz/domains/web-dev/salon-booking-app/node_modules/.pnpm/node_modules/tailwindcss.css doesn't exist\n" +
    "        /home/yugz/domains/web-dev/salon-booking-app/node_modules/.pnpm/next@16.1.6_@babel+core@7.29.0_babel-plugin-react-compiler@1.0.0_react-dom@19.2.3_react@19.2.3__react@19.2.3/node_modules/next/dist/bin/node_modules:/home/yugz/domains/web-dev/salon-booking-app/node_modules/.pnpm/next@16.1.6_@babel+core@7.29.0_babel-plugin-react-compiler@1.0.0_react-dom@19.2.3_react@19.2.3__react@19.2.3/node_modules/next/dist/node_modules:/home/yugz/domains/web-dev/salon-booking-app/node_modules/.pnpm/next@16.1.6_@babel+core@7.29.0_babel-plugin-react-compiler@1.0.0_react-dom@19.2.3_react@19.2.3__react@19.2.3/node_modules/next/node_modules:/home/yugz/domains/web-dev/salon-booking-app/node_modules/.pnpm/next@16.1.6_@babel+core@7.29.0_babel-plugin-react-compiler@1.0.0_react-dom@19.2.3_react@19.2.3__react@19.2.3/node_modules:/home/yugz/domains/web-dev/salon-booking-app/node_modules/.pnpm/node_modules/tailwindcss doesn't exist"
}
Error: Can't resolve 'tailwindcss' in '/home/yugz/domains/web-dev'
    [2m[at finishWithoutResolve (/home/yugz/domains/web-dev/salon-booking-app/node_modules/.pnpm/enhanced-resolve@5.20.0/node_modules/enhanced-resolve/lib/Resolver.js:586:18)][0m
    [2m[at /home/yugz/domains/web-dev/salon-booking-app/node_modules/.pnpm/enhanced-resolve@5.20.0/node_modules/enhanced-resolve/lib/Resolver.js:678:14][0m
    [2m[at /home/yugz/domains/web-dev/salon-booking-app/node_modules/.pnpm/enhanced-resolve@5.20.0/node_modules/enhanced-resolve/lib/Resolver.js:739:5][0m
    [2m[at eval (eval at create (/home/yugz/domains/web-dev/salon-booking-app/node_modules/.pnpm/tapable@2.3.0/node_modules/tapable/lib/HookCodeFactory.js:31:10), <anonymous>:15:1)][0m
    [2m[at /home/yugz/domains/web-dev/salon-booking-app/node_modules/.pnpm/enhanced-resolve@5.20.0/node_modules/enhanced-resolve/lib/Resolver.js:739:5][0m
    [2m[at eval (eval at create (/home/yugz/domains/web-dev/salon-booking-app/node_modules/.pnpm/tapable@2.3.0/node_modules/tapable/lib/HookCodeFactory.js:31:10), <anonymous>:27:1)][0m
    [2m[at /home/yugz/domains/web-dev/salon-booking-app/node_modules/.pnpm/enhanced-resolve@5.20.0/node_modules/enhanced-resolve/lib/DescriptionFilePlugin.js:89:43][0m
    [2m[at /home/yugz/domains/web-dev/salon-booking-app/node_modules/.pnpm/enhanced-resolve@5.20.0/node_modules/enhanced-resolve/lib/Resolver.js:739:5][0m
    [2m[at eval (eval at create (/home/yugz/domains/web-dev/salon-booking-app/node_modules/.pnpm/tapable@2.3.0/node_modules/tapable/lib/HookCodeFactory.js:31:10), <anonymous>:15:1)][0m
    [2m[at /home/yugz/domains/web-dev/salon-booking-app/node_modules/.pnpm/enhanced-resolve@5.20.0/node_modules/enhanced-resolve/lib/Resolver.js:739:5][0m {
  details: "resolve 'tailwindcss' in '/home/yugz/domains/web-dev'\n" +
    '  Parsed request is a module\n' +
    '  using description file: /home/yugz/domains/web-dev/package.json (relative path: .)\n' +
    '    resolve as module\n' +
    '      looking for modules in /home/yugz/domains/web-dev/node_modules\n' +
    '        single file module\n' +
    '          using description file: /home/yugz/domains/web-dev/package.json (relative path: ./node_modules/tailwindcss)\n' +
    '            no extension\n' +
    "              /home/yugz/domains/web-dev/node_modules/tailwindcss doesn't exist\n" +
    '            .css\n' +
    "              /home/yugz/domains/web-dev/node_modules/tailwindcss.css doesn't exist\n" +
    "        /home/yugz/domains/web-dev/node_modules/tailwindcss doesn't exist\n" +
    "      /home/yugz/domains/node_modules doesn't exist or is not a directory\n" +
    "      /home/yugz/node_modules doesn't exist or is not a directory\n" +
    "      /home/node_modules doesn't exist or is not a directory\n" +
    "      /node_modules doesn't exist or is not a directory\n" +
    '      looking for modules in /home/yugz/domains/web-dev/salon-booking-app/node_modules/.pnpm/next@16.1.6_@babel+core@7.29.0_babel-plugin-react-compiler@1.0.0_react-dom@19.2.3_react@19.2.3__react@19.2.3/node_modules/next/dist/bin/node_modules:/home/yugz/domains/web-dev/salon-booking-app/node_modules/.pnpm/next@16.1.6_@babel+core@7.29.0_babel-plugin-react-compiler@1.0.0_react-dom@19.2.3_react@19.2.3__react@19.2.3/node_modules/next/dist/node_modules:/home/yugz/domains/web-dev/salon-booking-app/node_modules/.pnpm/next@16.1.6_@babel+core@7.29.0_babel-plugin-react-compiler@1.0.0_react-dom@19.2.3_react@19.2.3__react@19.2.3/node_modules/next/node_modules:/home/yugz/domains/web-dev/salon-booking-app/node_modules/.pnpm/next@16.1.6_@babel+core@7.29.0_babel-plugin-react-compiler@1.0.0_react-dom@19.2.3_react@19.2.3__react@19.2.3/node_modules:/home/yugz/domains/web-dev/salon-booking-app/node_modules/.pnpm/node_modules\n' +
    '        single file module\n' +
    '          using description file: /home/yugz/domains/web-dev/salon-booking-app/node_modules/.pnpm/next@16.1.6_@babel+core@7.29.0_babel-plugin-react-compiler@1.0.0_react-dom@19.2.3_react@19.2.3__react@19.2.3/node_modules/next/package.json (relative path: ./dist/bin/node_modules:/home/yugz/domains/web-dev/salon-booking-app/node_modules/.pnpm/next@16.1.6_@babel+core@7.29.0_babel-plugin-react-compiler@1.0.0_react-dom@19.2.3_react@19.2.3__react@19.2.3/node_modules/next/dist/node_modules:/home/yugz/domains/web-dev/salon-booking-app/node_modules/.pnpm/next@16.1.6_@babel+core@7.29.0_babel-plugin-react-compiler@1.0.0_react-dom@19.2.3_react@19.2.3__react@19.2.3/node_modules/next/node_modules:/home/yugz/domains/web-dev/salon-booking-app/node_modules/.pnpm/next@16.1.6_@babel+core@7.29.0_babel-plugin-react-compiler@1.0.0_react-dom@19.2.3_react@19.2.3__react@19.2.3/node_modules:/home/yugz/domains/web-dev/salon-booking-app/node_modules/.pnpm/node_modules/tailwindcss)\n' +
    '            no extension\n' +
    "              /home/yugz/domains/web-dev/salon-booking-app/node_modules/.pnpm/next@16.1.6_@babel+core@7.29.0_babel-plugin-react-compiler@1.0.0_react-dom@19.2.3_react@19.2.3__react@19.2.3/node_modules/next/dist/bin/node_modules:/home/yugz/domains/web-dev/salon-booking-app/node_modules/.pnpm/next@16.1.6_@babel+core@7.29.0_babel-plugin-react-compiler@1.0.0_react-dom@19.2.3_react@19.2.3__react@19.2.3/node_modules/next/dist/node_modules:/home/yugz/domains/web-dev/salon-booking-app/node_modules/.pnpm/next@16.1.6_@babel+core@7.29.0_babel-plugin-react-compiler@1.0.0_react-dom@19.2.3_react@19.2.3__react@19.2.3/node_modules/next/node_modules:/home/yugz/domains/web-dev/salon-booking-app/node_modules/.pnpm/next@16.1.6_@babel+core@7.29.0_babel-plugin-react-compiler@1.0.0_react-dom@19.2.3_react@19.2.3__react@19.2.3/node_modules:/home/yugz/domains/web-dev/salon-booking-app/node_modules/.pnpm/node_modules/tailwindcss doesn't exist\n" +
    '            .css\n' +
    "              /home/yugz/domains/web-dev/salon-booking-app/node_modules/.pnpm/next@16.1.6_@babel+core@7.29.0_babel-plugin-react-compiler@1.0.0_react-dom@19.2.3_react@19.2.3__react@19.2.3/node_modules/next/dist/bin/node_modules:/home/yugz/domains/web-dev/salon-booking-app/node_modules/.pnpm/next@16.1.6_@babel+core@7.29.0_babel-plugin-react-compiler@1.0.0_react-dom@19.2.3_react@19.2.3__react@19.2.3/node_modules/next/dist/node_modules:/home/yugz/domains/web-dev/salon-booking-app/node_modules/.pnpm/next@16.1.6_@babel+core@7.29.0_babel-plugin-react-compiler@1.0.0_react-dom@19.2.3_react@19.2.3__react@19.2.3/node_modules/next/node_modules:/home/yugz/domains/web-dev/salon-booking-app/node_modules/.pnpm/next@16.1.6_@babel+core@7.29.0_babel-plugin-react-compiler@1.0.0_react-dom@19.2.3_react@19.2.3__react@19.2.3/node_modules:/home/yugz/domains/web-dev/salon-booking-app/node_modules/.pnpm/node_modules/tailwindcss.css doesn't exist\n" +
    "        /home/yugz/domains/web-dev/salon-booking-app/node_modules/.pnpm/next@16.1.6_@babel+core@7.29.0_babel-plugin-react-compiler@1.0.0_react-dom@19.2.3_react@19.2.3__react@19.2.3/node_modules/next/dist/bin/node_modules:/home/yugz/domains/web-dev/salon-booking-app/node_modules/.pnpm/next@16.1.6_@babel+core@7.29.0_babel-plugin-react-compiler@1.0.0_react-dom@19.2.3_react@19.2.3__react@19.2.3/node_modules/next/dist/node_modules:/home/yugz/domains/web-dev/salon-booking-app/node_modules/.pnpm/next@16.1.6_@babel+core@7.29.0_babel-plugin-react-compiler@1.0.0_react-dom@19.2.3_react@19.2.3__react@19.2.3/node_modules/next/node_modules:/home/yugz/domains/web-dev/salon-booking-app/node_modules/.pnpm/next@16.1.6_@babel+core@7.29.0_babel-plugin-react-compiler@1.0.0_react-dom@19.2.3_react@19.2.3__react@19.2.3/node_modules:/home/yugz/domains/web-dev/salon-booking-app/node_modules/.pnpm/node_modules/tailwindcss doesn't exist"
}
Error: Can't resolve 'tailwindcss' in '/home/yugz/domains/web-dev'
    [2m[at finishWithoutResolve (/home/yugz/domains/web-dev/salon-booking-app/node_modules/.pnpm/enhanced-resolve@5.20.0/node_modules/enhanced-resolve/lib/Resolver.js:586:18)][0m
    [2m[at /home/yugz/domains/web-dev/salon-booking-app/node_modules/.pnpm/enhanced-resolve@5.20.0/node_modules/enhanced-resolve/lib/Resolver.js:678:14][0m
    [2m[at /home/yugz/domains/web-dev/salon-booking-app/node_modules/.pnpm/enhanced-resolve@5.20.0/node_modules/enhanced-resolve/lib/Resolver.js:739:5][0m
    [2m[at eval (eval at create (/home/yugz/domains/web-dev/salon-booking-app/node_modules/.pnpm/tapable@2.3.0/node_modules/tapable/lib/HookCodeFactory.js:31:10), <anonymous>:15:1)][0m
    [2m[at /home/yugz/domains/web-dev/salon-booking-app/node_modules/.pnpm/enhanced-resolve@5.20.0/node_modules/enhanced-resolve/lib/Resolver.js:739:5][0m
    [2m[at eval (eval at create (/home/yugz/domains/web-dev/salon-booking-app/node_modules/.pnpm/tapable@2.3.0/node_modules/tapable/lib/HookCodeFactory.js:31:10), <anonymous>:27:1)][0m
    [2m[at /home/yugz/domains/web-dev/salon-booking-app/node_modules/.pnpm/enhanced-resolve@5.20.0/node_modules/enhanced-resolve/lib/DescriptionFilePlugin.js:89:43][0m
    [2m[at /home/yugz/domains/web-dev/salon-booking-app/node_modules/.pnpm/enhanced-resolve@5.20.0/node_modules/enhanced-resolve/lib/Resolver.js:739:5][0m
    [2m[at eval (eval at create (/home/yugz/domains/web-dev/salon-booking-app/node_modules/.pnpm/tapable@2.3.0/node_modules/tapable/lib/HookCodeFactory.js:31:10), <anonymous>:15:1)][0m
    [2m[at /home/yugz/domains/web-dev/salon-booking-app/node_modules/.pnpm/enhanced-resolve@5.20.0/node_modules/enhanced-resolve/lib/Resolver.js:739:5][0m {
  details: "resolve 'tailwindcss' in '/home/yugz/domains/web-dev'\n" +
    '  Parsed request is a module\n' +
    '  using description file: /home/yugz/domains/web-dev/package.json (relative path: .)\n' +
    '    resolve as module\n' +
    '      looking for modules in /home/yugz/domains/web-dev/node_modules\n' +
    '        single file module\n' +
    '          using description file: /home/yugz/domains/web-dev/package.json (relative path: ./node_modules/tailwindcss)\n' +
    '            no extension\n' +
    "              /home/yugz/domains/web-dev/node_modules/tailwindcss doesn't exist\n" +
    '            .css\n' +
    "              /home/yugz/domains/web-dev/node_modules/tailwindcss.css doesn't exist\n" +
    "        /home/yugz/domains/web-dev/node_modules/tailwindcss doesn't exist\n" +
    "      /home/yugz/domains/node_modules doesn't exist or is not a directory\n" +
    "      /home/yugz/node_modules doesn't exist or is not a directory\n" +
    "      /home/node_modules doesn't exist or is not a directory\n" +
    "      /node_modules doesn't exist or is not a directory\n" +
    '      looking for modules in /home/yugz/domains/web-dev/salon-booking-app/node_modules/.pnpm/next@16.1.6_@babel+core@7.29.0_babel-plugin-react-compiler@1.0.0_react-dom@19.2.3_react@19.2.3__react@19.2.3/node_modules/next/dist/bin/node_modules:/home/yugz/domains/web-dev/salon-booking-app/node_modules/.pnpm/next@16.1.6_@babel+core@7.29.0_babel-plugin-react-compiler@1.0.0_react-dom@19.2.3_react@19.2.3__react@19.2.3/node_modules/next/dist/node_modules:/home/yugz/domains/web-dev/salon-booking-app/node_modules/.pnpm/next@16.1.6_@babel+core@7.29.0_babel-plugin-react-compiler@1.0.0_react-dom@19.2.3_react@19.2.3__react@19.2.3/node_modules/next/node_modules:/home/yugz/domains/web-dev/salon-booking-app/node_modules/.pnpm/next@16.1.6_@babel+core@7.29.0_babel-plugin-react-compiler@1.0.0_react-dom@19.2.3_react@19.2.3__react@19.2.3/node_modules:/home/yugz/domains/web-dev/salon-booking-app/node_modules/.pnpm/node_modules\n' +
    '        single file module\n' +
    '          using description file: /home/yugz/domains/web-dev/salon-booking-app/node_modules/.pnpm/next@16.1.6_@babel+core@7.29.0_babel-plugin-react-compiler@1.0.0_react-dom@19.2.3_react@19.2.3__react@19.2.3/node_modules/next/package.json (relative path: ./dist/bin/node_modules:/home/yugz/domains/web-dev/salon-booking-app/node_modules/.pnpm/next@16.1.6_@babel+core@7.29.0_babel-plugin-react-compiler@1.0.0_react-dom@19.2.3_react@19.2.3__react@19.2.3/node_modules/next/dist/node_modules:/home/yugz/domains/web-dev/salon-booking-app/node_modules/.pnpm/next@16.1.6_@babel+core@7.29.0_babel-plugin-react-compiler@1.0.0_react-dom@19.2.3_react@19.2.3__react@19.2.3/node_modules/next/node_modules:/home/yugz/domains/web-dev/salon-booking-app/node_modules/.pnpm/next@16.1.6_@babel+core@7.29.0_babel-plugin-react-compiler@1.0.0_react-dom@19.2.3_react@19.2.3__react@19.2.3/node_modules:/home/yugz/domains/web-dev/salon-booking-app/node_modules/.pnpm/node_modules/tailwindcss)\n' +
    '            no extension\n' +
    "              /home/yugz/domains/web-dev/salon-booking-app/node_modules/.pnpm/next@16.1.6_@babel+core@7.29.0_babel-plugin-react-compiler@1.0.0_react-dom@19.2.3_react@19.2.3__react@19.2.3/node_modules/next/dist/bin/node_modules:/home/yugz/domains/web-dev/salon-booking-app/node_modules/.pnpm/next@16.1.6_@babel+core@7.29.0_babel-plugin-react-compiler@1.0.0_react-dom@19.2.3_react@19.2.3__react@19.2.3/node_modules/next/dist/node_modules:/home/yugz/domains/web-dev/salon-booking-app/node_modules/.pnpm/next@16.1.6_@babel+core@7.29.0_babel-plugin-react-compiler@1.0.0_react-dom@19.2.3_react@19.2.3__react@19.2.3/node_modules/next/node_modules:/home/yugz/domains/web-dev/salon-booking-app/node_modules/.pnpm/next@16.1.6_@babel+core@7.29.0_babel-plugin-react-compiler@1.0.0_react-dom@19.2.3_react@19.2.3__react@19.2.3/node_modules:/home/yugz/domains/web-dev/salon-booking-app/node_modules/.pnpm/node_modules/tailwindcss doesn't exist\n" +
    '            .css\n' +
    "              /home/yugz/domains/web-dev/salon-booking-app/node_modules/.pnpm/next@16.1.6_@babel+core@7.29.0_babel-plugin-react-compiler@1.0.0_react-dom@19.2.3_react@19.2.3__react@19.2.3/node_modules/next/dist/bin/node_modules:/home/yugz/domains/web-dev/salon-booking-app/node_modules/.pnpm/next@16.1.6_@babel+core@7.29.0_babel-plugin-react-compiler@1.0.0_react-dom@19.2.3_react@19.2.3__react@19.2.3/node_modules/next/dist/node_modules:/home/yugz/domains/web-dev/salon-booking-app/node_modules/.pnpm/next@16.1.6_@babel+core@7.29.0_babel-plugin-react-compiler@1.0.0_react-dom@19.2.3_react@19.2.3__react@19.2.3/node_modules/next/node_modules:/home/yugz/domains/web-dev/salon-booking-app/node_modules/.pnpm/next@16.1.6_@babel+core@7.29.0_babel-plugin-react-compiler@1.0.0_react-dom@19.2.3_react@19.2.3__react@19.2.3/node_modules:/home/yugz/domains/web-dev/salon-booking-app/node_modules/.pnpm/node_modules/tailwindcss.css doesn't exist\n" +
    "        /home/yugz/domains/web-dev/salon-booking-app/node_modules/.pnpm/next@16.1.6_@babel+core@7.29.0_babel-plugin-react-compiler@1.0.0_react-dom@19.2.3_react@19.2.3__react@19.2.3/node_modules/next/dist/bin/node_modules:/home/yugz/domains/web-dev/salon-booking-app/node_modules/.pnpm/next@16.1.6_@babel+core@7.29.0_babel-plugin-react-compiler@1.0.0_react-dom@19.2.3_react@19.2.3__react@19.2.3/node_modules/next/dist/node_modules:/home/yugz/domains/web-dev/salon-booking-app/node_modules/.pnpm/next@16.1.6_@babel+core@7.29.0_babel-plugin-react-compiler@1.0.0_react-dom@19.2.3_react@19.2.3__react@19.2.3/node_modules/next/node_modules:/home/yugz/domains/web-dev/salon-booking-app/node_modules/.pnpm/next@16.1.6_@babel+core@7.29.0_babel-plugin-react-compiler@1.0.0_react-dom@19.2.3_react@19.2.3__react@19.2.3/node_modules:/home/yugz/domains/web-dev/salon-booking-app/node_modules/.pnpm/node_modules/tailwindcss doesn't exist"
}
Error: Can't resolve 'tailwindcss' in '/home/yugz/domains/web-dev'
    [2m[at finishWithoutResolve (/home/yugz/domains/web-dev/salon-booking-app/node_modules/.pnpm/enhanced-resolve@5.20.0/node_modules/enhanced-resolve/lib/Resolver.js:586:18)][0m
    [2m[at /home/yugz/domains/web-dev/salon-booking-app/node_modules/.pnpm/enhanced-resolve@5.20.0/node_modules/enhanced-resolve/lib/Resolver.js:678:14][0m
    [2m[at /home/yugz/domains/web-dev/salon-booking-app/node_modules/.pnpm/enhanced-resolve@5.20.0/node_modules/enhanced-resolve/lib/Resolver.js:739:5][0m
    [2m[at eval (eval at create (/home/yugz/domains/web-dev/salon-booking-app/node_modules/.pnpm/tapable@2.3.0/node_modules/tapable/lib/HookCodeFactory.js:31:10), <anonymous>:15:1)][0m
    [2m[at /home/yugz/domains/web-dev/salon-booking-app/node_modules/.pnpm/enhanced-resolve@5.20.0/node_modules/enhanced-resolve/lib/Resolver.js:739:5][0m
    [2m[at eval (eval at create (/home/yugz/domains/web-dev/salon-booking-app/node_modules/.pnpm/tapable@2.3.0/node_modules/tapable/lib/HookCodeFactory.js:31:10), <anonymous>:27:1)][0m
    [2m[at /home/yugz/domains/web-dev/salon-booking-app/node_modules/.pnpm/enhanced-resolve@5.20.0/node_modules/enhanced-resolve/lib/DescriptionFilePlugin.js:89:43][0m
    [2m[at /home/yugz/domains/web-dev/salon-booking-app/node_modules/.pnpm/enhanced-resolve@5.20.0/node_modules/enhanced-resolve/lib/Resolver.js:739:5][0m
    [2m[at eval (eval at create (/home/yugz/domains/web-dev/salon-booking-app/node_modules/.pnpm/tapable@2.3.0/node_modules/tapable/lib/HookCodeFactory.js:31:10), <anonymous>:15:1)][0m
    [2m[at /home/yugz/domains/web-dev/salon-booking-app/node_modules/.pnpm/enhanced-resolve@5.20.0/node_modules/enhanced-resolve/lib/Resolver.js:739:5][0m {
  details: "resolve 'tailwindcss' in '/home/yugz/domains/web-dev'\n" +
    '  Parsed request is a module\n' +
    '  using description file: /home/yugz/domains/web-dev/package.json (relative path: .)\n' +
    '    resolve as module\n' +
    '      looking for modules in /home/yugz/domains/web-dev/node_modules\n' +
    '        single file module\n' +
    '          using description file: /home/yugz/domains/web-dev/package.json (relative path: ./node_modules/tailwindcss)\n' +
    '            no extension\n' +
    "              /home/yugz/domains/web-dev/node_modules/tailwindcss doesn't exist\n" +
    '            .css\n' +
    "              /home/yugz/domains/web-dev/node_modules/tailwindcss.css doesn't exist\n" +
    "        /home/yugz/domains/web-dev/node_modules/tailwindcss doesn't exist\n" +
    "      /home/yugz/domains/node_modules doesn't exist or is not a directory\n" +
    "      /home/yugz/node_modules doesn't exist or is not a directory\n" +
    "      /home/node_modules doesn't exist or is not a directory\n" +
    "      /node_modules doesn't exist or is not a directory\n" +
    '      looking for modules in /home/yugz/domains/web-dev/salon-booking-app/node_modules/.pnpm/next@16.1.6_@babel+core@7.29.0_babel-plugin-react-compiler@1.0.0_react-dom@19.2.3_react@19.2.3__react@19.2.3/node_modules/next/dist/bin/node_modules:/home/yugz/domains/web-dev/salon-booking-app/node_modules/.pnpm/next@16.1.6_@babel+core@7.29.0_babel-plugin-react-compiler@1.0.0_react-dom@19.2.3_react@19.2.3__react@19.2.3/node_modules/next/dist/node_modules:/home/yugz/domains/web-dev/salon-booking-app/node_modules/.pnpm/next@16.1.6_@babel+core@7.29.0_babel-plugin-react-compiler@1.0.0_react-dom@19.2.3_react@19.2.3__react@19.2.3/node_modules/next/node_modules:/home/yugz/domains/web-dev/salon-booking-app/node_modules/.pnpm/next@16.1.6_@babel+core@7.29.0_babel-plugin-react-compiler@1.0.0_react-dom@19.2.3_react@19.2.3__react@19.2.3/node_modules:/home/yugz/domains/web-dev/salon-booking-app/node_modules/.pnpm/node_modules\n' +
    '        single file module\n' +
    '          using description file: /home/yugz/domains/web-dev/salon-booking-app/node_modules/.pnpm/next@16.1.6_@babel+core@7.29.0_babel-plugin-react-compiler@1.0.0_react-dom@19.2.3_react@19.2.3__react@19.2.3/node_modules/next/package.json (relative path: ./dist/bin/node_modules:/home/yugz/domains/web-dev/salon-booking-app/node_modules/.pnpm/next@16.1.6_@babel+core@7.29.0_babel-plugin-react-compiler@1.0.0_react-dom@19.2.3_react@19.2.3__react@19.2.3/node_modules/next/dist/node_modules:/home/yugz/domains/web-dev/salon-booking-app/node_modules/.pnpm/next@16.1.6_@babel+core@7.29.0_babel-plugin-react-compiler@1.0.0_react-dom@19.2.3_react@19.2.3__react@19.2.3/node_modules/next/node_modules:/home/yugz/domains/web-dev/salon-booking-app/node_modules/.pnpm/next@16.1.6_@babel+core@7.29.0_babel-plugin-react-compiler@1.0.0_react-dom@19.2.3_react@19.2.3__react@19.2.3/node_modules:/home/yugz/domains/web-dev/salon-booking-app/node_modules/.pnpm/node_modules/tailwindcss)\n' +
    '            no extension\n' +
    "              /home/yugz/domains/web-dev/salon-booking-app/node_modules/.pnpm/next@16.1.6_@babel+core@7.29.0_babel-plugin-react-compiler@1.0.0_react-dom@19.2.3_react@19.2.3__react@19.2.3/node_modules/next/dist/bin/node_modules:/home/yugz/domains/web-dev/salon-booking-app/node_modules/.pnpm/next@16.1.6_@babel+core@7.29.0_babel-plugin-react-compiler@1.0.0_react-dom@19.2.3_react@19.2.3__react@19.2.3/node_modules/next/dist/node_modules:/home/yugz/domains/web-dev/salon-booking-app/node_modules/.pnpm/next@16.1.6_@babel+core@7.29.0_babel-plugin-react-compiler@1.0.0_react-dom@19.2.3_react@19.2.3__react@19.2.3/node_modules/next/node_modules:/home/yugz/domains/web-dev/salon-booking-app/node_modules/.pnpm/next@16.1.6_@babel+core@7.29.0_babel-plugin-react-compiler@1.0.0_react-dom@19.2.3_react@19.2.3__react@19.2.3/node_modules:/home/yugz/domains/web-dev/salon-booking-app/node_modules/.pnpm/node_modules/tailwindcss doesn't exist\n" +
    '            .css\n' +
    "              /home/yugz/domains/web-dev/salon-booking-app/node_modules/.pnpm/next@16.1.6_@babel+core@7.29.0_babel-plugin-react-compiler@1.0.0_react-dom@19.2.3_react@19.2.3__react@19.2.3/node_modules/next/dist/bin/node_modules:/home/yugz/domains/web-dev/salon-booking-app/node_modules/.pnpm/next@16.1.6_@babel+core@7.29.0_babel-plugin-react-compiler@1.0.0_react-dom@19.2.3_react@19.2.3__react@19.2.3/node_modules/next/dist/node_modules:/home/yugz/domains/web-dev/salon-booking-app/node_modules/.pnpm/next@16.1.6_@babel+core@7.29.0_babel-plugin-react-compiler@1.0.0_react-dom@19.2.3_react@19.2.3__react@19.2.3/node_modules/next/node_modules:/home/yugz/domains/web-dev/salon-booking-app/node_modules/.pnpm/next@16.1.6_@babel+core@7.29.0_babel-plugin-react-compiler@1.0.0_react-dom@19.2.3_react@19.2.3__react@19.2.3/node_modules:/home/yugz/domains/web-dev/salon-booking-app/node_modules/.pnpm/node_modules/tailwindcss.css doesn't exist\n" +
    "        /home/yugz/domains/web-dev/salon-booking-app/node_modules/.pnpm/next@16.1.6_@babel+core@7.29.0_babel-plugin-react-compiler@1.0.0_react-dom@19.2.3_react@19.2.3__react@19.2.3/node_modules/next/dist/bin/node_modules:/home/yugz/domains/web-dev/salon-booking-app/node_modules/.pnpm/next@16.1.6_@babel+core@7.29.0_babel-plugin-react-compiler@1.0.0_react-dom@19.2.3_react@19.2.3__react@19.2.3/node_modules/next/dist/node_modules:/home/yugz/domains/web-dev/salon-booking-app/node_modules/.pnpm/next@16.1.6_@babel+core@7.29.0_babel-plugin-react-compiler@1.0.0_react-dom@19.2.3_react@19.2.3__react@19.2.3/node_modules/next/node_modules:/home/yugz/domains/web-dev/salon-booking-app/node_modules/.pnpm/next@16.1.6_@babel+core@7.29.0_babel-plugin-react-compiler@1.0.0_react-dom@19.2.3_react@19.2.3__react@19.2.3/node_modules:/home/yugz/domains/web-dev/salon-booking-app/node_modules/.pnpm/node_modules/tailwindcss doesn't exist"
}
Error: Can't resolve 'tailwindcss' in '/home/yugz/domains/web-dev'
    [2m[at finishWithoutResolve (/home/yugz/domains/web-dev/salon-booking-app/node_modules/.pnpm/enhanced-resolve@5.20.0/node_modules/enhanced-resolve/lib/Resolver.js:586:18)][0m
    [2m[at /home/yugz/domains/web-dev/salon-booking-app/node_modules/.pnpm/enhanced-resolve@5.20.0/node_modules/enhanced-resolve/lib/Resolver.js:678:14][0m
    [2m[at /home/yugz/domains/web-dev/salon-booking-app/node_modules/.pnpm/enhanced-resolve@5.20.0/node_modules/enhanced-resolve/lib/Resolver.js:739:5][0m
    [2m[at eval (eval at create (/home/yugz/domains/web-dev/salon-booking-app/node_modules/.pnpm/tapable@2.3.0/node_modules/tapable/lib/HookCodeFactory.js:31:10), <anonymous>:15:1)][0m
    [2m[at /home/yugz/domains/web-dev/salon-booking-app/node_modules/.pnpm/enhanced-resolve@5.20.0/node_modules/enhanced-resolve/lib/Resolver.js:739:5][0m
    [2m[at eval (eval at create (/home/yugz/domains/web-dev/salon-booking-app/node_modules/.pnpm/tapable@2.3.0/node_modules/tapable/lib/HookCodeFactory.js:31:10), <anonymous>:27:1)][0m
    [2m[at /home/yugz/domains/web-dev/salon-booking-app/node_modules/.pnpm/enhanced-resolve@5.20.0/node_modules/enhanced-resolve/lib/DescriptionFilePlugin.js:89:43][0m
    [2m[at /home/yugz/domains/web-dev/salon-booking-app/node_modules/.pnpm/enhanced-resolve@5.20.0/node_modules/enhanced-resolve/lib/Resolver.js:739:5][0m
    [2m[at eval (eval at create (/home/yugz/domains/web-dev/salon-booking-app/node_modules/.pnpm/tapable@2.3.0/node_modules/tapable/lib/HookCodeFactory.js:31:10), <anonymous>:15:1)][0m
    [2m[at /home/yugz/domains/web-dev/salon-booking-app/node_modules/.pnpm/enhanced-resolve@5.20.0/node_modules/enhanced-resolve/lib/Resolver.js:739:5][0m {
  details: "resolve 'tailwindcss' in '/home/yugz/domains/web-dev'\n" +
    '  Parsed request is a module\n' +
    '  using description file: /home/yugz/domains/web-dev/package.json (relative path: .)\n' +
    '    resolve as module\n' +
    '      looking for modules in /home/yugz/domains/web-dev/node_modules\n' +
    '        single file module\n' +
    '          using description file: /home/yugz/domains/web-dev/package.json (relative path: ./node_modules/tailwindcss)\n' +
    '            no extension\n' +
    "              /home/yugz/domains/web-dev/node_modules/tailwindcss doesn't exist\n" +
    '            .css\n' +
    "              /home/yugz/domains/web-dev/node_modules/tailwindcss.css doesn't exist\n" +
    "        /home/yugz/domains/web-dev/node_modules/tailwindcss doesn't exist\n" +
    "      /home/yugz/domains/node_modules doesn't exist or is not a directory\n" +
    "      /home/yugz/node_modules doesn't exist or is not a directory\n" +
    "      /home/node_modules doesn't exist or is not a directory\n" +
    "      /node_modules doesn't exist or is not a directory\n" +
    '      looking for modules in /home/yugz/domains/web-dev/salon-booking-app/node_modules/.pnpm/next@16.1.6_@babel+core@7.29.0_babel-plugin-react-compiler@1.0.0_react-dom@19.2.3_react@19.2.3__react@19.2.3/node_modules/next/dist/bin/node_modules:/home/yugz/domains/web-dev/salon-booking-app/node_modules/.pnpm/next@16.1.6_@babel+core@7.29.0_babel-plugin-react-compiler@1.0.0_react-dom@19.2.3_react@19.2.3__react@19.2.3/node_modules/next/dist/node_modules:/home/yugz/domains/web-dev/salon-booking-app/node_modules/.pnpm/next@16.1.6_@babel+core@7.29.0_babel-plugin-react-compiler@1.0.0_react-dom@19.2.3_react@19.2.3__react@19.2.3/node_modules/next/node_modules:/home/yugz/domains/web-dev/salon-booking-app/node_modules/.pnpm/next@16.1.6_@babel+core@7.29.0_babel-plugin-react-compiler@1.0.0_react-dom@19.2.3_react@19.2.3__react@19.2.3/node_modules:/home/yugz/domains/web-dev/salon-booking-app/node_modules/.pnpm/node_modules\n' +
    '        single file module\n' +
    '          using description file: /home/yugz/domains/web-dev/salon-booking-app/node_modules/.pnpm/next@16.1.6_@babel+core@7.29.0_babel-plugin-react-compiler@1.0.0_react-dom@19.2.3_react@19.2.3__react@19.2.3/node_modules/next/package.json (relative path: ./dist/bin/node_modules:/home/yugz/domains/web-dev/salon-booking-app/node_modules/.pnpm/next@16.1.6_@babel+core@7.29.0_babel-plugin-react-compiler@1.0.0_react-dom@19.2.3_react@19.2.3__react@19.2.3/node_modules/next/dist/node_modules:/home/yugz/domains/web-dev/salon-booking-app/node_modules/.pnpm/next@16.1.6_@babel+core@7.29.0_babel-plugin-react-compiler@1.0.0_react-dom@19.2.3_react@19.2.3__react@19.2.3/node_modules/next/node_modules:/home/yugz/domains/web-dev/salon-booking-app/node_modules/.pnpm/next@16.1.6_@babel+core@7.29.0_babel-plugin-react-compiler@1.0.0_react-dom@19.2.3_react@19.2.3__react@19.2.3/node_modules:/home/yugz/domains/web-dev/salon-booking-app/node_modules/.pnpm/node_modules/tailwindcss)\n' +
    '            no extension\n' +
    "              /home/yugz/domains/web-dev/salon-booking-app/node_modules/.pnpm/next@16.1.6_@babel+core@7.29.0_babel-plugin-react-compiler@1.0.0_react-dom@19.2.3_react@19.2.3__react@19.2.3/node_modules/next/dist/bin/node_modules:/home/yugz/domains/web-dev/salon-booking-app/node_modules/.pnpm/next@16.1.6_@babel+core@7.29.0_babel-plugin-react-compiler@1.0.0_react-dom@19.2.3_react@19.2.3__react@19.2.3/node_modules/next/dist/node_modules:/home/yugz/domains/web-dev/salon-booking-app/node_modules/.pnpm/next@16.1.6_@babel+core@7.29.0_babel-plugin-react-compiler@1.0.0_react-dom@19.2.3_react@19.2.3__react@19.2.3/node_modules/next/node_modules:/home/yugz/domains/web-dev/salon-booking-app/node_modules/.pnpm/next@16.1.6_@babel+core@7.29.0_babel-plugin-react-compiler@1.0.0_react-dom@19.2.3_react@19.2.3__react@19.2.3/node_modules:/home/yugz/domains/web-dev/salon-booking-app/node_modules/.pnpm/node_modules/tailwindcss doesn't exist\n" +
    '            .css\n' +
    "              /home/yugz/domains/web-dev/salon-booking-app/node_modules/.pnpm/next@16.1.6_@babel+core@7.29.0_babel-plugin-react-compiler@1.0.0_react-dom@19.2.3_react@19.2.3__react@19.2.3/node_modules/next/dist/bin/node_modules:/home/yugz/domains/web-dev/salon-booking-app/node_modules/.pnpm/next@16.1.6_@babel+core@7.29.0_babel-plugin-react-compiler@1.0.0_react-dom@19.2.3_react@19.2.3__react@19.2.3/node_modules/next/dist/node_modules:/home/yugz/domains/web-dev/salon-booking-app/node_modules/.pnpm/next@16.1.6_@babel+core@7.29.0_babel-plugin-react-compiler@1.0.0_react-dom@19.2.3_react@19.2.3__react@19.2.3/node_modules/next/node_modules:/home/yugz/domains/web-dev/salon-booking-app/node_modules/.pnpm/next@16.1.6_@babel+core@7.29.0_babel-plugin-react-compiler@1.0.0_react-dom@19.2.3_react@19.2.3__react@19.2.3/node_modules:/home/yugz/domains/web-dev/salon-booking-app/node_modules/.pnpm/node_modules/tailwindcss.css doesn't exist\n" +
    "        /home/yugz/domains/web-dev/salon-booking-app/node_modules/.pnpm/next@16.1.6_@babel+core@7.29.0_babel-plugin-react-compiler@1.0.0_react-dom@19.2.3_react@19.2.3__react@19.2.3/node_modules/next/dist/bin/node_modules:/home/yugz/domains/web-dev/salon-booking-app/node_modules/.pnpm/next@16.1.6_@babel+core@7.29.0_babel-plugin-react-compiler@1.0.0_react-dom@19.2.3_react@19.2.3__react@19.2.3/node_modules/next/dist/node_modules:/home/yugz/domains/web-dev/salon-booking-app/node_modules/.pnpm/next@16.1.6_@babel+core@7.29.0_babel-plugin-react-compiler@1.0.0_react-dom@19.2.3_react@19.2.3__react@19.2.3/node_modules/next/node_modules:/home/yugz/domains/web-dev/salon-booking-app/node_modules/.pnpm/next@16.1.6_@babel+core@7.29.0_babel-plugin-react-compiler@1.0.0_react-dom@19.2.3_react@19.2.3__react@19.2.3/node_modules:/home/yugz/domains/web-dev/salon-booking-app/node_modules/.pnpm/node_modules/tailwindcss doesn't exist"
}
Error: Can't resolve 'tailwindcss' in '/home/yugz/domains/web-dev'
    [2m[at finishWithoutResolve (/home/yugz/domains/web-dev/salon-booking-app/node_modules/.pnpm/enhanced-resolve@5.20.0/node_modules/enhanced-resolve/lib/Resolver.js:586:18)][0m
    [2m[at /home/yugz/domains/web-dev/salon-booking-app/node_modules/.pnpm/enhanced-resolve@5.20.0/node_modules/enhanced-resolve/lib/Resolver.js:678:14][0m
    [2m[at /home/yugz/domains/web-dev/salon-booking-app/node_modules/.pnpm/enhanced-resolve@5.20.0/node_modules/enhanced-resolve/lib/Resolver.js:739:5][0m
    [2m[at eval (eval at create (/home/yugz/domains/web-dev/salon-booking-app/node_modules/.pnpm/tapable@2.3.0/node_modules/tapable/lib/HookCodeFactory.js:31:10), <anonymous>:15:1)][0m
    [2m[at /home/yugz/domains/web-dev/salon-booking-app/node_modules/.pnpm/enhanced-resolve@5.20.0/node_modules/enhanced-resolve/lib/Resolver.js:739:5][0m
    [2m[at eval (eval at create (/home/yugz/domains/web-dev/salon-booking-app/node_modules/.pnpm/tapable@2.3.0/node_modules/tapable/lib/HookCodeFactory.js:31:10), <anonymous>:27:1)][0m
    [2m[at /home/yugz/domains/web-dev/salon-booking-app/node_modules/.pnpm/enhanced-resolve@5.20.0/node_modules/enhanced-resolve/lib/DescriptionFilePlugin.js:89:43][0m
    [2m[at /home/yugz/domains/web-dev/salon-booking-app/node_modules/.pnpm/enhanced-resolve@5.20.0/node_modules/enhanced-resolve/lib/Resolver.js:739:5][0m
    [2m[at eval (eval at create (/home/yugz/domains/web-dev/salon-booking-app/node_modules/.pnpm/tapable@2.3.0/node_modules/tapable/lib/HookCodeFactory.js:31:10), <anonymous>:15:1)][0m
    [2m[at /home/yugz/domains/web-dev/salon-booking-app/node_modules/.pnpm/enhanced-resolve@5.20.0/node_modules/enhanced-resolve/lib/Resolver.js:739:5][0m {
  details: "resolve 'tailwindcss' in '/home/yugz/domains/web-dev'\n" +
    '  Parsed request is a module\n' +
    '  using description file: /home/yugz/domains/web-dev/package.json (relative path: .)\n' +
    '    resolve as module\n' +
    '      looking for modules in /home/yugz/domains/web-dev/node_modules\n' +
    '        single file module\n' +
    '          using description file: /home/yugz/domains/web-dev/package.json (relative path: ./node_modules/tailwindcss)\n' +
    '            no extension\n' +
    "              /home/yugz/domains/web-dev/node_modules/tailwindcss doesn't exist\n" +
    '            .css\n' +
    "              /home/yugz/domains/web-dev/node_modules/tailwindcss.css doesn't exist\n" +
    "        /home/yugz/domains/web-dev/node_modules/tailwindcss doesn't exist\n" +
    "      /home/yugz/domains/node_modules doesn't exist or is not a directory\n" +
    "      /home/yugz/node_modules doesn't exist or is not a directory\n" +
    "      /home/node_modules doesn't exist or is not a directory\n" +
    "      /node_modules doesn't exist or is not a directory\n" +
    '      looking for modules in /home/yugz/domains/web-dev/salon-booking-app/node_modules/.pnpm/next@16.1.6_@babel+core@7.29.0_babel-plugin-react-compiler@1.0.0_react-dom@19.2.3_react@19.2.3__react@19.2.3/node_modules/next/dist/bin/node_modules:/home/yugz/domains/web-dev/salon-booking-app/node_modules/.pnpm/next@16.1.6_@babel+core@7.29.0_babel-plugin-react-compiler@1.0.0_react-dom@19.2.3_react@19.2.3__react@19.2.3/node_modules/next/dist/node_modules:/home/yugz/domains/web-dev/salon-booking-app/node_modules/.pnpm/next@16.1.6_@babel+core@7.29.0_babel-plugin-react-compiler@1.0.0_react-dom@19.2.3_react@19.2.3__react@19.2.3/node_modules/next/node_modules:/home/yugz/domains/web-dev/salon-booking-app/node_modules/.pnpm/next@16.1.6_@babel+core@7.29.0_babel-plugin-react-compiler@1.0.0_react-dom@19.2.3_react@19.2.3__react@19.2.3/node_modules:/home/yugz/domains/web-dev/salon-booking-app/node_modules/.pnpm/node_modules\n' +
    '        single file module\n' +
    '          using description file: /home/yugz/domains/web-dev/salon-booking-app/node_modules/.pnpm/next@16.1.6_@babel+core@7.29.0_babel-plugin-react-compiler@1.0.0_react-dom@19.2.3_react@19.2.3__react@19.2.3/node_modules/next/package.json (relative path: ./dist/bin/node_modules:/home/yugz/domains/web-dev/salon-booking-app/node_modules/.pnpm/next@16.1.6_@babel+core@7.29.0_babel-plugin-react-compiler@1.0.0_react-dom@19.2.3_react@19.2.3__react@19.2.3/node_modules/next/dist/node_modules:/home/yugz/domains/web-dev/salon-booking-app/node_modules/.pnpm/next@16.1.6_@babel+core@7.29.0_babel-plugin-react-compiler@1.0.0_react-dom@19.2.3_react@19.2.3__react@19.2.3/node_modules/next/node_modules:/home/yugz/domains/web-dev/salon-booking-app/node_modules/.pnpm/next@16.1.6_@babel+core@7.29.0_babel-plugin-react-compiler@1.0.0_react-dom@19.2.3_react@19.2.3__react@19.2.3/node_modules:/home/yugz/domains/web-dev/salon-booking-app/node_modules/.pnpm/node_modules/tailwindcss)\n' +
    '            no extension\n' +
    "              /home/yugz/domains/web-dev/salon-booking-app/node_modules/.pnpm/next@16.1.6_@babel+core@7.29.0_babel-plugin-react-compiler@1.0.0_react-dom@19.2.3_react@19.2.3__react@19.2.3/node_modules/next/dist/bin/node_modules:/home/yugz/domains/web-dev/salon-booking-app/node_modules/.pnpm/next@16.1.6_@babel+core@7.29.0_babel-plugin-react-compiler@1.0.0_react-dom@19.2.3_react@19.2.3__react@19.2.3/node_modules/next/dist/node_modules:/home/yugz/domains/web-dev/salon-booking-app/node_modules/.pnpm/next@16.1.6_@babel+core@7.29.0_babel-plugin-react-compiler@1.0.0_react-dom@19.2.3_react@19.2.3__react@19.2.3/node_modules/next/node_modules:/home/yugz/domains/web-dev/salon-booking-app/node_modules/.pnpm/next@16.1.6_@babel+core@7.29.0_babel-plugin-react-compiler@1.0.0_react-dom@19.2.3_react@19.2.3__react@19.2.3/node_modules:/home/yugz/domains/web-dev/salon-booking-app/node_modules/.pnpm/node_modules/tailwindcss doesn't exist\n" +
    '            .css\n' +
    "              /home/yugz/domains/web-dev/salon-booking-app/node_modules/.pnpm/next@16.1.6_@babel+core@7.29.0_babel-plugin-react-compiler@1.0.0_react-dom@19.2.3_react@19.2.3__react@19.2.3/node_modules/next/dist/bin/node_modules:/home/yugz/domains/web-dev/salon-booking-app/node_modules/.pnpm/next@16.1.6_@babel+core@7.29.0_babel-plugin-react-compiler@1.0.0_react-dom@19.2.3_react@19.2.3__react@19.2.3/node_modules/next/dist/node_modules:/home/yugz/domains/web-dev/salon-booking-app/node_modules/.pnpm/next@16.1.6_@babel+core@7.29.0_babel-plugin-react-compiler@1.0.0_react-dom@19.2.3_react@19.2.3__react@19.2.3/node_modules/next/node_modules:/home/yugz/domains/web-dev/salon-booking-app/node_modules/.pnpm/next@16.1.6_@babel+core@7.29.0_babel-plugin-react-compiler@1.0.0_react-dom@19.2.3_react@19.2.3__react@19.2.3/node_modules:/home/yugz/domains/web-dev/salon-booking-app/node_modules/.pnpm/node_modules/tailwindcss.css doesn't exist\n" +
    "        /home/yugz/domains/web-dev/salon-booking-app/node_modules/.pnpm/next@16.1.6_@babel+core@7.29.0_babel-plugin-react-compiler@1.0.0_react-dom@19.2.3_react@19.2.3__react@19.2.3/node_modules/next/dist/bin/node_modules:/home/yugz/domains/web-dev/salon-booking-app/node_modules/.pnpm/next@16.1.6_@babel+core@7.29.0_babel-plugin-react-compiler@1.0.0_react-dom@19.2.3_react@19.2.3__react@19.2.3/node_modules/next/dist/node_modules:/home/yugz/domains/web-dev/salon-booking-app/node_modules/.pnpm/next@16.1.6_@babel+core@7.29.0_babel-plugin-react-compiler@1.0.0_react-dom@19.2.3_react@19.2.3__react@19.2.3/node_modules/next/node_modules:/home/yugz/domains/web-dev/salon-booking-app/node_modules/.pnpm/next@16.1.6_@babel+core@7.29.0_babel-plugin-react-compiler@1.0.0_react-dom@19.2.3_react@19.2.3__react@19.2.3/node_modules:/home/yugz/domains/web-dev/salon-booking-app/node_modules/.pnpm/node_modules/tailwindcss doesn't exist"
}
Error: Can't resolve 'tailwindcss' in '/home/yugz/domains/web-dev'
    [2m[at finishWithoutResolve (/home/yugz/domains/web-dev/salon-booking-app/node_modules/.pnpm/enhanced-resolve@5.20.0/node_modules/enhanced-resolve/lib/Resolver.js:586:18)][0m
    [2m[at /home/yugz/domains/web-dev/salon-booking-app/node_modules/.pnpm/enhanced-resolve@5.20.0/node_modules/enhanced-resolve/lib/Resolver.js:678:14][0m
    [2m[at /home/yugz/domains/web-dev/salon-booking-app/node_modules/.pnpm/enhanced-resolve@5.20.0/node_modules/enhanced-resolve/lib/Resolver.js:739:5][0m
    [2m[at eval (eval at create (/home/yugz/domains/web-dev/salon-booking-app/node_modules/.pnpm/tapable@2.3.0/node_modules/tapable/lib/HookCodeFactory.js:31:10), <anonymous>:15:1)][0m
    [2m[at /home/yugz/domains/web-dev/salon-booking-app/node_modules/.pnpm/enhanced-resolve@5.20.0/node_modules/enhanced-resolve/lib/Resolver.js:739:5][0m
    [2m[at eval (eval at create (/home/yugz/domains/web-dev/salon-booking-app/node_modules/.pnpm/tapable@2.3.0/node_modules/tapable/lib/HookCodeFactory.js:31:10), <anonymous>:27:1)][0m
    [2m[at /home/yugz/domains/web-dev/salon-booking-app/node_modules/.pnpm/enhanced-resolve@5.20.0/node_modules/enhanced-resolve/lib/DescriptionFilePlugin.js:89:43][0m
    [2m[at /home/yugz/domains/web-dev/salon-booking-app/node_modules/.pnpm/enhanced-resolve@5.20.0/node_modules/enhanced-resolve/lib/Resolver.js:739:5][0m
    [2m[at eval (eval at create (/home/yugz/domains/web-dev/salon-booking-app/node_modules/.pnpm/tapable@2.3.0/node_modules/tapable/lib/HookCodeFactory.js:31:10), <anonymous>:15:1)][0m
    [2m[at /home/yugz/domains/web-dev/salon-booking-app/node_modules/.pnpm/enhanced-resolve@5.20.0/node_modules/enhanced-resolve/lib/Resolver.js:739:5][0m {
  details: "resolve 'tailwindcss' in '/home/yugz/domains/web-dev'\n" +
    '  Parsed request is a module\n' +
    '  using description file: /home/yugz/domains/web-dev/package.json (relative path: .)\n' +
    '    resolve as module\n' +
    '      looking for modules in /home/yugz/domains/web-dev/node_modules\n' +
    '        single file module\n' +
    '          using description file: /home/yugz/domains/web-dev/package.json (relative path: ./node_modules/tailwindcss)\n' +
    '            no extension\n' +
    "              /home/yugz/domains/web-dev/node_modules/tailwindcss doesn't exist\n" +
    '            .css\n' +
    "              /home/yugz/domains/web-dev/node_modules/tailwindcss.css doesn't exist\n" +
    "        /home/yugz/domains/web-dev/node_modules/tailwindcss doesn't exist\n" +
    "      /home/yugz/domains/node_modules doesn't exist or is not a directory\n" +
    "      /home/yugz/node_modules doesn't exist or is not a directory\n" +
    "      /home/node_modules doesn't exist or is not a directory\n" +
    "      /node_modules doesn't exist or is not a directory\n" +
    '      looking for modules in /home/yugz/domains/web-dev/salon-booking-app/node_modules/.pnpm/next@16.1.6_@babel+core@7.29.0_babel-plugin-react-compiler@1.0.0_react-dom@19.2.3_react@19.2.3__react@19.2.3/node_modules/next/dist/bin/node_modules:/home/yugz/domains/web-dev/salon-booking-app/node_modules/.pnpm/next@16.1.6_@babel+core@7.29.0_babel-plugin-react-compiler@1.0.0_react-dom@19.2.3_react@19.2.3__react@19.2.3/node_modules/next/dist/node_modules:/home/yugz/domains/web-dev/salon-booking-app/node_modules/.pnpm/next@16.1.6_@babel+core@7.29.0_babel-plugin-react-compiler@1.0.0_react-dom@19.2.3_react@19.2.3__react@19.2.3/node_modules/next/node_modules:/home/yugz/domains/web-dev/salon-booking-app/node_modules/.pnpm/next@16.1.6_@babel+core@7.29.0_babel-plugin-react-compiler@1.0.0_react-dom@19.2.3_react@19.2.3__react@19.2.3/node_modules:/home/yugz/domains/web-dev/salon-booking-app/node_modules/.pnpm/node_modules\n' +
    '        single file module\n' +
    '          using description file: /home/yugz/domains/web-dev/salon-booking-app/node_modules/.pnpm/next@16.1.6_@babel+core@7.29.0_babel-plugin-react-compiler@1.0.0_react-dom@19.2.3_react@19.2.3__react@19.2.3/node_modules/next/package.json (relative path: ./dist/bin/node_modules:/home/yugz/domains/web-dev/salon-booking-app/node_modules/.pnpm/next@16.1.6_@babel+core@7.29.0_babel-plugin-react-compiler@1.0.0_react-dom@19.2.3_react@19.2.3__react@19.2.3/node_modules/next/dist/node_modules:/home/yugz/domains/web-dev/salon-booking-app/node_modules/.pnpm/next@16.1.6_@babel+core@7.29.0_babel-plugin-react-compiler@1.0.0_react-dom@19.2.3_react@19.2.3__react@19.2.3/node_modules/next/node_modules:/home/yugz/domains/web-dev/salon-booking-app/node_modules/.pnpm/next@16.1.6_@babel+core@7.29.0_babel-plugin-react-compiler@1.0.0_react-dom@19.2.3_react@19.2.3__react@19.2.3/node_modules:/home/yugz/domains/web-dev/salon-booking-app/node_modules/.pnpm/node_modules/tailwindcss)\n' +
    '            no extension\n' +
    "              /home/yugz/domains/web-dev/salon-booking-app/node_modules/.pnpm/next@16.1.6_@babel+core@7.29.0_babel-plugin-react-compiler@1.0.0_react-dom@19.2.3_react@19.2.3__react@19.2.3/node_modules/next/dist/bin/node_modules:/home/yugz/domains/web-dev/salon-booking-app/node_modules/.pnpm/next@16.1.6_@babel+core@7.29.0_babel-plugin-react-compiler@1.0.0_react-dom@19.2.3_react@19.2.3__react@19.2.3/node_modules/next/dist/node_modules:/home/yugz/domains/web-dev/salon-booking-app/node_modules/.pnpm/next@16.1.6_@babel+core@7.29.0_babel-plugin-react-compiler@1.0.0_react-dom@19.2.3_react@19.2.3__react@19.2.3/node_modules/next/node_modules:/home/yugz/domains/web-dev/salon-booking-app/node_modules/.pnpm/next@16.1.6_@babel+core@7.29.0_babel-plugin-react-compiler@1.0.0_react-dom@19.2.3_react@19.2.3__react@19.2.3/node_modules:/home/yugz/domains/web-dev/salon-booking-app/node_modules/.pnpm/node_modules/tailwindcss doesn't exist\n" +
    '            .css\n' +
    "              /home/yugz/domains/web-dev/salon-booking-app/node_modules/.pnpm/next@16.1.6_@babel+core@7.29.0_babel-plugin-react-compiler@1.0.0_react-dom@19.2.3_react@19.2.3__react@19.2.3/node_modules/next/dist/bin/node_modules:/home/yugz/domains/web-dev/salon-booking-app/node_modules/.pnpm/next@16.1.6_@babel+core@7.29.0_babel-plugin-react-compiler@1.0.0_react-dom@19.2.3_react@19.2.3__react@19.2.3/node_modules/next/dist/node_modules:/home/yugz/domains/web-dev/salon-booking-app/node_modules/.pnpm/next@16.1.6_@babel+core@7.29.0_babel-plugin-react-compiler@1.0.0_react-dom@19.2.3_react@19.2.3__react@19.2.3/node_modules/next/node_modules:/home/yugz/domains/web-dev/salon-booking-app/node_modules/.pnpm/next@16.1.6_@babel+core@7.29.0_babel-plugin-react-compiler@1.0.0_react-dom@19.2.3_react@19.2.3__react@19.2.3/node_modules:/home/yugz/domains/web-dev/salon-booking-app/node_modules/.pnpm/node_modules/tailwindcss.css doesn't exist\n" +
    "        /home/yugz/domains/web-dev/salon-booking-app/node_modules/.pnpm/next@16.1.6_@babel+core@7.29.0_babel-plugin-react-compiler@1.0.0_react-dom@19.2.3_react@19.2.3__react@19.2.3/node_modules/next/dist/bin/node_modules:/home/yugz/domains/web-dev/salon-booking-app/node_modules/.pnpm/next@16.1.6_@babel+core@7.29.0_babel-plugin-react-compiler@1.0.0_react-dom@19.2.3_react@19.2.3__react@19.2.3/node_modules/next/dist/node_modules:/home/yugz/domains/web-dev/salon-booking-app/node_modules/.pnpm/next@16.1.6_@babel+core@7.29.0_babel-plugin-react-compiler@1.0.0_react-dom@19.2.3_react@19.2.3__react@19.2.3/node_modules/next/node_modules:/home/yugz/domains/web-dev/salon-booking-app/node_modules/.pnpm/next@16.1.6_@babel+core@7.29.0_babel-plugin-react-compiler@1.0.0_react-dom@19.2.3_react@19.2.3__react@19.2.3/node_modules:/home/yugz/domains/web-dev/salon-booking-app/node_modules/.pnpm/node_modules/tailwindcss doesn't exist"
}
Error: Can't resolve 'tailwindcss' in '/home/yugz/domains/web-dev'
    [2m[at finishWithoutResolve (/home/yugz/domains/web-dev/salon-booking-app/node_modules/.pnpm/enhanced-resolve@5.20.0/node_modules/enhanced-resolve/lib/Resolver.js:586:18)][0m
    [2m[at /home/yugz/domains/web-dev/salon-booking-app/node_modules/.pnpm/enhanced-resolve@5.20.0/node_modules/enhanced-resolve/lib/Resolver.js:678:14][0m
    [2m[at /home/yugz/domains/web-dev/salon-booking-app/node_modules/.pnpm/enhanced-resolve@5.20.0/node_modules/enhanced-resolve/lib/Resolver.js:739:5][0m
    [2m[at eval (eval at create (/home/yugz/domains/web-dev/salon-booking-app/node_modules/.pnpm/tapable@2.3.0/node_modules/tapable/lib/HookCodeFactory.js:31:10), <anonymous>:15:1)][0m
    [2m[at /home/yugz/domains/web-dev/salon-booking-app/node_modules/.pnpm/enhanced-resolve@5.20.0/node_modules/enhanced-resolve/lib/Resolver.js:739:5][0m
    [2m[at eval (eval at create (/home/yugz/domains/web-dev/salon-booking-app/node_modules/.pnpm/tapable@2.3.0/node_modules/tapable/lib/HookCodeFactory.js:31:10), <anonymous>:27:1)][0m
    [2m[at /home/yugz/domains/web-dev/salon-booking-app/node_modules/.pnpm/enhanced-resolve@5.20.0/node_modules/enhanced-resolve/lib/DescriptionFilePlugin.js:89:43][0m
    [2m[at /home/yugz/domains/web-dev/salon-booking-app/node_modules/.pnpm/enhanced-resolve@5.20.0/node_modules/enhanced-resolve/lib/Resolver.js:739:5][0m
    [2m[at eval (eval at create (/home/yugz/domains/web-dev/salon-booking-app/node_modules/.pnpm/tapable@2.3.0/node_modules/tapable/lib/HookCodeFactory.js:31:10), <anonymous>:15:1)][0m
    [2m[at /home/yugz/domains/web-dev/salon-booking-app/node_modules/.pnpm/enhanced-resolve@5.20.0/node_modules/enhanced-resolve/lib/Resolver.js:739:5][0m {
  details: "resolve 'tailwindcss' in '/home/yugz/domains/web-dev'\n" +
    '  Parsed request is a module\n' +
    '  using description file: /home/yugz/domains/web-dev/package.json (relative path: .)\n' +
    '    resolve as module\n' +
    '      looking for modules in /home/yugz/domains/web-dev/node_modules\n' +
    '        single file module\n' +
    '          using description file: /home/yugz/domains/web-dev/package.json (relative path: ./node_modules/tailwindcss)\n' +
    '            no extension\n' +
    "              /home/yugz/domains/web-dev/node_modules/tailwindcss doesn't exist\n" +
    '            .css\n' +
    "              /home/yugz/domains/web-dev/node_modules/tailwindcss.css doesn't exist\n" +
    "        /home/yugz/domains/web-dev/node_modules/tailwindcss doesn't exist\n" +
    "      /home/yugz/domains/node_modules doesn't exist or is not a directory\n" +
    "      /home/yugz/node_modules doesn't exist or is not a directory\n" +
    "      /home/node_modules doesn't exist or is not a directory\n" +
    "      /node_modules doesn't exist or is not a directory\n" +
    '      looking for modules in /home/yugz/domains/web-dev/salon-booking-app/node_modules/.pnpm/next@16.1.6_@babel+core@7.29.0_babel-plugin-react-compiler@1.0.0_react-dom@19.2.3_react@19.2.3__react@19.2.3/node_modules/next/dist/bin/node_modules:/home/yugz/domains/web-dev/salon-booking-app/node_modules/.pnpm/next@16.1.6_@babel+core@7.29.0_babel-plugin-react-compiler@1.0.0_react-dom@19.2.3_react@19.2.3__react@19.2.3/node_modules/next/dist/node_modules:/home/yugz/domains/web-dev/salon-booking-app/node_modules/.pnpm/next@16.1.6_@babel+core@7.29.0_babel-plugin-react-compiler@1.0.0_react-dom@19.2.3_react@19.2.3__react@19.2.3/node_modules/next/node_modules:/home/yugz/domains/web-dev/salon-booking-app/node_modules/.pnpm/next@16.1.6_@babel+core@7.29.0_babel-plugin-react-compiler@1.0.0_react-dom@19.2.3_react@19.2.3__react@19.2.3/node_modules:/home/yugz/domains/web-dev/salon-booking-app/node_modules/.pnpm/node_modules\n' +
    '        single file module\n' +
    '          using description file: /home/yugz/domains/web-dev/salon-booking-app/node_modules/.pnpm/next@16.1.6_@babel+core@7.29.0_babel-plugin-react-compiler@1.0.0_react-dom@19.2.3_react@19.2.3__react@19.2.3/node_modules/next/package.json (relative path: ./dist/bin/node_modules:/home/yugz/domains/web-dev/salon-booking-app/node_modules/.pnpm/next@16.1.6_@babel+core@7.29.0_babel-plugin-react-compiler@1.0.0_react-dom@19.2.3_react@19.2.3__react@19.2.3/node_modules/next/dist/node_modules:/home/yugz/domains/web-dev/salon-booking-app/node_modules/.pnpm/next@16.1.6_@babel+core@7.29.0_babel-plugin-react-compiler@1.0.0_react-dom@19.2.3_react@19.2.3__react@19.2.3/node_modules/next/node_modules:/home/yugz/domains/web-dev/salon-booking-app/node_modules/.pnpm/next@16.1.6_@babel+core@7.29.0_babel-plugin-react-compiler@1.0.0_react-dom@19.2.3_react@19.2.3__react@19.2.3/node_modules:/home/yugz/domains/web-dev/salon-booking-app/node_modules/.pnpm/node_modules/tailwindcss)\n' +
    '            no extension\n' +
    "              /home/yugz/domains/web-dev/salon-booking-app/node_modules/.pnpm/next@16.1.6_@babel+core@7.29.0_babel-plugin-react-compiler@1.0.0_react-dom@19.2.3_react@19.2.3__react@19.2.3/node_modules/next/dist/bin/node_modules:/home/yugz/domains/web-dev/salon-booking-app/node_modules/.pnpm/next@16.1.6_@babel+core@7.29.0_babel-plugin-react-compiler@1.0.0_react-dom@19.2.3_react@19.2.3__react@19.2.3/node_modules/next/dist/node_modules:/home/yugz/domains/web-dev/salon-booking-app/node_modules/.pnpm/next@16.1.6_@babel+core@7.29.0_babel-plugin-react-compiler@1.0.0_react-dom@19.2.3_react@19.2.3__react@19.2.3/node_modules/next/node_modules:/home/yugz/domains/web-dev/salon-booking-app/node_modules/.pnpm/next@16.1.6_@babel+core@7.29.0_babel-plugin-react-compiler@1.0.0_react-dom@19.2.3_react@19.2.3__react@19.2.3/node_modules:/home/yugz/domains/web-dev/salon-booking-app/node_modules/.pnpm/node_modules/tailwindcss doesn't exist\n" +
    '            .css\n' +
    "              /home/yugz/domains/web-dev/salon-booking-app/node_modules/.pnpm/next@16.1.6_@babel+core@7.29.0_babel-plugin-react-compiler@1.0.0_react-dom@19.2.3_react@19.2.3__react@19.2.3/node_modules/next/dist/bin/node_modules:/home/yugz/domains/web-dev/salon-booking-app/node_modules/.pnpm/next@16.1.6_@babel+core@7.29.0_babel-plugin-react-compiler@1.0.0_react-dom@19.2.3_react@19.2.3__react@19.2.3/node_modules/next/dist/node_modules:/home/yugz/domains/web-dev/salon-booking-app/node_modules/.pnpm/next@16.1.6_@babel+core@7.29.0_babel-plugin-react-compiler@1.0.0_react-dom@19.2.3_react@19.2.3__react@19.2.3/node_modules/next/node_modules:/home/yugz/domains/web-dev/salon-booking-app/node_modules/.pnpm/next@16.1.6_@babel+core@7.29.0_babel-plugin-react-compiler@1.0.0_react-dom@19.2.3_react@19.2.3__react@19.2.3/node_modules:/home/yugz/domains/web-dev/salon-booking-app/node_modules/.pnpm/node_modules/tailwindcss.css doesn't exist\n" +
    "        /home/yugz/domains/web-dev/salon-booking-app/node_modules/.pnpm/next@16.1.6_@babel+core@7.29.0_babel-plugin-react-compiler@1.0.0_react-dom@19.2.3_react@19.2.3__react@19.2.3/node_modules/next/dist/bin/node_modules:/home/yugz/domains/web-dev/salon-booking-app/node_modules/.pnpm/next@16.1.6_@babel+core@7.29.0_babel-plugin-react-compiler@1.0.0_react-dom@19.2.3_react@19.2.3__react@19.2.3/node_modules/next/dist/node_modules:/home/yugz/domains/web-dev/salon-booking-app/node_modules/.pnpm/next@16.1.6_@babel+core@7.29.0_babel-plugin-react-compiler@1.0.0_react-dom@19.2.3_react@19.2.3__react@19.2.3/node_modules/next/node_modules:/home/yugz/domains/web-dev/salon-booking-app/node_modules/.pnpm/next@16.1.6_@babel+core@7.29.0_babel-plugin-react-compiler@1.0.0_react-dom@19.2.3_react@19.2.3__react@19.2.3/node_modules:/home/yugz/domains/web-dev/salon-booking-app/node_modules/.pnpm/node_modules/tailwindcss doesn't exist"
}
Error: Can't resolve 'tailwindcss' in '/home/yugz/domains/web-dev'
    [2m[at finishWithoutResolve (/home/yugz/domains/web-dev/salon-booking-app/node_modules/.pnpm/enhanced-resolve@5.20.0/node_modules/enhanced-resolve/lib/Resolver.js:586:18)][0m
    [2m[at /home/yugz/domains/web-dev/salon-booking-app/node_modules/.pnpm/enhanced-resolve@5.20.0/node_modules/enhanced-resolve/lib/Resolver.js:678:14][0m
    [2m[at /home/yugz/domains/web-dev/salon-booking-app/node_modules/.pnpm/enhanced-resolve@5.20.0/node_modules/enhanced-resolve/lib/Resolver.js:739:5][0m
    [2m[at eval (eval at create (/home/yugz/domains/web-dev/salon-booking-app/node_modules/.pnpm/tapable@2.3.0/node_modules/tapable/lib/HookCodeFactory.js:31:10), <anonymous>:15:1)][0m
    [2m[at /home/yugz/domains/web-dev/salon-booking-app/node_modules/.pnpm/enhanced-resolve@5.20.0/node_modules/enhanced-resolve/lib/Resolver.js:739:5][0m
    [2m[at eval (eval at create (/home/yugz/domains/web-dev/salon-booking-app/node_modules/.pnpm/tapable@2.3.0/node_modules/tapable/lib/HookCodeFactory.js:31:10), <anonymous>:27:1)][0m
    [2m[at /home/yugz/domains/web-dev/salon-booking-app/node_modules/.pnpm/enhanced-resolve@5.20.0/node_modules/enhanced-resolve/lib/DescriptionFilePlugin.js:89:43][0m
    [2m[at /home/yugz/domains/web-dev/salon-booking-app/node_modules/.pnpm/enhanced-resolve@5.20.0/node_modules/enhanced-resolve/lib/Resolver.js:739:5][0m
    [2m[at eval (eval at create (/home/yugz/domains/web-dev/salon-booking-app/node_modules/.pnpm/tapable@2.3.0/node_modules/tapable/lib/HookCodeFactory.js:31:10), <anonymous>:15:1)][0m
    [2m[at /home/yugz/domains/web-dev/salon-booking-app/node_modules/.pnpm/enhanced-resolve@5.20.0/node_modules/enhanced-resolve/lib/Resolver.js:739:5][0m {
  details: "resolve 'tailwindcss' in '/home/yugz/domains/web-dev'\n" +
    '  Parsed request is a module\n' +
    '  using description file: /home/yugz/domains/web-dev/package.json (relative path: .)\n' +
    '    resolve as module\n' +
    '      looking for modules in /home/yugz/domains/web-dev/node_modules\n' +
    '        single file module\n' +
    '          using description file: /home/yugz/domains/web-dev/package.json (relative path: ./node_modules/tailwindcss)\n' +
    '            no extension\n' +
    "              /home/yugz/domains/web-dev/node_modules/tailwindcss doesn't exist\n" +
    '            .css\n' +
    "              /home/yugz/domains/web-dev/node_modules/tailwindcss.css doesn't exist\n" +
    "        /home/yugz/domains/web-dev/node_modules/tailwindcss doesn't exist\n" +
    "      /home/yugz/domains/node_modules doesn't exist or is not a directory\n" +
    "      /home/yugz/node_modules doesn't exist or is not a directory\n" +
    "      /home/node_modules doesn't exist or is not a directory\n" +
    "      /node_modules doesn't exist or is not a directory\n" +
    '      looking for modules in /home/yugz/domains/web-dev/salon-booking-app/node_modules/.pnpm/next@16.1.6_@babel+core@7.29.0_babel-plugin-react-compiler@1.0.0_react-dom@19.2.3_react@19.2.3__react@19.2.3/node_modules/next/dist/bin/node_modules:/home/yugz/domains/web-dev/salon-booking-app/node_modules/.pnpm/next@16.1.6_@babel+core@7.29.0_babel-plugin-react-compiler@1.0.0_react-dom@19.2.3_react@19.2.3__react@19.2.3/node_modules/next/dist/node_modules:/home/yugz/domains/web-dev/salon-booking-app/node_modules/.pnpm/next@16.1.6_@babel+core@7.29.0_babel-plugin-react-compiler@1.0.0_react-dom@19.2.3_react@19.2.3__react@19.2.3/node_modules/next/node_modules:/home/yugz/domains/web-dev/salon-booking-app/node_modules/.pnpm/next@16.1.6_@babel+core@7.29.0_babel-plugin-react-compiler@1.0.0_react-dom@19.2.3_react@19.2.3__react@19.2.3/node_modules:/home/yugz/domains/web-dev/salon-booking-app/node_modules/.pnpm/node_modules\n' +
    '        single file module\n' +
    '          using description file: /home/yugz/domains/web-dev/salon-booking-app/node_modules/.pnpm/next@16.1.6_@babel+core@7.29.0_babel-plugin-react-compiler@1.0.0_react-dom@19.2.3_react@19.2.3__react@19.2.3/node_modules/next/package.json (relative path: ./dist/bin/node_modules:/home/yugz/domains/web-dev/salon-booking-app/node_modules/.pnpm/next@16.1.6_@babel+core@7.29.0_babel-plugin-react-compiler@1.0.0_react-dom@19.2.3_react@19.2.3__react@19.2.3/node_modules/next/dist/node_modules:/home/yugz/domains/web-dev/salon-booking-app/node_modules/.pnpm/next@16.1.6_@babel+core@7.29.0_babel-plugin-react-compiler@1.0.0_react-dom@19.2.3_react@19.2.3__react@19.2.3/node_modules/next/node_modules:/home/yugz/domains/web-dev/salon-booking-app/node_modules/.pnpm/next@16.1.6_@babel+core@7.29.0_babel-plugin-react-compiler@1.0.0_react-dom@19.2.3_react@19.2.3__react@19.2.3/node_modules:/home/yugz/domains/web-dev/salon-booking-app/node_modules/.pnpm/node_modules/tailwindcss)\n' +
    '            no extension\n' +
    "              /home/yugz/domains/web-dev/salon-booking-app/node_modules/.pnpm/next@16.1.6_@babel+core@7.29.0_babel-plugin-react-compiler@1.0.0_react-dom@19.2.3_react@19.2.3__react@19.2.3/node_modules/next/dist/bin/node_modules:/home/yugz/domains/web-dev/salon-booking-app/node_modules/.pnpm/next@16.1.6_@babel+core@7.29.0_babel-plugin-react-compiler@1.0.0_react-dom@19.2.3_react@19.2.3__react@19.2.3/node_modules/next/dist/node_modules:/home/yugz/domains/web-dev/salon-booking-app/node_modules/.pnpm/next@16.1.6_@babel+core@7.29.0_babel-plugin-react-compiler@1.0.0_react-dom@19.2.3_react@19.2.3__react@19.2.3/node_modules/next/node_modules:/home/yugz/domains/web-dev/salon-booking-app/node_modules/.pnpm/next@16.1.6_@babel+core@7.29.0_babel-plugin-react-compiler@1.0.0_react-dom@19.2.3_react@19.2.3__react@19.2.3/node_modules:/home/yugz/domains/web-dev/salon-booking-app/node_modules/.pnpm/node_modules/tailwindcss doesn't exist\n" +
    '            .css\n' +
    "              /home/yugz/domains/web-dev/salon-booking-app/node_modules/.pnpm/next@16.1.6_@babel+core@7.29.0_babel-plugin-react-compiler@1.0.0_react-dom@19.2.3_react@19.2.3__react@19.2.3/node_modules/next/dist/bin/node_modules:/home/yugz/domains/web-dev/salon-booking-app/node_modules/.pnpm/next@16.1.6_@babel+core@7.29.0_babel-plugin-react-compiler@1.0.0_react-dom@19.2.3_react@19.2.3__react@19.2.3/node_modules/next/dist/node_modules:/home/yugz/domains/web-dev/salon-booking-app/node_modules/.pnpm/next@16.1.6_@babel+core@7.29.0_babel-plugin-react-compiler@1.0.0_react-dom@19.2.3_react@19.2.3__react@19.2.3/node_modules/next/node_modules:/home/yugz/domains/web-dev/salon-booking-app/node_modules/.pnpm/next@16.1.6_@babel+core@7.29.0_babel-plugin-react-compiler@1.0.0_react-dom@19.2.3_react@19.2.3__react@19.2.3/node_modules:/home/yugz/domains/web-dev/salon-booking-app/node_modules/.pnpm/node_modules/tailwindcss.css doesn't exist\n" +
    "        /home/yugz/domains/web-dev/salon-booking-app/node_modules/.pnpm/next@16.1.6_@babel+core@7.29.0_babel-plugin-react-compiler@1.0.0_react-dom@19.2.3_react@19.2.3__react@19.2.3/node_modules/next/dist/bin/node_modules:/home/yugz/domains/web-dev/salon-booking-app/node_modules/.pnpm/next@16.1.6_@babel+core@7.29.0_babel-plugin-react-compiler@1.0.0_react-dom@19.2.3_react@19.2.3__react@19.2.3/node_modules/next/dist/node_modules:/home/yugz/domains/web-dev/salon-booking-app/node_modules/.pnpm/next@16.1.6_@babel+core@7.29.0_babel-plugin-react-compiler@1.0.0_react-dom@19.2.3_react@19.2.3__react@19.2.3/node_modules/next/node_modules:/home/yugz/domains/web-dev/salon-booking-app/node_modules/.pnpm/next@16.1.6_@babel+core@7.29.0_babel-plugin-react-compiler@1.0.0_react-dom@19.2.3_react@19.2.3__react@19.2.3/node_modules:/home/yugz/domains/web-dev/salon-booking-app/node_modules/.pnpm/node_modules/tailwindcss doesn't exist"
}
Error: Can't resolve 'tailwindcss' in '/home/yugz/domains/web-dev'
    [2m[at finishWithoutResolve (/home/yugz/domains/web-dev/salon-booking-app/node_modules/.pnpm/enhanced-resolve@5.20.0/node_modules/enhanced-resolve/lib/Resolver.js:586:18)][0m
    [2m[at /home/yugz/domains/web-dev/salon-booking-app/node_modules/.pnpm/enhanced-resolve@5.20.0/node_modules/enhanced-resolve/lib/Resolver.js:678:14][0m
    [2m[at /home/yugz/domains/web-dev/salon-booking-app/node_modules/.pnpm/enhanced-resolve@5.20.0/node_modules/enhanced-resolve/lib/Resolver.js:739:5][0m
    [2m[at eval (eval at create (/home/yugz/domains/web-dev/salon-booking-app/node_modules/.pnpm/tapable@2.3.0/node_modules/tapable/lib/HookCodeFactory.js:31:10), <anonymous>:15:1)][0m
    [2m[at /home/yugz/domains/web-dev/salon-booking-app/node_modules/.pnpm/enhanced-resolve@5.20.0/node_modules/enhanced-resolve/lib/Resolver.js:739:5][0m
    [2m[at eval (eval at create (/home/yugz/domains/web-dev/salon-booking-app/node_modules/.pnpm/tapable@2.3.0/node_modules/tapable/lib/HookCodeFactory.js:31:10), <anonymous>:27:1)][0m
    [2m[at /home/yugz/domains/web-dev/salon-booking-app/node_modules/.pnpm/enhanced-resolve@5.20.0/node_modules/enhanced-resolve/lib/DescriptionFilePlugin.js:89:43][0m
    [2m[at /home/yugz/domains/web-dev/salon-booking-app/node_modules/.pnpm/enhanced-resolve@5.20.0/node_modules/enhanced-resolve/lib/Resolver.js:739:5][0m
    [2m[at eval (eval at create (/home/yugz/domains/web-dev/salon-booking-app/node_modules/.pnpm/tapable@2.3.0/node_modules/tapable/lib/HookCodeFactory.js:31:10), <anonymous>:15:1)][0m
    [2m[at /home/yugz/domains/web-dev/salon-booking-app/node_modules/.pnpm/enhanced-resolve@5.20.0/node_modules/enhanced-resolve/lib/Resolver.js:739:5][0m {
  details: "resolve 'tailwindcss' in '/home/yugz/domains/web-dev'\n" +
    '  Parsed request is a module\n' +
    '  using description file: /home/yugz/domains/web-dev/package.json (relative path: .)\n' +
    '    resolve as module\n' +
    '      looking for modules in /home/yugz/domains/web-dev/node_modules\n' +
    '        single file module\n' +
    '          using description file: /home/yugz/domains/web-dev/package.json (relative path: ./node_modules/tailwindcss)\n' +
    '            no extension\n' +
    "              /home/yugz/domains/web-dev/node_modules/tailwindcss doesn't exist\n" +
    '            .css\n' +
    "              /home/yugz/domains/web-dev/node_modules/tailwindcss.css doesn't exist\n" +
    "        /home/yugz/domains/web-dev/node_modules/tailwindcss doesn't exist\n" +
    "      /home/yugz/domains/node_modules doesn't exist or is not a directory\n" +
    "      /home/yugz/node_modules doesn't exist or is not a directory\n" +
    "      /home/node_modules doesn't exist or is not a directory\n" +
    "      /node_modules doesn't exist or is not a directory\n" +
    '      looking for modules in /home/yugz/domains/web-dev/salon-booking-app/node_modules/.pnpm/next@16.1.6_@babel+core@7.29.0_babel-plugin-react-compiler@1.0.0_react-dom@19.2.3_react@19.2.3__react@19.2.3/node_modules/next/dist/bin/node_modules:/home/yugz/domains/web-dev/salon-booking-app/node_modules/.pnpm/next@16.1.6_@babel+core@7.29.0_babel-plugin-react-compiler@1.0.0_react-dom@19.2.3_react@19.2.3__react@19.2.3/node_modules/next/dist/node_modules:/home/yugz/domains/web-dev/salon-booking-app/node_modules/.pnpm/next@16.1.6_@babel+core@7.29.0_babel-plugin-react-compiler@1.0.0_react-dom@19.2.3_react@19.2.3__react@19.2.3/node_modules/next/node_modules:/home/yugz/domains/web-dev/salon-booking-app/node_modules/.pnpm/next@16.1.6_@babel+core@7.29.0_babel-plugin-react-compiler@1.0.0_react-dom@19.2.3_react@19.2.3__react@19.2.3/node_modules:/home/yugz/domains/web-dev/salon-booking-app/node_modules/.pnpm/node_modules\n' +
    '        single file module\n' +
    '          using description file: /home/yugz/domains/web-dev/salon-booking-app/node_modules/.pnpm/next@16.1.6_@babel+core@7.29.0_babel-plugin-react-compiler@1.0.0_react-dom@19.2.3_react@19.2.3__react@19.2.3/node_modules/next/package.json (relative path: ./dist/bin/node_modules:/home/yugz/domains/web-dev/salon-booking-app/node_modules/.pnpm/next@16.1.6_@babel+core@7.29.0_babel-plugin-react-compiler@1.0.0_react-dom@19.2.3_react@19.2.3__react@19.2.3/node_modules/next/dist/node_modules:/home/yugz/domains/web-dev/salon-booking-app/node_modules/.pnpm/next@16.1.6_@babel+core@7.29.0_babel-plugin-react-compiler@1.0.0_react-dom@19.2.3_react@19.2.3__react@19.2.3/node_modules/next/node_modules:/home/yugz/domains/web-dev/salon-booking-app/node_modules/.pnpm/next@16.1.6_@babel+core@7.29.0_babel-plugin-react-compiler@1.0.0_react-dom@19.2.3_react@19.2.3__react@19.2.3/node_modules:/home/yugz/domains/web-dev/salon-booking-app/node_modules/.pnpm/node_modules/tailwindcss)\n' +
    '            no extension\n' +
    "              /home/yugz/domains/web-dev/salon-booking-app/node_modules/.pnpm/next@16.1.6_@babel+core@7.29.0_babel-plugin-react-compiler@1.0.0_react-dom@19.2.3_react@19.2.3__react@19.2.3/node_modules/next/dist/bin/node_modules:/home/yugz/domains/web-dev/salon-booking-app/node_modules/.pnpm/next@16.1.6_@babel+core@7.29.0_babel-plugin-react-compiler@1.0.0_react-dom@19.2.3_react@19.2.3__react@19.2.3/node_modules/next/dist/node_modules:/home/yugz/domains/web-dev/salon-booking-app/node_modules/.pnpm/next@16.1.6_@babel+core@7.29.0_babel-plugin-react-compiler@1.0.0_react-dom@19.2.3_react@19.2.3__react@19.2.3/node_modules/next/node_modules:/home/yugz/domains/web-dev/salon-booking-app/node_modules/.pnpm/next@16.1.6_@babel+core@7.29.0_babel-plugin-react-compiler@1.0.0_react-dom@19.2.3_react@19.2.3__react@19.2.3/node_modules:/home/yugz/domains/web-dev/salon-booking-app/node_modules/.pnpm/node_modules/tailwindcss doesn't exist\n" +
    '            .css\n' +
    "              /home/yugz/domains/web-dev/salon-booking-app/node_modules/.pnpm/next@16.1.6_@babel+core@7.29.0_babel-plugin-react-compiler@1.0.0_react-dom@19.2.3_react@19.2.3__react@19.2.3/node_modules/next/dist/bin/node_modules:/home/yugz/domains/web-dev/salon-booking-app/node_modules/.pnpm/next@16.1.6_@babel+core@7.29.0_babel-plugin-react-compiler@1.0.0_react-dom@19.2.3_react@19.2.3__react@19.2.3/node_modules/next/dist/node_modules:/home/yugz/domains/web-dev/salon-booking-app/node_modules/.pnpm/next@16.1.6_@babel+core@7.29.0_babel-plugin-react-compiler@1.0.0_react-dom@19.2.3_react@19.2.3__react@19.2.3/node_modules/next/node_modules:/home/yugz/domains/web-dev/salon-booking-app/node_modules/.pnpm/next@16.1.6_@babel+core@7.29.0_babel-plugin-react-compiler@1.0.0_react-dom@19.2.3_react@19.2.3__react@19.2.3/node_modules:/home/yugz/domains/web-dev/salon-booking-app/node_modules/.pnpm/node_modules/tailwindcss.css doesn't exist\n" +
    "        /home/yugz/domains/web-dev/salon-booking-app/node_modules/.pnpm/next@16.1.6_@babel+core@7.29.0_babel-plugin-react-compiler@1.0.0_react-dom@19.2.3_react@19.2.3__react@19.2.3/node_modules/next/dist/bin/node_modules:/home/yugz/domains/web-dev/salon-booking-app/node_modules/.pnpm/next@16.1.6_@babel+core@7.29.0_babel-plugin-react-compiler@1.0.0_react-dom@19.2.3_react@19.2.3__react@19.2.3/node_modules/next/dist/node_modules:/home/yugz/domains/web-dev/salon-booking-app/node_modules/.pnpm/next@16.1.6_@babel+core@7.29.0_babel-plugin-react-compiler@1.0.0_react-dom@19.2.3_react@19.2.3__react@19.2.3/node_modules/next/node_modules:/home/yugz/domains/web-dev/salon-booking-app/node_modules/.pnpm/next@16.1.6_@babel+core@7.29.0_babel-plugin-react-compiler@1.0.0_react-dom@19.2.3_react@19.2.3__react@19.2.3/node_modules:/home/yugz/domains/web-dev/salon-booking-app/node_modules/.pnpm/node_modules/tailwindcss doesn't exist"
}
Error: Can't resolve 'tailwindcss' in '/home/yugz/domains/web-dev'
    [2m[at finishWithoutResolve (/home/yugz/domains/web-dev/salon-booking-app/node_modules/.pnpm/enhanced-resolve@5.20.0/node_modules/enhanced-resolve/lib/Resolver.js:586:18)][0m
    [2m[at /home/yugz/domains/web-dev/salon-booking-app/node_modules/.pnpm/enhanced-resolve@5.20.0/node_modules/enhanced-resolve/lib/Resolver.js:678:14][0m
    [2m[at /home/yugz/domains/web-dev/salon-booking-app/node_modules/.pnpm/enhanced-resolve@5.20.0/node_modules/enhanced-resolve/lib/Resolver.js:739:5][0m
    [2m[at eval (eval at create (/home/yugz/domains/web-dev/salon-booking-app/node_modules/.pnpm/tapable@2.3.0/node_modules/tapable/lib/HookCodeFactory.js:31:10), <anonymous>:15:1)][0m
    [2m[at /home/yugz/domains/web-dev/salon-booking-app/node_modules/.pnpm/enhanced-resolve@5.20.0/node_modules/enhanced-resolve/lib/Resolver.js:739:5][0m
    [2m[at eval (eval at create (/home/yugz/domains/web-dev/salon-booking-app/node_modules/.pnpm/tapable@2.3.0/node_modules/tapable/lib/HookCodeFactory.js:31:10), <anonymous>:27:1)][0m
    [2m[at /home/yugz/domains/web-dev/salon-booking-app/node_modules/.pnpm/enhanced-resolve@5.20.0/node_modules/enhanced-resolve/lib/DescriptionFilePlugin.js:89:43][0m
    [2m[at /home/yugz/domains/web-dev/salon-booking-app/node_modules/.pnpm/enhanced-resolve@5.20.0/node_modules/enhanced-resolve/lib/Resolver.js:739:5][0m
    [2m[at eval (eval at create (/home/yugz/domains/web-dev/salon-booking-app/node_modules/.pnpm/tapable@2.3.0/node_modules/tapable/lib/HookCodeFactory.js:31:10), <anonymous>:15:1)][0m
    [2m[at /home/yugz/domains/web-dev/salon-booking-app/node_modules/.pnpm/enhanced-resolve@5.20.0/node_modules/enhanced-resolve/lib/Resolver.js:739:5][0m {
  details: "resolve 'tailwindcss' in '/home/yugz/domains/web-dev'\n" +
    '  Parsed request is a module\n' +
    '  using description file: /home/yugz/domains/web-dev/package.json (relative path: .)\n' +
    '    resolve as module\n' +
    '      looking for modules in /home/yugz/domains/web-dev/node_modules\n' +
    '        single file module\n' +
    '          using description file: /home/yugz/domains/web-dev/package.json (relative path: ./node_modules/tailwindcss)\n' +
    '            no extension\n' +
    "              /home/yugz/domains/web-dev/node_modules/tailwindcss doesn't exist\n" +
    '            .css\n' +
    "              /home/yugz/domains/web-dev/node_modules/tailwindcss.css doesn't exist\n" +
    "        /home/yugz/domains/web-dev/node_modules/tailwindcss doesn't exist\n" +
    "      /home/yugz/domains/node_modules doesn't exist or is not a directory\n" +
    "      /home/yugz/node_modules doesn't exist or is not a directory\n" +
    "      /home/node_modules doesn't exist or is not a directory\n" +
    "      /node_modules doesn't exist or is not a directory\n" +
    '      looking for modules in /home/yugz/domains/web-dev/salon-booking-app/node_modules/.pnpm/next@16.1.6_@babel+core@7.29.0_babel-plugin-react-compiler@1.0.0_react-dom@19.2.3_react@19.2.3__react@19.2.3/node_modules/next/dist/bin/node_modules:/home/yugz/domains/web-dev/salon-booking-app/node_modules/.pnpm/next@16.1.6_@babel+core@7.29.0_babel-plugin-react-compiler@1.0.0_react-dom@19.2.3_react@19.2.3__react@19.2.3/node_modules/next/dist/node_modules:/home/yugz/domains/web-dev/salon-booking-app/node_modules/.pnpm/next@16.1.6_@babel+core@7.29.0_babel-plugin-react-compiler@1.0.0_react-dom@19.2.3_react@19.2.3__react@19.2.3/node_modules/next/node_modules:/home/yugz/domains/web-dev/salon-booking-app/node_modules/.pnpm/next@16.1.6_@babel+core@7.29.0_babel-plugin-react-compiler@1.0.0_react-dom@19.2.3_react@19.2.3__react@19.2.3/node_modules:/home/yugz/domains/web-dev/salon-booking-app/node_modules/.pnpm/node_modules\n' +
    '        single file module\n' +
    '          using description file: /home/yugz/domains/web-dev/salon-booking-app/node_modules/.pnpm/next@16.1.6_@babel+core@7.29.0_babel-plugin-react-compiler@1.0.0_react-dom@19.2.3_react@19.2.3__react@19.2.3/node_modules/next/package.json (relative path: ./dist/bin/node_modules:/home/yugz/domains/web-dev/salon-booking-app/node_modules/.pnpm/next@16.1.6_@babel+core@7.29.0_babel-plugin-react-compiler@1.0.0_react-dom@19.2.3_react@19.2.3__react@19.2.3/node_modules/next/dist/node_modules:/home/yugz/domains/web-dev/salon-booking-app/node_modules/.pnpm/next@16.1.6_@babel+core@7.29.0_babel-plugin-react-compiler@1.0.0_react-dom@19.2.3_react@19.2.3__react@19.2.3/node_modules/next/node_modules:/home/yugz/domains/web-dev/salon-booking-app/node_modules/.pnpm/next@16.1.6_@babel+core@7.29.0_babel-plugin-react-compiler@1.0.0_react-dom@19.2.3_react@19.2.3__react@19.2.3/node_modules:/home/yugz/domains/web-dev/salon-booking-app/node_modules/.pnpm/node_modules/tailwindcss)\n' +
    '            no extension\n' +
    "              /home/yugz/domains/web-dev/salon-booking-app/node_modules/.pnpm/next@16.1.6_@babel+core@7.29.0_babel-plugin-react-compiler@1.0.0_react-dom@19.2.3_react@19.2.3__react@19.2.3/node_modules/next/dist/bin/node_modules:/home/yugz/domains/web-dev/salon-booking-app/node_modules/.pnpm/next@16.1.6_@babel+core@7.29.0_babel-plugin-react-compiler@1.0.0_react-dom@19.2.3_react@19.2.3__react@19.2.3/node_modules/next/dist/node_modules:/home/yugz/domains/web-dev/salon-booking-app/node_modules/.pnpm/next@16.1.6_@babel+core@7.29.0_babel-plugin-react-compiler@1.0.0_react-dom@19.2.3_react@19.2.3__react@19.2.3/node_modules/next/node_modules:/home/yugz/domains/web-dev/salon-booking-app/node_modules/.pnpm/next@16.1.6_@babel+core@7.29.0_babel-plugin-react-compiler@1.0.0_react-dom@19.2.3_react@19.2.3__react@19.2.3/node_modules:/home/yugz/domains/web-dev/salon-booking-app/node_modules/.pnpm/node_modules/tailwindcss doesn't exist\n" +
    '            .css\n' +
    "              /home/yugz/domains/web-dev/salon-booking-app/node_modules/.pnpm/next@16.1.6_@babel+core@7.29.0_babel-plugin-react-compiler@1.0.0_react-dom@19.2.3_react@19.2.3__react@19.2.3/node_modules/next/dist/bin/node_modules:/home/yugz/domains/web-dev/salon-booking-app/node_modules/.pnpm/next@16.1.6_@babel+core@7.29.0_babel-plugin-react-compiler@1.0.0_react-dom@19.2.3_react@19.2.3__react@19.2.3/node_modules/next/dist/node_modules:/home/yugz/domains/web-dev/salon-booking-app/node_modules/.pnpm/next@16.1.6_@babel+core@7.29.0_babel-plugin-react-compiler@1.0.0_react-dom@19.2.3_react@19.2.3__react@19.2.3/node_modules/next/node_modules:/home/yugz/domains/web-dev/salon-booking-app/node_modules/.pnpm/next@16.1.6_@babel+core@7.29.0_babel-plugin-react-compiler@1.0.0_react-dom@19.2.3_react@19.2.3__react@19.2.3/node_modules:/home/yugz/domains/web-dev/salon-booking-app/node_modules/.pnpm/node_modules/tailwindcss.css doesn't exist\n" +
    "        /home/yugz/domains/web-dev/salon-booking-app/node_modules/.pnpm/next@16.1.6_@babel+core@7.29.0_babel-plugin-react-compiler@1.0.0_react-dom@19.2.3_react@19.2.3__react@19.2.3/node_modules/next/dist/bin/node_modules:/home/yugz/domains/web-dev/salon-booking-app/node_modules/.pnpm/next@16.1.6_@babel+core@7.29.0_babel-plugin-react-compiler@1.0.0_react-dom@19.2.3_react@19.2.3__react@19.2.3/node_modules/next/dist/node_modules:/home/yugz/domains/web-dev/salon-booking-app/node_modules/.pnpm/next@16.1.6_@babel+core@7.29.0_babel-plugin-react-compiler@1.0.0_react-dom@19.2.3_react@19.2.3__react@19.2.3/node_modules/next/node_modules:/home/yugz/domains/web-dev/salon-booking-app/node_modules/.pnpm/next@16.1.6_@babel+core@7.29.0_babel-plugin-react-compiler@1.0.0_react-dom@19.2.3_react@19.2.3__react@19.2.3/node_modules:/home/yugz/domains/web-dev/salon-booking-app/node_modules/.pnpm/node_modules/tailwindcss doesn't exist"
}
Error: Can't resolve 'tailwindcss' in '/home/yugz/domains/web-dev'
    [2m[at finishWithoutResolve (/home/yugz/domains/web-dev/salon-booking-app/node_modules/.pnpm/enhanced-resolve@5.20.0/node_modules/enhanced-resolve/lib/Resolver.js:586:18)][0m
    [2m[at /home/yugz/domains/web-dev/salon-booking-app/node_modules/.pnpm/enhanced-resolve@5.20.0/node_modules/enhanced-resolve/lib/Resolver.js:678:14][0m
    [2m[at /home/yugz/domains/web-dev/salon-booking-app/node_modules/.pnpm/enhanced-resolve@5.20.0/node_modules/enhanced-resolve/lib/Resolver.js:739:5][0m
    [2m[at eval (eval at create (/home/yugz/domains/web-dev/salon-booking-app/node_modules/.pnpm/tapable@2.3.0/node_modules/tapable/lib/HookCodeFactory.js:31:10), <anonymous>:15:1)][0m
    [2m[at /home/yugz/domains/web-dev/salon-booking-app/node_modules/.pnpm/enhanced-resolve@5.20.0/node_modules/enhanced-resolve/lib/Resolver.js:739:5][0m
    [2m[at eval (eval at create (/home/yugz/domains/web-dev/salon-booking-app/node_modules/.pnpm/tapable@2.3.0/node_modules/tapable/lib/HookCodeFactory.js:31:10), <anonymous>:27:1)][0m
    [2m[at /home/yugz/domains/web-dev/salon-booking-app/node_modules/.pnpm/enhanced-resolve@5.20.0/node_modules/enhanced-resolve/lib/DescriptionFilePlugin.js:89:43][0m
    [2m[at /home/yugz/domains/web-dev/salon-booking-app/node_modules/.pnpm/enhanced-resolve@5.20.0/node_modules/enhanced-resolve/lib/Resolver.js:739:5][0m
    [2m[at eval (eval at create (/home/yugz/domains/web-dev/salon-booking-app/node_modules/.pnpm/tapable@2.3.0/node_modules/tapable/lib/HookCodeFactory.js:31:10), <anonymous>:15:1)][0m
    [2m[at /home/yugz/domains/web-dev/salon-booking-app/node_modules/.pnpm/enhanced-resolve@5.20.0/node_modules/enhanced-resolve/lib/Resolver.js:739:5][0m {
  details: "resolve 'tailwindcss' in '/home/yugz/domains/web-dev'\n" +
    '  Parsed request is a module\n' +
    '  using description file: /home/yugz/domains/web-dev/package.json (relative path: .)\n' +
    '    resolve as module\n' +
    '      looking for modules in /home/yugz/domains/web-dev/node_modules\n' +
    '        single file module\n' +
    '          using description file: /home/yugz/domains/web-dev/package.json (relative path: ./node_modules/tailwindcss)\n' +
    '            no extension\n' +
    "              /home/yugz/domains/web-dev/node_modules/tailwindcss doesn't exist\n" +
    '            .css\n' +
    "              /home/yugz/domains/web-dev/node_modules/tailwindcss.css doesn't exist\n" +
    "        /home/yugz/domains/web-dev/node_modules/tailwindcss doesn't exist\n" +
    "      /home/yugz/domains/node_modules doesn't exist or is not a directory\n" +
    "      /home/yugz/node_modules doesn't exist or is not a directory\n" +
    "      /home/node_modules doesn't exist or is not a directory\n" +
    "      /node_modules doesn't exist or is not a directory\n" +
    '      looking for modules in /home/yugz/domains/web-dev/salon-booking-app/node_modules/.pnpm/next@16.1.6_@babel+core@7.29.0_babel-plugin-react-compiler@1.0.0_react-dom@19.2.3_react@19.2.3__react@19.2.3/node_modules/next/dist/bin/node_modules:/home/yugz/domains/web-dev/salon-booking-app/node_modules/.pnpm/next@16.1.6_@babel+core@7.29.0_babel-plugin-react-compiler@1.0.0_react-dom@19.2.3_react@19.2.3__react@19.2.3/node_modules/next/dist/node_modules:/home/yugz/domains/web-dev/salon-booking-app/node_modules/.pnpm/next@16.1.6_@babel+core@7.29.0_babel-plugin-react-compiler@1.0.0_react-dom@19.2.3_react@19.2.3__react@19.2.3/node_modules/next/node_modules:/home/yugz/domains/web-dev/salon-booking-app/node_modules/.pnpm/next@16.1.6_@babel+core@7.29.0_babel-plugin-react-compiler@1.0.0_react-dom@19.2.3_react@19.2.3__react@19.2.3/node_modules:/home/yugz/domains/web-dev/salon-booking-app/node_modules/.pnpm/node_modules\n' +
    '        single file module\n' +
    '          using description file: /home/yugz/domains/web-dev/salon-booking-app/node_modules/.pnpm/next@16.1.6_@babel+core@7.29.0_babel-plugin-react-compiler@1.0.0_react-dom@19.2.3_react@19.2.3__react@19.2.3/node_modules/next/package.json (relative path: ./dist/bin/node_modules:/home/yugz/domains/web-dev/salon-booking-app/node_modules/.pnpm/next@16.1.6_@babel+core@7.29.0_babel-plugin-react-compiler@1.0.0_react-dom@19.2.3_react@19.2.3__react@19.2.3/node_modules/next/dist/node_modules:/home/yugz/domains/web-dev/salon-booking-app/node_modules/.pnpm/next@16.1.6_@babel+core@7.29.0_babel-plugin-react-compiler@1.0.0_react-dom@19.2.3_react@19.2.3__react@19.2.3/node_modules/next/node_modules:/home/yugz/domains/web-dev/salon-booking-app/node_modules/.pnpm/next@16.1.6_@babel+core@7.29.0_babel-plugin-react-compiler@1.0.0_react-dom@19.2.3_react@19.2.3__react@19.2.3/node_modules:/home/yugz/domains/web-dev/salon-booking-app/node_modules/.pnpm/node_modules/tailwindcss)\n' +
    '            no extension\n' +
    "              /home/yugz/domains/web-dev/salon-booking-app/node_modules/.pnpm/next@16.1.6_@babel+core@7.29.0_babel-plugin-react-compiler@1.0.0_react-dom@19.2.3_react@19.2.3__react@19.2.3/node_modules/next/dist/bin/node_modules:/home/yugz/domains/web-dev/salon-booking-app/node_modules/.pnpm/next@16.1.6_@babel+core@7.29.0_babel-plugin-react-compiler@1.0.0_react-dom@19.2.3_react@19.2.3__react@19.2.3/node_modules/next/dist/node_modules:/home/yugz/domains/web-dev/salon-booking-app/node_modules/.pnpm/next@16.1.6_@babel+core@7.29.0_babel-plugin-react-compiler@1.0.0_react-dom@19.2.3_react@19.2.3__react@19.2.3/node_modules/next/node_modules:/home/yugz/domains/web-dev/salon-booking-app/node_modules/.pnpm/next@16.1.6_@babel+core@7.29.0_babel-plugin-react-compiler@1.0.0_react-dom@19.2.3_react@19.2.3__react@19.2.3/node_modules:/home/yugz/domains/web-dev/salon-booking-app/node_modules/.pnpm/node_modules/tailwindcss doesn't exist\n" +
    '            .css\n' +
    "              /home/yugz/domains/web-dev/salon-booking-app/node_modules/.pnpm/next@16.1.6_@babel+core@7.29.0_babel-plugin-react-compiler@1.0.0_react-dom@19.2.3_react@19.2.3__react@19.2.3/node_modules/next/dist/bin/node_modules:/home/yugz/domains/web-dev/salon-booking-app/node_modules/.pnpm/next@16.1.6_@babel+core@7.29.0_babel-plugin-react-compiler@1.0.0_react-dom@19.2.3_react@19.2.3__react@19.2.3/node_modules/next/dist/node_modules:/home/yugz/domains/web-dev/salon-booking-app/node_modules/.pnpm/next@16.1.6_@babel+core@7.29.0_babel-plugin-react-compiler@1.0.0_react-dom@19.2.3_react@19.2.3__react@19.2.3/node_modules/next/node_modules:/home/yugz/domains/web-dev/salon-booking-app/node_modules/.pnpm/next@16.1.6_@babel+core@7.29.0_babel-plugin-react-compiler@1.0.0_react-dom@19.2.3_react@19.2.3__react@19.2.3/node_modules:/home/yugz/domains/web-dev/salon-booking-app/node_modules/.pnpm/node_modules/tailwindcss.css doesn't exist\n" +
    "        /home/yugz/domains/web-dev/salon-booking-app/node_modules/.pnpm/next@16.1.6_@babel+core@7.29.0_babel-plugin-react-compiler@1.0.0_react-dom@19.2.3_react@19.2.3__react@19.2.3/node_modules/next/dist/bin/node_modules:/home/yugz/domains/web-dev/salon-booking-app/node_modules/.pnpm/next@16.1.6_@babel+core@7.29.0_babel-plugin-react-compiler@1.0.0_react-dom@19.2.3_react@19.2.3__react@19.2.3/node_modules/next/dist/node_modules:/home/yugz/domains/web-dev/salon-booking-app/node_modules/.pnpm/next@16.1.6_@babel+core@7.29.0_babel-plugin-react-compiler@1.0.0_react-dom@19.2.3_react@19.2.3__react@19.2.3/node_modules/next/node_modules:/home/yugz/domains/web-dev/salon-booking-app/node_modules/.pnpm/next@16.1.6_@babel+core@7.29.0_babel-plugin-react-compiler@1.0.0_react-dom@19.2.3_react@19.2.3__react@19.2.3/node_modules:/home/yugz/domains/web-dev/salon-booking-app/node_modules/.pnpm/node_modules/tailwindcss doesn't exist"
}
Error: Can't resolve 'tailwindcss' in '/home/yugz/domains/web-dev'
    [2m[at finishWithoutResolve (/home/yugz/domains/web-dev/salon-booking-app/node_modules/.pnpm/enhanced-resolve@5.20.0/node_modules/enhanced-resolve/lib/Resolver.js:586:18)][0m
    [2m[at /home/yugz/domains/web-dev/salon-booking-app/node_modules/.pnpm/enhanced-resolve@5.20.0/node_modules/enhanced-resolve/lib/Resolver.js:678:14][0m
    [2m[at /home/yugz/domains/web-dev/salon-booking-app/node_modules/.pnpm/enhanced-resolve@5.20.0/node_modules/enhanced-resolve/lib/Resolver.js:739:5][0m
    [2m[at eval (eval at create (/home/yugz/domains/web-dev/salon-booking-app/node_modules/.pnpm/tapable@2.3.0/node_modules/tapable/lib/HookCodeFactory.js:31:10), <anonymous>:15:1)][0m
    [2m[at /home/yugz/domains/web-dev/salon-booking-app/node_modules/.pnpm/enhanced-resolve@5.20.0/node_modules/enhanced-resolve/lib/Resolver.js:739:5][0m
    [2m[at eval (eval at create (/home/yugz/domains/web-dev/salon-booking-app/node_modules/.pnpm/tapable@2.3.0/node_modules/tapable/lib/HookCodeFactory.js:31:10), <anonymous>:27:1)][0m
    [2m[at /home/yugz/domains/web-dev/salon-booking-app/node_modules/.pnpm/enhanced-resolve@5.20.0/node_modules/enhanced-resolve/lib/DescriptionFilePlugin.js:89:43][0m
    [2m[at /home/yugz/domains/web-dev/salon-booking-app/node_modules/.pnpm/enhanced-resolve@5.20.0/node_modules/enhanced-resolve/lib/Resolver.js:739:5][0m
    [2m[at eval (eval at create (/home/yugz/domains/web-dev/salon-booking-app/node_modules/.pnpm/tapable@2.3.0/node_modules/tapable/lib/HookCodeFactory.js:31:10), <anonymous>:15:1)][0m
    [2m[at /home/yugz/domains/web-dev/salon-booking-app/node_modules/.pnpm/enhanced-resolve@5.20.0/node_modules/enhanced-resolve/lib/Resolver.js:739:5][0m {
  details: "resolve 'tailwindcss' in '/home/yugz/domains/web-dev'\n" +
    '  Parsed request is a module\n' +
    '  using description file: /home/yugz/domains/web-dev/package.json (relative path: .)\n' +
    '    resolve as module\n' +
    '      looking for modules in /home/yugz/domains/web-dev/node_modules\n' +
    '        single file module\n' +
    '          using description file: /home/yugz/domains/web-dev/package.json (relative path: ./node_modules/tailwindcss)\n' +
    '            no extension\n' +
    "              /home/yugz/domains/web-dev/node_modules/tailwindcss doesn't exist\n" +
    '            .css\n' +
    "              /home/yugz/domains/web-dev/node_modules/tailwindcss.css doesn't exist\n" +
    "        /home/yugz/domains/web-dev/node_modules/tailwindcss doesn't exist\n" +
    "      /home/yugz/domains/node_modules doesn't exist or is not a directory\n" +
    "      /home/yugz/node_modules doesn't exist or is not a directory\n" +
    "      /home/node_modules doesn't exist or is not a directory\n" +
    "      /node_modules doesn't exist or is not a directory\n" +
    '      looking for modules in /home/yugz/domains/web-dev/salon-booking-app/node_modules/.pnpm/next@16.1.6_@babel+core@7.29.0_babel-plugin-react-compiler@1.0.0_react-dom@19.2.3_react@19.2.3__react@19.2.3/node_modules/next/dist/bin/node_modules:/home/yugz/domains/web-dev/salon-booking-app/node_modules/.pnpm/next@16.1.6_@babel+core@7.29.0_babel-plugin-react-compiler@1.0.0_react-dom@19.2.3_react@19.2.3__react@19.2.3/node_modules/next/dist/node_modules:/home/yugz/domains/web-dev/salon-booking-app/node_modules/.pnpm/next@16.1.6_@babel+core@7.29.0_babel-plugin-react-compiler@1.0.0_react-dom@19.2.3_react@19.2.3__react@19.2.3/node_modules/next/node_modules:/home/yugz/domains/web-dev/salon-booking-app/node_modules/.pnpm/next@16.1.6_@babel+core@7.29.0_babel-plugin-react-compiler@1.0.0_react-dom@19.2.3_react@19.2.3__react@19.2.3/node_modules:/home/yugz/domains/web-dev/salon-booking-app/node_modules/.pnpm/node_modules\n' +
    '        single file module\n' +
    '          using description file: /home/yugz/domains/web-dev/salon-booking-app/node_modules/.pnpm/next@16.1.6_@babel+core@7.29.0_babel-plugin-react-compiler@1.0.0_react-dom@19.2.3_react@19.2.3__react@19.2.3/node_modules/next/package.json (relative path: ./dist/bin/node_modules:/home/yugz/domains/web-dev/salon-booking-app/node_modules/.pnpm/next@16.1.6_@babel+core@7.29.0_babel-plugin-react-compiler@1.0.0_react-dom@19.2.3_react@19.2.3__react@19.2.3/node_modules/next/dist/node_modules:/home/yugz/domains/web-dev/salon-booking-app/node_modules/.pnpm/next@16.1.6_@babel+core@7.29.0_babel-plugin-react-compiler@1.0.0_react-dom@19.2.3_react@19.2.3__react@19.2.3/node_modules/next/node_modules:/home/yugz/domains/web-dev/salon-booking-app/node_modules/.pnpm/next@16.1.6_@babel+core@7.29.0_babel-plugin-react-compiler@1.0.0_react-dom@19.2.3_react@19.2.3__react@19.2.3/node_modules:/home/yugz/domains/web-dev/salon-booking-app/node_modules/.pnpm/node_modules/tailwindcss)\n' +
    '            no extension\n' +
    "              /home/yugz/domains/web-dev/salon-booking-app/node_modules/.pnpm/next@16.1.6_@babel+core@7.29.0_babel-plugin-react-compiler@1.0.0_react-dom@19.2.3_react@19.2.3__react@19.2.3/node_modules/next/dist/bin/node_modules:/home/yugz/domains/web-dev/salon-booking-app/node_modules/.pnpm/next@16.1.6_@babel+core@7.29.0_babel-plugin-react-compiler@1.0.0_react-dom@19.2.3_react@19.2.3__react@19.2.3/node_modules/next/dist/node_modules:/home/yugz/domains/web-dev/salon-booking-app/node_modules/.pnpm/next@16.1.6_@babel+core@7.29.0_babel-plugin-react-compiler@1.0.0_react-dom@19.2.3_react@19.2.3__react@19.2.3/node_modules/next/node_modules:/home/yugz/domains/web-dev/salon-booking-app/node_modules/.pnpm/next@16.1.6_@babel+core@7.29.0_babel-plugin-react-compiler@1.0.0_react-dom@19.2.3_react@19.2.3__react@19.2.3/node_modules:/home/yugz/domains/web-dev/salon-booking-app/node_modules/.pnpm/node_modules/tailwindcss doesn't exist\n" +
    '            .css\n' +
    "              /home/yugz/domains/web-dev/salon-booking-app/node_modules/.pnpm/next@16.1.6_@babel+core@7.29.0_babel-plugin-react-compiler@1.0.0_react-dom@19.2.3_react@19.2.3__react@19.2.3/node_modules/next/dist/bin/node_modules:/home/yugz/domains/web-dev/salon-booking-app/node_modules/.pnpm/next@16.1.6_@babel+core@7.29.0_babel-plugin-react-compiler@1.0.0_react-dom@19.2.3_react@19.2.3__react@19.2.3/node_modules/next/dist/node_modules:/home/yugz/domains/web-dev/salon-booking-app/node_modules/.pnpm/next@16.1.6_@babel+core@7.29.0_babel-plugin-react-compiler@1.0.0_react-dom@19.2.3_react@19.2.3__react@19.2.3/node_modules/next/node_modules:/home/yugz/domains/web-dev/salon-booking-app/node_modules/.pnpm/next@16.1.6_@babel+core@7.29.0_babel-plugin-react-compiler@1.0.0_react-dom@19.2.3_react@19.2.3__react@19.2.3/node_modules:/home/yugz/domains/web-dev/salon-booking-app/node_modules/.pnpm/node_modules/tailwindcss.css doesn't exist\n" +
    "        /home/yugz/domains/web-dev/salon-booking-app/node_modules/.pnpm/next@16.1.6_@babel+core@7.29.0_babel-plugin-react-compiler@1.0.0_react-dom@19.2.3_react@19.2.3__react@19.2.3/node_modules/next/dist/bin/node_modules:/home/yugz/domains/web-dev/salon-booking-app/node_modules/.pnpm/next@16.1.6_@babel+core@7.29.0_babel-plugin-react-compiler@1.0.0_react-dom@19.2.3_react@19.2.3__react@19.2.3/node_modules/next/dist/node_modules:/home/yugz/domains/web-dev/salon-booking-app/node_modules/.pnpm/next@16.1.6_@babel+core@7.29.0_babel-plugin-react-compiler@1.0.0_react-dom@19.2.3_react@19.2.3__react@19.2.3/node_modules/next/node_modules:/home/yugz/domains/web-dev/salon-booking-app/node_modules/.pnpm/next@16.1.6_@babel+core@7.29.0_babel-plugin-react-compiler@1.0.0_react-dom@19.2.3_react@19.2.3__react@19.2.3/node_modules:/home/yugz/domains/web-dev/salon-booking-app/node_modules/.pnpm/node_modules/tailwindcss doesn't exist"
}
Error: Can't resolve 'tailwindcss' in '/home/yugz/domains/web-dev'
    [2m[at finishWithoutResolve (/home/yugz/domains/web-dev/salon-booking-app/node_modules/.pnpm/enhanced-resolve@5.20.0/node_modules/enhanced-resolve/lib/Resolver.js:586:18)][0m
    [2m[at /home/yugz/domains/web-dev/salon-booking-app/node_modules/.pnpm/enhanced-resolve@5.20.0/node_modules/enhanced-resolve/lib/Resolver.js:678:14][0m
    [2m[at /home/yugz/domains/web-dev/salon-booking-app/node_modules/.pnpm/enhanced-resolve@5.20.0/node_modules/enhanced-resolve/lib/Resolver.js:739:5][0m
    [2m[at eval (eval at create (/home/yugz/domains/web-dev/salon-booking-app/node_modules/.pnpm/tapable@2.3.0/node_modules/tapable/lib/HookCodeFactory.js:31:10), <anonymous>:15:1)][0m
    [2m[at /home/yugz/domains/web-dev/salon-booking-app/node_modules/.pnpm/enhanced-resolve@5.20.0/node_modules/enhanced-resolve/lib/Resolver.js:739:5][0m
    [2m[at eval (eval at create (/home/yugz/domains/web-dev/salon-booking-app/node_modules/.pnpm/tapable@2.3.0/node_modules/tapable/lib/HookCodeFactory.js:31:10), <anonymous>:27:1)][0m
    [2m[at /home/yugz/domains/web-dev/salon-booking-app/node_modules/.pnpm/enhanced-resolve@5.20.0/node_modules/enhanced-resolve/lib/DescriptionFilePlugin.js:89:43][0m
    [2m[at /home/yugz/domains/web-dev/salon-booking-app/node_modules/.pnpm/enhanced-resolve@5.20.0/node_modules/enhanced-resolve/lib/Resolver.js:739:5][0m
    [2m[at eval (eval at create (/home/yugz/domains/web-dev/salon-booking-app/node_modules/.pnpm/tapable@2.3.0/node_modules/tapable/lib/HookCodeFactory.js:31:10), <anonymous>:15:1)][0m
    [2m[at /home/yugz/domains/web-dev/salon-booking-app/node_modules/.pnpm/enhanced-resolve@5.20.0/node_modules/enhanced-resolve/lib/Resolver.js:739:5][0m {
  details: "resolve 'tailwindcss' in '/home/yugz/domains/web-dev'\n" +
    '  Parsed request is a module\n' +
    '  using description file: /home/yugz/domains/web-dev/package.json (relative path: .)\n' +
    '    resolve as module\n' +
    '      looking for modules in /home/yugz/domains/web-dev/node_modules\n' +
    '        single file module\n' +
    '          using description file: /home/yugz/domains/web-dev/package.json (relative path: ./node_modules/tailwindcss)\n' +
    '            no extension\n' +
    "              /home/yugz/domains/web-dev/node_modules/tailwindcss doesn't exist\n" +
    '            .css\n' +
    "              /home/yugz/domains/web-dev/node_modules/tailwindcss.css doesn't exist\n" +
    "        /home/yugz/domains/web-dev/node_modules/tailwindcss doesn't exist\n" +
    "      /home/yugz/domains/node_modules doesn't exist or is not a directory\n" +
    "      /home/yugz/node_modules doesn't exist or is not a directory\n" +
    "      /home/node_modules doesn't exist or is not a directory\n" +
    "      /node_modules doesn't exist or is not a directory\n" +
    '      looking for modules in /home/yugz/domains/web-dev/salon-booking-app/node_modules/.pnpm/next@16.1.6_@babel+core@7.29.0_babel-plugin-react-compiler@1.0.0_react-dom@19.2.3_react@19.2.3__react@19.2.3/node_modules/next/dist/bin/node_modules:/home/yugz/domains/web-dev/salon-booking-app/node_modules/.pnpm/next@16.1.6_@babel+core@7.29.0_babel-plugin-react-compiler@1.0.0_react-dom@19.2.3_react@19.2.3__react@19.2.3/node_modules/next/dist/node_modules:/home/yugz/domains/web-dev/salon-booking-app/node_modules/.pnpm/next@16.1.6_@babel+core@7.29.0_babel-plugin-react-compiler@1.0.0_react-dom@19.2.3_react@19.2.3__react@19.2.3/node_modules/next/node_modules:/home/yugz/domains/web-dev/salon-booking-app/node_modules/.pnpm/next@16.1.6_@babel+core@7.29.0_babel-plugin-react-compiler@1.0.0_react-dom@19.2.3_react@19.2.3__react@19.2.3/node_modules:/home/yugz/domains/web-dev/salon-booking-app/node_modules/.pnpm/node_modules\n' +
    '        single file module\n' +
    '          using description file: /home/yugz/domains/web-dev/salon-booking-app/node_modules/.pnpm/next@16.1.6_@babel+core@7.29.0_babel-plugin-react-compiler@1.0.0_react-dom@19.2.3_react@19.2.3__react@19.2.3/node_modules/next/package.json (relative path: ./dist/bin/node_modules:/home/yugz/domains/web-dev/salon-booking-app/node_modules/.pnpm/next@16.1.6_@babel+core@7.29.0_babel-plugin-react-compiler@1.0.0_react-dom@19.2.3_react@19.2.3__react@19.2.3/node_modules/next/dist/node_modules:/home/yugz/domains/web-dev/salon-booking-app/node_modules/.pnpm/next@16.1.6_@babel+core@7.29.0_babel-plugin-react-compiler@1.0.0_react-dom@19.2.3_react@19.2.3__react@19.2.3/node_modules/next/node_modules:/home/yugz/domains/web-dev/salon-booking-app/node_modules/.pnpm/next@16.1.6_@babel+core@7.29.0_babel-plugin-react-compiler@1.0.0_react-dom@19.2.3_react@19.2.3__react@19.2.3/node_modules:/home/yugz/domains/web-dev/salon-booking-app/node_modules/.pnpm/node_modules/tailwindcss)\n' +
    '            no extension\n' +
    "              /home/yugz/domains/web-dev/salon-booking-app/node_modules/.pnpm/next@16.1.6_@babel+core@7.29.0_babel-plugin-react-compiler@1.0.0_react-dom@19.2.3_react@19.2.3__react@19.2.3/node_modules/next/dist/bin/node_modules:/home/yugz/domains/web-dev/salon-booking-app/node_modules/.pnpm/next@16.1.6_@babel+core@7.29.0_babel-plugin-react-compiler@1.0.0_react-dom@19.2.3_react@19.2.3__react@19.2.3/node_modules/next/dist/node_modules:/home/yugz/domains/web-dev/salon-booking-app/node_modules/.pnpm/next@16.1.6_@babel+core@7.29.0_babel-plugin-react-compiler@1.0.0_react-dom@19.2.3_react@19.2.3__react@19.2.3/node_modules/next/node_modules:/home/yugz/domains/web-dev/salon-booking-app/node_modules/.pnpm/next@16.1.6_@babel+core@7.29.0_babel-plugin-react-compiler@1.0.0_react-dom@19.2.3_react@19.2.3__react@19.2.3/node_modules:/home/yugz/domains/web-dev/salon-booking-app/node_modules/.pnpm/node_modules/tailwindcss doesn't exist\n" +
    '            .css\n' +
    "              /home/yugz/domains/web-dev/salon-booking-app/node_modules/.pnpm/next@16.1.6_@babel+core@7.29.0_babel-plugin-react-compiler@1.0.0_react-dom@19.2.3_react@19.2.3__react@19.2.3/node_modules/next/dist/bin/node_modules:/home/yugz/domains/web-dev/salon-booking-app/node_modules/.pnpm/next@16.1.6_@babel+core@7.29.0_babel-plugin-react-compiler@1.0.0_react-dom@19.2.3_react@19.2.3__react@19.2.3/node_modules/next/dist/node_modules:/home/yugz/domains/web-dev/salon-booking-app/node_modules/.pnpm/next@16.1.6_@babel+core@7.29.0_babel-plugin-react-compiler@1.0.0_react-dom@19.2.3_react@19.2.3__react@19.2.3/node_modules/next/node_modules:/home/yugz/domains/web-dev/salon-booking-app/node_modules/.pnpm/next@16.1.6_@babel+core@7.29.0_babel-plugin-react-compiler@1.0.0_react-dom@19.2.3_react@19.2.3__react@19.2.3/node_modules:/home/yugz/domains/web-dev/salon-booking-app/node_modules/.pnpm/node_modules/tailwindcss.css doesn't exist\n" +
    "        /home/yugz/domains/web-dev/salon-booking-app/node_modules/.pnpm/next@16.1.6_@babel+core@7.29.0_babel-plugin-react-compiler@1.0.0_react-dom@19.2.3_react@19.2.3__react@19.2.3/node_modules/next/dist/bin/node_modules:/home/yugz/domains/web-dev/salon-booking-app/node_modules/.pnpm/next@16.1.6_@babel+core@7.29.0_babel-plugin-react-compiler@1.0.0_react-dom@19.2.3_react@19.2.3__react@19.2.3/node_modules/next/dist/node_modules:/home/yugz/domains/web-dev/salon-booking-app/node_modules/.pnpm/next@16.1.6_@babel+core@7.29.0_babel-plugin-react-compiler@1.0.0_react-dom@19.2.3_react@19.2.3__react@19.2.3/node_modules/next/node_modules:/home/yugz/domains/web-dev/salon-booking-app/node_modules/.pnpm/next@16.1.6_@babel+core@7.29.0_babel-plugin-react-compiler@1.0.0_react-dom@19.2.3_react@19.2.3__react@19.2.3/node_modules:/home/yugz/domains/web-dev/salon-booking-app/node_modules/.pnpm/node_modules/tailwindcss doesn't exist"
}
Error: Can't resolve 'tailwindcss' in '/home/yugz/domains/web-dev'
    [2m[at finishWithoutResolve (/home/yugz/domains/web-dev/salon-booking-app/node_modules/.pnpm/enhanced-resolve@5.20.0/node_modules/enhanced-resolve/lib/Resolver.js:586:18)][0m
    [2m[at /home/yugz/domains/web-dev/salon-booking-app/node_modules/.pnpm/enhanced-resolve@5.20.0/node_modules/enhanced-resolve/lib/Resolver.js:678:14][0m
    [2m[at /home/yugz/domains/web-dev/salon-booking-app/node_modules/.pnpm/enhanced-resolve@5.20.0/node_modules/enhanced-resolve/lib/Resolver.js:739:5][0m
    [2m[at eval (eval at create (/home/yugz/domains/web-dev/salon-booking-app/node_modules/.pnpm/tapable@2.3.0/node_modules/tapable/lib/HookCodeFactory.js:31:10), <anonymous>:15:1)][0m
    [2m[at /home/yugz/domains/web-dev/salon-booking-app/node_modules/.pnpm/enhanced-resolve@5.20.0/node_modules/enhanced-resolve/lib/Resolver.js:739:5][0m
    [2m[at eval (eval at create (/home/yugz/domains/web-dev/salon-booking-app/node_modules/.pnpm/tapable@2.3.0/node_modules/tapable/lib/HookCodeFactory.js:31:10), <anonymous>:27:1)][0m
    [2m[at /home/yugz/domains/web-dev/salon-booking-app/node_modules/.pnpm/enhanced-resolve@5.20.0/node_modules/enhanced-resolve/lib/DescriptionFilePlugin.js:89:43][0m
    [2m[at /home/yugz/domains/web-dev/salon-booking-app/node_modules/.pnpm/enhanced-resolve@5.20.0/node_modules/enhanced-resolve/lib/Resolver.js:739:5][0m
    [2m[at eval (eval at create (/home/yugz/domains/web-dev/salon-booking-app/node_modules/.pnpm/tapable@2.3.0/node_modules/tapable/lib/HookCodeFactory.js:31:10), <anonymous>:15:1)][0m
    [2m[at /home/yugz/domains/web-dev/salon-booking-app/node_modules/.pnpm/enhanced-resolve@5.20.0/node_modules/enhanced-resolve/lib/Resolver.js:739:5][0m {
  details: "resolve 'tailwindcss' in '/home/yugz/domains/web-dev'\n" +
    '  Parsed request is a module\n' +
    '  using description file: /home/yugz/domains/web-dev/package.json (relative path: .)\n' +
    '    resolve as module\n' +
    '      looking for modules in /home/yugz/domains/web-dev/node_modules\n' +
    '        single file module\n' +
    '          using description file: /home/yugz/domains/web-dev/package.json (relative path: ./node_modules/tailwindcss)\n' +
    '            no extension\n' +
    "              /home/yugz/domains/web-dev/node_modules/tailwindcss doesn't exist\n" +
    '            .css\n' +
    "              /home/yugz/domains/web-dev/node_modules/tailwindcss.css doesn't exist\n" +
    "        /home/yugz/domains/web-dev/node_modules/tailwindcss doesn't exist\n" +
    "      /home/yugz/domains/node_modules doesn't exist or is not a directory\n" +
    "      /home/yugz/node_modules doesn't exist or is not a directory\n" +
    "      /home/node_modules doesn't exist or is not a directory\n" +
    "      /node_modules doesn't exist or is not a directory\n" +
    '      looking for modules in /home/yugz/domains/web-dev/salon-booking-app/node_modules/.pnpm/next@16.1.6_@babel+core@7.29.0_babel-plugin-react-compiler@1.0.0_react-dom@19.2.3_react@19.2.3__react@19.2.3/node_modules/next/dist/bin/node_modules:/home/yugz/domains/web-dev/salon-booking-app/node_modules/.pnpm/next@16.1.6_@babel+core@7.29.0_babel-plugin-react-compiler@1.0.0_react-dom@19.2.3_react@19.2.3__react@19.2.3/node_modules/next/dist/node_modules:/home/yugz/domains/web-dev/salon-booking-app/node_modules/.pnpm/next@16.1.6_@babel+core@7.29.0_babel-plugin-react-compiler@1.0.0_react-dom@19.2.3_react@19.2.3__react@19.2.3/node_modules/next/node_modules:/home/yugz/domains/web-dev/salon-booking-app/node_modules/.pnpm/next@16.1.6_@babel+core@7.29.0_babel-plugin-react-compiler@1.0.0_react-dom@19.2.3_react@19.2.3__react@19.2.3/node_modules:/home/yugz/domains/web-dev/salon-booking-app/node_modules/.pnpm/node_modules\n' +
    '        single file module\n' +
    '          using description file: /home/yugz/domains/web-dev/salon-booking-app/node_modules/.pnpm/next@16.1.6_@babel+core@7.29.0_babel-plugin-react-compiler@1.0.0_react-dom@19.2.3_react@19.2.3__react@19.2.3/node_modules/next/package.json (relative path: ./dist/bin/node_modules:/home/yugz/domains/web-dev/salon-booking-app/node_modules/.pnpm/next@16.1.6_@babel+core@7.29.0_babel-plugin-react-compiler@1.0.0_react-dom@19.2.3_react@19.2.3__react@19.2.3/node_modules/next/dist/node_modules:/home/yugz/domains/web-dev/salon-booking-app/node_modules/.pnpm/next@16.1.6_@babel+core@7.29.0_babel-plugin-react-compiler@1.0.0_react-dom@19.2.3_react@19.2.3__react@19.2.3/node_modules/next/node_modules:/home/yugz/domains/web-dev/salon-booking-app/node_modules/.pnpm/next@16.1.6_@babel+core@7.29.0_babel-plugin-react-compiler@1.0.0_react-dom@19.2.3_react@19.2.3__react@19.2.3/node_modules:/home/yugz/domains/web-dev/salon-booking-app/node_modules/.pnpm/node_modules/tailwindcss)\n' +
    '            no extension\n' +
    "              /home/yugz/domains/web-dev/salon-booking-app/node_modules/.pnpm/next@16.1.6_@babel+core@7.29.0_babel-plugin-react-compiler@1.0.0_react-dom@19.2.3_react@19.2.3__react@19.2.3/node_modules/next/dist/bin/node_modules:/home/yugz/domains/web-dev/salon-booking-app/node_modules/.pnpm/next@16.1.6_@babel+core@7.29.0_babel-plugin-react-compiler@1.0.0_react-dom@19.2.3_react@19.2.3__react@19.2.3/node_modules/next/dist/node_modules:/home/yugz/domains/web-dev/salon-booking-app/node_modules/.pnpm/next@16.1.6_@babel+core@7.29.0_babel-plugin-react-compiler@1.0.0_react-dom@19.2.3_react@19.2.3__react@19.2.3/node_modules/next/node_modules:/home/yugz/domains/web-dev/salon-booking-app/node_modules/.pnpm/next@16.1.6_@babel+core@7.29.0_babel-plugin-react-compiler@1.0.0_react-dom@19.2.3_react@19.2.3__react@19.2.3/node_modules:/home/yugz/domains/web-dev/salon-booking-app/node_modules/.pnpm/node_modules/tailwindcss doesn't exist\n" +
    '            .css\n' +
    "              /home/yugz/domains/web-dev/salon-booking-app/node_modules/.pnpm/next@16.1.6_@babel+core@7.29.0_babel-plugin-react-compiler@1.0.0_react-dom@19.2.3_react@19.2.3__react@19.2.3/node_modules/next/dist/bin/node_modules:/home/yugz/domains/web-dev/salon-booking-app/node_modules/.pnpm/next@16.1.6_@babel+core@7.29.0_babel-plugin-react-compiler@1.0.0_react-dom@19.2.3_react@19.2.3__react@19.2.3/node_modules/next/dist/node_modules:/home/yugz/domains/web-dev/salon-booking-app/node_modules/.pnpm/next@16.1.6_@babel+core@7.29.0_babel-plugin-react-compiler@1.0.0_react-dom@19.2.3_react@19.2.3__react@19.2.3/node_modules/next/node_modules:/home/yugz/domains/web-dev/salon-booking-app/node_modules/.pnpm/next@16.1.6_@babel+core@7.29.0_babel-plugin-react-compiler@1.0.0_react-dom@19.2.3_react@19.2.3__react@19.2.3/node_modules:/home/yugz/domains/web-dev/salon-booking-app/node_modules/.pnpm/node_modules/tailwindcss.css doesn't exist\n" +
    "        /home/yugz/domains/web-dev/salon-booking-app/node_modules/.pnpm/next@16.1.6_@babel+core@7.29.0_babel-plugin-react-compiler@1.0.0_react-dom@19.2.3_react@19.2.3__react@19.2.3/node_modules/next/dist/bin/node_modules:/home/yugz/domains/web-dev/salon-booking-app/node_modules/.pnpm/next@16.1.6_@babel+core@7.29.0_babel-plugin-react-compiler@1.0.0_react-dom@19.2.3_react@19.2.3__react@19.2.3/node_modules/next/dist/node_modules:/home/yugz/domains/web-dev/salon-booking-app/node_modules/.pnpm/next@16.1.6_@babel+core@7.29.0_babel-plugin-react-compiler@1.0.0_react-dom@19.2.3_react@19.2.3__react@19.2.3/node_modules/next/node_modules:/home/yugz/domains/web-dev/salon-booking-app/node_modules/.pnpm/next@16.1.6_@babel+core@7.29.0_babel-plugin-react-compiler@1.0.0_react-dom@19.2.3_react@19.2.3__react@19.2.3/node_modules:/home/yugz/domains/web-dev/salon-booking-app/node_modules/.pnpm/node_modules/tailwindcss doesn't exist"
}
Error: Can't resolve 'tailwindcss' in '/home/yugz/domains/web-dev'
    [2m[at finishWithoutResolve (/home/yugz/domains/web-dev/salon-booking-app/node_modules/.pnpm/enhanced-resolve@5.20.0/node_modules/enhanced-resolve/lib/Resolver.js:586:18)][0m
    [2m[at /home/yugz/domains/web-dev/salon-booking-app/node_modules/.pnpm/enhanced-resolve@5.20.0/node_modules/enhanced-resolve/lib/Resolver.js:678:14][0m
    [2m[at /home/yugz/domains/web-dev/salon-booking-app/node_modules/.pnpm/enhanced-resolve@5.20.0/node_modules/enhanced-resolve/lib/Resolver.js:739:5][0m
    [2m[at eval (eval at create (/home/yugz/domains/web-dev/salon-booking-app/node_modules/.pnpm/tapable@2.3.0/node_modules/tapable/lib/HookCodeFactory.js:31:10), <anonymous>:15:1)][0m
    [2m[at /home/yugz/domains/web-dev/salon-booking-app/node_modules/.pnpm/enhanced-resolve@5.20.0/node_modules/enhanced-resolve/lib/Resolver.js:739:5][0m
    [2m[at eval (eval at create (/home/yugz/domains/web-dev/salon-booking-app/node_modules/.pnpm/tapable@2.3.0/node_modules/tapable/lib/HookCodeFactory.js:31:10), <anonymous>:27:1)][0m
    [2m[at /home/yugz/domains/web-dev/salon-booking-app/node_modules/.pnpm/enhanced-resolve@5.20.0/node_modules/enhanced-resolve/lib/DescriptionFilePlugin.js:89:43][0m
    [2m[at /home/yugz/domains/web-dev/salon-booking-app/node_modules/.pnpm/enhanced-resolve@5.20.0/node_modules/enhanced-resolve/lib/Resolver.js:739:5][0m
    [2m[at eval (eval at create (/home/yugz/domains/web-dev/salon-booking-app/node_modules/.pnpm/tapable@2.3.0/node_modules/tapable/lib/HookCodeFactory.js:31:10), <anonymous>:15:1)][0m
    [2m[at /home/yugz/domains/web-dev/salon-booking-app/node_modules/.pnpm/enhanced-resolve@5.20.0/node_modules/enhanced-resolve/lib/Resolver.js:739:5][0m {
  details: "resolve 'tailwindcss' in '/home/yugz/domains/web-dev'\n" +
    '  Parsed request is a module\n' +
    '  using description file: /home/yugz/domains/web-dev/package.json (relative path: .)\n' +
    '    resolve as module\n' +
    '      looking for modules in /home/yugz/domains/web-dev/node_modules\n' +
    '        single file module\n' +
    '          using description file: /home/yugz/domains/web-dev/package.json (relative path: ./node_modules/tailwindcss)\n' +
    '            no extension\n' +
    "              /home/yugz/domains/web-dev/node_modules/tailwindcss doesn't exist\n" +
    '            .css\n' +
    "              /home/yugz/domains/web-dev/node_modules/tailwindcss.css doesn't exist\n" +
    "        /home/yugz/domains/web-dev/node_modules/tailwindcss doesn't exist\n" +
    "      /home/yugz/domains/node_modules doesn't exist or is not a directory\n" +
    "      /home/yugz/node_modules doesn't exist or is not a directory\n" +
    "      /home/node_modules doesn't exist or is not a directory\n" +
    "      /node_modules doesn't exist or is not a directory\n" +
    '      looking for modules in /home/yugz/domains/web-dev/salon-booking-app/node_modules/.pnpm/next@16.1.6_@babel+core@7.29.0_babel-plugin-react-compiler@1.0.0_react-dom@19.2.3_react@19.2.3__react@19.2.3/node_modules/next/dist/bin/node_modules:/home/yugz/domains/web-dev/salon-booking-app/node_modules/.pnpm/next@16.1.6_@babel+core@7.29.0_babel-plugin-react-compiler@1.0.0_react-dom@19.2.3_react@19.2.3__react@19.2.3/node_modules/next/dist/node_modules:/home/yugz/domains/web-dev/salon-booking-app/node_modules/.pnpm/next@16.1.6_@babel+core@7.29.0_babel-plugin-react-compiler@1.0.0_react-dom@19.2.3_react@19.2.3__react@19.2.3/node_modules/next/node_modules:/home/yugz/domains/web-dev/salon-booking-app/node_modules/.pnpm/next@16.1.6_@babel+core@7.29.0_babel-plugin-react-compiler@1.0.0_react-dom@19.2.3_react@19.2.3__react@19.2.3/node_modules:/home/yugz/domains/web-dev/salon-booking-app/node_modules/.pnpm/node_modules\n' +
    '        single file module\n' +
    '          using description file: /home/yugz/domains/web-dev/salon-booking-app/node_modules/.pnpm/next@16.1.6_@babel+core@7.29.0_babel-plugin-react-compiler@1.0.0_react-dom@19.2.3_react@19.2.3__react@19.2.3/node_modules/next/package.json (relative path: ./dist/bin/node_modules:/home/yugz/domains/web-dev/salon-booking-app/node_modules/.pnpm/next@16.1.6_@babel+core@7.29.0_babel-plugin-react-compiler@1.0.0_react-dom@19.2.3_react@19.2.3__react@19.2.3/node_modules/next/dist/node_modules:/home/yugz/domains/web-dev/salon-booking-app/node_modules/.pnpm/next@16.1.6_@babel+core@7.29.0_babel-plugin-react-compiler@1.0.0_react-dom@19.2.3_react@19.2.3__react@19.2.3/node_modules/next/node_modules:/home/yugz/domains/web-dev/salon-booking-app/node_modules/.pnpm/next@16.1.6_@babel+core@7.29.0_babel-plugin-react-compiler@1.0.0_react-dom@19.2.3_react@19.2.3__react@19.2.3/node_modules:/home/yugz/domains/web-dev/salon-booking-app/node_modules/.pnpm/node_modules/tailwindcss)\n' +
    '            no extension\n' +
    "              /home/yugz/domains/web-dev/salon-booking-app/node_modules/.pnpm/next@16.1.6_@babel+core@7.29.0_babel-plugin-react-compiler@1.0.0_react-dom@19.2.3_react@19.2.3__react@19.2.3/node_modules/next/dist/bin/node_modules:/home/yugz/domains/web-dev/salon-booking-app/node_modules/.pnpm/next@16.1.6_@babel+core@7.29.0_babel-plugin-react-compiler@1.0.0_react-dom@19.2.3_react@19.2.3__react@19.2.3/node_modules/next/dist/node_modules:/home/yugz/domains/web-dev/salon-booking-app/node_modules/.pnpm/next@16.1.6_@babel+core@7.29.0_babel-plugin-react-compiler@1.0.0_react-dom@19.2.3_react@19.2.3__react@19.2.3/node_modules/next/node_modules:/home/yugz/domains/web-dev/salon-booking-app/node_modules/.pnpm/next@16.1.6_@babel+core@7.29.0_babel-plugin-react-compiler@1.0.0_react-dom@19.2.3_react@19.2.3__react@19.2.3/node_modules:/home/yugz/domains/web-dev/salon-booking-app/node_modules/.pnpm/node_modules/tailwindcss doesn't exist\n" +
    '            .css\n' +
    "              /home/yugz/domains/web-dev/salon-booking-app/node_modules/.pnpm/next@16.1.6_@babel+core@7.29.0_babel-plugin-react-compiler@1.0.0_react-dom@19.2.3_react@19.2.3__react@19.2.3/node_modules/next/dist/bin/node_modules:/home/yugz/domains/web-dev/salon-booking-app/node_modules/.pnpm/next@16.1.6_@babel+core@7.29.0_babel-plugin-react-compiler@1.0.0_react-dom@19.2.3_react@19.2.3__react@19.2.3/node_modules/next/dist/node_modules:/home/yugz/domains/web-dev/salon-booking-app/node_modules/.pnpm/next@16.1.6_@babel+core@7.29.0_babel-plugin-react-compiler@1.0.0_react-dom@19.2.3_react@19.2.3__react@19.2.3/node_modules/next/node_modules:/home/yugz/domains/web-dev/salon-booking-app/node_modules/.pnpm/next@16.1.6_@babel+core@7.29.0_babel-plugin-react-compiler@1.0.0_react-dom@19.2.3_react@19.2.3__react@19.2.3/node_modules:/home/yugz/domains/web-dev/salon-booking-app/node_modules/.pnpm/node_modules/tailwindcss.css doesn't exist\n" +
    "        /home/yugz/domains/web-dev/salon-booking-app/node_modules/.pnpm/next@16.1.6_@babel+core@7.29.0_babel-plugin-react-compiler@1.0.0_react-dom@19.2.3_react@19.2.3__react@19.2.3/node_modules/next/dist/bin/node_modules:/home/yugz/domains/web-dev/salon-booking-app/node_modules/.pnpm/next@16.1.6_@babel+core@7.29.0_babel-plugin-react-compiler@1.0.0_react-dom@19.2.3_react@19.2.3__react@19.2.3/node_modules/next/dist/node_modules:/home/yugz/domains/web-dev/salon-booking-app/node_modules/.pnpm/next@16.1.6_@babel+core@7.29.0_babel-plugin-react-compiler@1.0.0_react-dom@19.2.3_react@19.2.3__react@19.2.3/node_modules/next/node_modules:/home/yugz/domains/web-dev/salon-booking-app/node_modules/.pnpm/next@16.1.6_@babel+core@7.29.0_babel-plugin-react-compiler@1.0.0_react-dom@19.2.3_react@19.2.3__react@19.2.3/node_modules:/home/yugz/domains/web-dev/salon-booking-app/node_modules/.pnpm/node_modules/tailwindcss doesn't exist"
}
Error: Can't resolve 'tailwindcss' in '/home/yugz/domains/web-dev'
    [2m[at finishWithoutResolve (/home/yugz/domains/web-dev/salon-booking-app/node_modules/.pnpm/enhanced-resolve@5.20.0/node_modules/enhanced-resolve/lib/Resolver.js:586:18)][0m
    [2m[at /home/yugz/domains/web-dev/salon-booking-app/node_modules/.pnpm/enhanced-resolve@5.20.0/node_modules/enhanced-resolve/lib/Resolver.js:678:14][0m
    [2m[at /home/yugz/domains/web-dev/salon-booking-app/node_modules/.pnpm/enhanced-resolve@5.20.0/node_modules/enhanced-resolve/lib/Resolver.js:739:5][0m
    [2m[at eval (eval at create (/home/yugz/domains/web-dev/salon-booking-app/node_modules/.pnpm/tapable@2.3.0/node_modules/tapable/lib/HookCodeFactory.js:31:10), <anonymous>:15:1)][0m
    [2m[at /home/yugz/domains/web-dev/salon-booking-app/node_modules/.pnpm/enhanced-resolve@5.20.0/node_modules/enhanced-resolve/lib/Resolver.js:739:5][0m
    [2m[at eval (eval at create (/home/yugz/domains/web-dev/salon-booking-app/node_modules/.pnpm/tapable@2.3.0/node_modules/tapable/lib/HookCodeFactory.js:31:10), <anonymous>:27:1)][0m
    [2m[at /home/yugz/domains/web-dev/salon-booking-app/node_modules/.pnpm/enhanced-resolve@5.20.0/node_modules/enhanced-resolve/lib/DescriptionFilePlugin.js:89:43][0m
    [2m[at /home/yugz/domains/web-dev/salon-booking-app/node_modules/.pnpm/enhanced-resolve@5.20.0/node_modules/enhanced-resolve/lib/Resolver.js:739:5][0m
    [2m[at eval (eval at create (/home/yugz/domains/web-dev/salon-booking-app/node_modules/.pnpm/tapable@2.3.0/node_modules/tapable/lib/HookCodeFactory.js:31:10), <anonymous>:15:1)][0m
    [2m[at /home/yugz/domains/web-dev/salon-booking-app/node_modules/.pnpm/enhanced-resolve@5.20.0/node_modules/enhanced-resolve/lib/Resolver.js:739:5][0m {
  details: "resolve 'tailwindcss' in '/home/yugz/domains/web-dev'\n" +
    '  Parsed request is a module\n' +
    '  using description file: /home/yugz/domains/web-dev/package.json (relative path: .)\n' +
    '    resolve as module\n' +
    '      looking for modules in /home/yugz/domains/web-dev/node_modules\n' +
    '        single file module\n' +
    '          using description file: /home/yugz/domains/web-dev/package.json (relative path: ./node_modules/tailwindcss)\n' +
    '            no extension\n' +
    "              /home/yugz/domains/web-dev/node_modules/tailwindcss doesn't exist\n" +
    '            .css\n' +
    "              /home/yugz/domains/web-dev/node_modules/tailwindcss.css doesn't exist\n" +
    "        /home/yugz/domains/web-dev/node_modules/tailwindcss doesn't exist\n" +
    "      /home/yugz/domains/node_modules doesn't exist or is not a directory\n" +
    "      /home/yugz/node_modules doesn't exist or is not a directory\n" +
    "      /home/node_modules doesn't exist or is not a directory\n" +
    "      /node_modules doesn't exist or is not a directory\n" +
    '      looking for modules in /home/yugz/domains/web-dev/salon-booking-app/node_modules/.pnpm/next@16.1.6_@babel+core@7.29.0_babel-plugin-react-compiler@1.0.0_react-dom@19.2.3_react@19.2.3__react@19.2.3/node_modules/next/dist/bin/node_modules:/home/yugz/domains/web-dev/salon-booking-app/node_modules/.pnpm/next@16.1.6_@babel+core@7.29.0_babel-plugin-react-compiler@1.0.0_react-dom@19.2.3_react@19.2.3__react@19.2.3/node_modules/next/dist/node_modules:/home/yugz/domains/web-dev/salon-booking-app/node_modules/.pnpm/next@16.1.6_@babel+core@7.29.0_babel-plugin-react-compiler@1.0.0_react-dom@19.2.3_react@19.2.3__react@19.2.3/node_modules/next/node_modules:/home/yugz/domains/web-dev/salon-booking-app/node_modules/.pnpm/next@16.1.6_@babel+core@7.29.0_babel-plugin-react-compiler@1.0.0_react-dom@19.2.3_react@19.2.3__react@19.2.3/node_modules:/home/yugz/domains/web-dev/salon-booking-app/node_modules/.pnpm/node_modules\n' +
    '        single file module\n' +
    '          using description file: /home/yugz/domains/web-dev/salon-booking-app/node_modules/.pnpm/next@16.1.6_@babel+core@7.29.0_babel-plugin-react-compiler@1.0.0_react-dom@19.2.3_react@19.2.3__react@19.2.3/node_modules/next/package.json (relative path: ./dist/bin/node_modules:/home/yugz/domains/web-dev/salon-booking-app/node_modules/.pnpm/next@16.1.6_@babel+core@7.29.0_babel-plugin-react-compiler@1.0.0_react-dom@19.2.3_react@19.2.3__react@19.2.3/node_modules/next/dist/node_modules:/home/yugz/domains/web-dev/salon-booking-app/node_modules/.pnpm/next@16.1.6_@babel+core@7.29.0_babel-plugin-react-compiler@1.0.0_react-dom@19.2.3_react@19.2.3__react@19.2.3/node_modules/next/node_modules:/home/yugz/domains/web-dev/salon-booking-app/node_modules/.pnpm/next@16.1.6_@babel+core@7.29.0_babel-plugin-react-compiler@1.0.0_react-dom@19.2.3_react@19.2.3__react@19.2.3/node_modules:/home/yugz/domains/web-dev/salon-booking-app/node_modules/.pnpm/node_modules/tailwindcss)\n' +
    '            no extension\n' +
    "              /home/yugz/domains/web-dev/salon-booking-app/node_modules/.pnpm/next@16.1.6_@babel+core@7.29.0_babel-plugin-react-compiler@1.0.0_react-dom@19.2.3_react@19.2.3__react@19.2.3/node_modules/next/dist/bin/node_modules:/home/yugz/domains/web-dev/salon-booking-app/node_modules/.pnpm/next@16.1.6_@babel+core@7.29.0_babel-plugin-react-compiler@1.0.0_react-dom@19.2.3_react@19.2.3__react@19.2.3/node_modules/next/dist/node_modules:/home/yugz/domains/web-dev/salon-booking-app/node_modules/.pnpm/next@16.1.6_@babel+core@7.29.0_babel-plugin-react-compiler@1.0.0_react-dom@19.2.3_react@19.2.3__react@19.2.3/node_modules/next/node_modules:/home/yugz/domains/web-dev/salon-booking-app/node_modules/.pnpm/next@16.1.6_@babel+core@7.29.0_babel-plugin-react-compiler@1.0.0_react-dom@19.2.3_react@19.2.3__react@19.2.3/node_modules:/home/yugz/domains/web-dev/salon-booking-app/node_modules/.pnpm/node_modules/tailwindcss doesn't exist\n" +
    '            .css\n' +
    "              /home/yugz/domains/web-dev/salon-booking-app/node_modules/.pnpm/next@16.1.6_@babel+core@7.29.0_babel-plugin-react-compiler@1.0.0_react-dom@19.2.3_react@19.2.3__react@19.2.3/node_modules/next/dist/bin/node_modules:/home/yugz/domains/web-dev/salon-booking-app/node_modules/.pnpm/next@16.1.6_@babel+core@7.29.0_babel-plugin-react-compiler@1.0.0_react-dom@19.2.3_react@19.2.3__react@19.2.3/node_modules/next/dist/node_modules:/home/yugz/domains/web-dev/salon-booking-app/node_modules/.pnpm/next@16.1.6_@babel+core@7.29.0_babel-plugin-react-compiler@1.0.0_react-dom@19.2.3_react@19.2.3__react@19.2.3/node_modules/next/node_modules:/home/yugz/domains/web-dev/salon-booking-app/node_modules/.pnpm/next@16.1.6_@babel+core@7.29.0_babel-plugin-react-compiler@1.0.0_react-dom@19.2.3_react@19.2.3__react@19.2.3/node_modules:/home/yugz/domains/web-dev/salon-booking-app/node_modules/.pnpm/node_modules/tailwindcss.css doesn't exist\n" +
    "        /home/yugz/domains/web-dev/salon-booking-app/node_modules/.pnpm/next@16.1.6_@babel+core@7.29.0_babel-plugin-react-compiler@1.0.0_react-dom@19.2.3_react@19.2.3__react@19.2.3/node_modules/next/dist/bin/node_modules:/home/yugz/domains/web-dev/salon-booking-app/node_modules/.pnpm/next@16.1.6_@babel+core@7.29.0_babel-plugin-react-compiler@1.0.0_react-dom@19.2.3_react@19.2.3__react@19.2.3/node_modules/next/dist/node_modules:/home/yugz/domains/web-dev/salon-booking-app/node_modules/.pnpm/next@16.1.6_@babel+core@7.29.0_babel-plugin-react-compiler@1.0.0_react-dom@19.2.3_react@19.2.3__react@19.2.3/node_modules/next/node_modules:/home/yugz/domains/web-dev/salon-booking-app/node_modules/.pnpm/next@16.1.6_@babel+core@7.29.0_babel-plugin-react-compiler@1.0.0_react-dom@19.2.3_react@19.2.3__react@19.2.3/node_modules:/home/yugz/domains/web-dev/salon-booking-app/node_modules/.pnpm/node_modules/tailwindcss doesn't exist"
}
Error: Can't resolve 'tailwindcss' in '/home/yugz/domains/web-dev'
    [2m[at finishWithoutResolve (/home/yugz/domains/web-dev/salon-booking-app/node_modules/.pnpm/enhanced-resolve@5.20.0/node_modules/enhanced-resolve/lib/Resolver.js:586:18)][0m
    [2m[at /home/yugz/domains/web-dev/salon-booking-app/node_modules/.pnpm/enhanced-resolve@5.20.0/node_modules/enhanced-resolve/lib/Resolver.js:678:14][0m
    [2m[at /home/yugz/domains/web-dev/salon-booking-app/node_modules/.pnpm/enhanced-resolve@5.20.0/node_modules/enhanced-resolve/lib/Resolver.js:739:5][0m
    [2m[at eval (eval at create (/home/yugz/domains/web-dev/salon-booking-app/node_modules/.pnpm/tapable@2.3.0/node_modules/tapable/lib/HookCodeFactory.js:31:10), <anonymous>:15:1)][0m
    [2m[at /home/yugz/domains/web-dev/salon-booking-app/node_modules/.pnpm/enhanced-resolve@5.20.0/node_modules/enhanced-resolve/lib/Resolver.js:739:5][0m
    [2m[at eval (eval at create (/home/yugz/domains/web-dev/salon-booking-app/node_modules/.pnpm/tapable@2.3.0/node_modules/tapable/lib/HookCodeFactory.js:31:10), <anonymous>:27:1)][0m
    [2m[at /home/yugz/domains/web-dev/salon-booking-app/node_modules/.pnpm/enhanced-resolve@5.20.0/node_modules/enhanced-resolve/lib/DescriptionFilePlugin.js:89:43][0m
    [2m[at /home/yugz/domains/web-dev/salon-booking-app/node_modules/.pnpm/enhanced-resolve@5.20.0/node_modules/enhanced-resolve/lib/Resolver.js:739:5][0m
    [2m[at eval (eval at create (/home/yugz/domains/web-dev/salon-booking-app/node_modules/.pnpm/tapable@2.3.0/node_modules/tapable/lib/HookCodeFactory.js:31:10), <anonymous>:15:1)][0m
    [2m[at /home/yugz/domains/web-dev/salon-booking-app/node_modules/.pnpm/enhanced-resolve@5.20.0/node_modules/enhanced-resolve/lib/Resolver.js:739:5][0m {
  details: "resolve 'tailwindcss' in '/home/yugz/domains/web-dev'\n" +
    '  Parsed request is a module\n' +
    '  using description file: /home/yugz/domains/web-dev/package.json (relative path: .)\n' +
    '    resolve as module\n' +
    '      looking for modules in /home/yugz/domains/web-dev/node_modules\n' +
    '        single file module\n' +
    '          using description file: /home/yugz/domains/web-dev/package.json (relative path: ./node_modules/tailwindcss)\n' +
    '            no extension\n' +
    "              /home/yugz/domains/web-dev/node_modules/tailwindcss doesn't exist\n" +
    '            .css\n' +
    "              /home/yugz/domains/web-dev/node_modules/tailwindcss.css doesn't exist\n" +
    "        /home/yugz/domains/web-dev/node_modules/tailwindcss doesn't exist\n" +
    "      /home/yugz/domains/node_modules doesn't exist or is not a directory\n" +
    "      /home/yugz/node_modules doesn't exist or is not a directory\n" +
    "      /home/node_modules doesn't exist or is not a directory\n" +
    "      /node_modules doesn't exist or is not a directory\n" +
    '      looking for modules in /home/yugz/domains/web-dev/salon-booking-app/node_modules/.pnpm/next@16.1.6_@babel+core@7.29.0_babel-plugin-react-compiler@1.0.0_react-dom@19.2.3_react@19.2.3__react@19.2.3/node_modules/next/dist/bin/node_modules:/home/yugz/domains/web-dev/salon-booking-app/node_modules/.pnpm/next@16.1.6_@babel+core@7.29.0_babel-plugin-react-compiler@1.0.0_react-dom@19.2.3_react@19.2.3__react@19.2.3/node_modules/next/dist/node_modules:/home/yugz/domains/web-dev/salon-booking-app/node_modules/.pnpm/next@16.1.6_@babel+core@7.29.0_babel-plugin-react-compiler@1.0.0_react-dom@19.2.3_react@19.2.3__react@19.2.3/node_modules/next/node_modules:/home/yugz/domains/web-dev/salon-booking-app/node_modules/.pnpm/next@16.1.6_@babel+core@7.29.0_babel-plugin-react-compiler@1.0.0_react-dom@19.2.3_react@19.2.3__react@19.2.3/node_modules:/home/yugz/domains/web-dev/salon-booking-app/node_modules/.pnpm/node_modules\n' +
    '        single file module\n' +
    '          using description file: /home/yugz/domains/web-dev/salon-booking-app/node_modules/.pnpm/next@16.1.6_@babel+core@7.29.0_babel-plugin-react-compiler@1.0.0_react-dom@19.2.3_react@19.2.3__react@19.2.3/node_modules/next/package.json (relative path: ./dist/bin/node_modules:/home/yugz/domains/web-dev/salon-booking-app/node_modules/.pnpm/next@16.1.6_@babel+core@7.29.0_babel-plugin-react-compiler@1.0.0_react-dom@19.2.3_react@19.2.3__react@19.2.3/node_modules/next/dist/node_modules:/home/yugz/domains/web-dev/salon-booking-app/node_modules/.pnpm/next@16.1.6_@babel+core@7.29.0_babel-plugin-react-compiler@1.0.0_react-dom@19.2.3_react@19.2.3__react@19.2.3/node_modules/next/node_modules:/home/yugz/domains/web-dev/salon-booking-app/node_modules/.pnpm/next@16.1.6_@babel+core@7.29.0_babel-plugin-react-compiler@1.0.0_react-dom@19.2.3_react@19.2.3__react@19.2.3/node_modules:/home/yugz/domains/web-dev/salon-booking-app/node_modules/.pnpm/node_modules/tailwindcss)\n' +
    '            no extension\n' +
    "              /home/yugz/domains/web-dev/salon-booking-app/node_modules/.pnpm/next@16.1.6_@babel+core@7.29.0_babel-plugin-react-compiler@1.0.0_react-dom@19.2.3_react@19.2.3__react@19.2.3/node_modules/next/dist/bin/node_modules:/home/yugz/domains/web-dev/salon-booking-app/node_modules/.pnpm/next@16.1.6_@babel+core@7.29.0_babel-plugin-react-compiler@1.0.0_react-dom@19.2.3_react@19.2.3__react@19.2.3/node_modules/next/dist/node_modules:/home/yugz/domains/web-dev/salon-booking-app/node_modules/.pnpm/next@16.1.6_@babel+core@7.29.0_babel-plugin-react-compiler@1.0.0_react-dom@19.2.3_react@19.2.3__react@19.2.3/node_modules/next/node_modules:/home/yugz/domains/web-dev/salon-booking-app/node_modules/.pnpm/next@16.1.6_@babel+core@7.29.0_babel-plugin-react-compiler@1.0.0_react-dom@19.2.3_react@19.2.3__react@19.2.3/node_modules:/home/yugz/domains/web-dev/salon-booking-app/node_modules/.pnpm/node_modules/tailwindcss doesn't exist\n" +
    '            .css\n' +
    "              /home/yugz/domains/web-dev/salon-booking-app/node_modules/.pnpm/next@16.1.6_@babel+core@7.29.0_babel-plugin-react-compiler@1.0.0_react-dom@19.2.3_react@19.2.3__react@19.2.3/node_modules/next/dist/bin/node_modules:/home/yugz/domains/web-dev/salon-booking-app/node_modules/.pnpm/next@16.1.6_@babel+core@7.29.0_babel-plugin-react-compiler@1.0.0_react-dom@19.2.3_react@19.2.3__react@19.2.3/node_modules/next/dist/node_modules:/home/yugz/domains/web-dev/salon-booking-app/node_modules/.pnpm/next@16.1.6_@babel+core@7.29.0_babel-plugin-react-compiler@1.0.0_react-dom@19.2.3_react@19.2.3__react@19.2.3/node_modules/next/node_modules:/home/yugz/domains/web-dev/salon-booking-app/node_modules/.pnpm/next@16.1.6_@babel+core@7.29.0_babel-plugin-react-compiler@1.0.0_react-dom@19.2.3_react@19.2.3__react@19.2.3/node_modules:/home/yugz/domains/web-dev/salon-booking-app/node_modules/.pnpm/node_modules/tailwindcss.css doesn't exist\n" +
    "        /home/yugz/domains/web-dev/salon-booking-app/node_modules/.pnpm/next@16.1.6_@babel+core@7.29.0_babel-plugin-react-compiler@1.0.0_react-dom@19.2.3_react@19.2.3__react@19.2.3/node_modules/next/dist/bin/node_modules:/home/yugz/domains/web-dev/salon-booking-app/node_modules/.pnpm/next@16.1.6_@babel+core@7.29.0_babel-plugin-react-compiler@1.0.0_react-dom@19.2.3_react@19.2.3__react@19.2.3/node_modules/next/dist/node_modules:/home/yugz/domains/web-dev/salon-booking-app/node_modules/.pnpm/next@16.1.6_@babel+core@7.29.0_babel-plugin-react-compiler@1.0.0_react-dom@19.2.3_react@19.2.3__react@19.2.3/node_modules/next/node_modules:/home/yugz/domains/web-dev/salon-booking-app/node_modules/.pnpm/next@16.1.6_@babel+core@7.29.0_babel-plugin-react-compiler@1.0.0_react-dom@19.2.3_react@19.2.3__react@19.2.3/node_modules:/home/yugz/domains/web-dev/salon-booking-app/node_modules/.pnpm/node_modules/tailwindcss doesn't exist"
}
Error: Can't resolve 'tailwindcss' in '/home/yugz/domains/web-dev'
    [2m[at finishWithoutResolve (/home/yugz/domains/web-dev/salon-booking-app/node_modules/.pnpm/enhanced-resolve@5.20.0/node_modules/enhanced-resolve/lib/Resolver.js:586:18)][0m
    [2m[at /home/yugz/domains/web-dev/salon-booking-app/node_modules/.pnpm/enhanced-resolve@5.20.0/node_modules/enhanced-resolve/lib/Resolver.js:678:14][0m
    [2m[at /home/yugz/domains/web-dev/salon-booking-app/node_modules/.pnpm/enhanced-resolve@5.20.0/node_modules/enhanced-resolve/lib/Resolver.js:739:5][0m
    [2m[at eval (eval at create (/home/yugz/domains/web-dev/salon-booking-app/node_modules/.pnpm/tapable@2.3.0/node_modules/tapable/lib/HookCodeFactory.js:31:10), <anonymous>:15:1)][0m
    [2m[at /home/yugz/domains/web-dev/salon-booking-app/node_modules/.pnpm/enhanced-resolve@5.20.0/node_modules/enhanced-resolve/lib/Resolver.js:739:5][0m
    [2m[at eval (eval at create (/home/yugz/domains/web-dev/salon-booking-app/node_modules/.pnpm/tapable@2.3.0/node_modules/tapable/lib/HookCodeFactory.js:31:10), <anonymous>:27:1)][0m
    [2m[at /home/yugz/domains/web-dev/salon-booking-app/node_modules/.pnpm/enhanced-resolve@5.20.0/node_modules/enhanced-resolve/lib/DescriptionFilePlugin.js:89:43][0m
    [2m[at /home/yugz/domains/web-dev/salon-booking-app/node_modules/.pnpm/enhanced-resolve@5.20.0/node_modules/enhanced-resolve/lib/Resolver.js:739:5][0m
    [2m[at eval (eval at create (/home/yugz/domains/web-dev/salon-booking-app/node_modules/.pnpm/tapable@2.3.0/node_modules/tapable/lib/HookCodeFactory.js:31:10), <anonymous>:15:1)][0m
    [2m[at /home/yugz/domains/web-dev/salon-booking-app/node_modules/.pnpm/enhanced-resolve@5.20.0/node_modules/enhanced-resolve/lib/Resolver.js:739:5][0m {
  details: "resolve 'tailwindcss' in '/home/yugz/domains/web-dev'\n" +
    '  Parsed request is a module\n' +
    '  using description file: /home/yugz/domains/web-dev/package.json (relative path: .)\n' +
    '    resolve as module\n' +
    '      looking for modules in /home/yugz/domains/web-dev/node_modules\n' +
    '        single file module\n' +
    '          using description file: /home/yugz/domains/web-dev/package.json (relative path: ./node_modules/tailwindcss)\n' +
    '            no extension\n' +
    "              /home/yugz/domains/web-dev/node_modules/tailwindcss doesn't exist\n" +
    '            .css\n' +
    "              /home/yugz/domains/web-dev/node_modules/tailwindcss.css doesn't exist\n" +
    "        /home/yugz/domains/web-dev/node_modules/tailwindcss doesn't exist\n" +
    "      /home/yugz/domains/node_modules doesn't exist or is not a directory\n" +
    "      /home/yugz/node_modules doesn't exist or is not a directory\n" +
    "      /home/node_modules doesn't exist or is not a directory\n" +
    "      /node_modules doesn't exist or is not a directory\n" +
    '      looking for modules in /home/yugz/domains/web-dev/salon-booking-app/node_modules/.pnpm/next@16.1.6_@babel+core@7.29.0_babel-plugin-react-compiler@1.0.0_react-dom@19.2.3_react@19.2.3__react@19.2.3/node_modules/next/dist/bin/node_modules:/home/yugz/domains/web-dev/salon-booking-app/node_modules/.pnpm/next@16.1.6_@babel+core@7.29.0_babel-plugin-react-compiler@1.0.0_react-dom@19.2.3_react@19.2.3__react@19.2.3/node_modules/next/dist/node_modules:/home/yugz/domains/web-dev/salon-booking-app/node_modules/.pnpm/next@16.1.6_@babel+core@7.29.0_babel-plugin-react-compiler@1.0.0_react-dom@19.2.3_react@19.2.3__react@19.2.3/node_modules/next/node_modules:/home/yugz/domains/web-dev/salon-booking-app/node_modules/.pnpm/next@16.1.6_@babel+core@7.29.0_babel-plugin-react-compiler@1.0.0_react-dom@19.2.3_react@19.2.3__react@19.2.3/node_modules:/home/yugz/domains/web-dev/salon-booking-app/node_modules/.pnpm/node_modules\n' +
    '        single file module\n' +
    '          using description file: /home/yugz/domains/web-dev/salon-booking-app/node_modules/.pnpm/next@16.1.6_@babel+core@7.29.0_babel-plugin-react-compiler@1.0.0_react-dom@19.2.3_react@19.2.3__react@19.2.3/node_modules/next/package.json (relative path: ./dist/bin/node_modules:/home/yugz/domains/web-dev/salon-booking-app/node_modules/.pnpm/next@16.1.6_@babel+core@7.29.0_babel-plugin-react-compiler@1.0.0_react-dom@19.2.3_react@19.2.3__react@19.2.3/node_modules/next/dist/node_modules:/home/yugz/domains/web-dev/salon-booking-app/node_modules/.pnpm/next@16.1.6_@babel+core@7.29.0_babel-plugin-react-compiler@1.0.0_react-dom@19.2.3_react@19.2.3__react@19.2.3/node_modules/next/node_modules:/home/yugz/domains/web-dev/salon-booking-app/node_modules/.pnpm/next@16.1.6_@babel+core@7.29.0_babel-plugin-react-compiler@1.0.0_react-dom@19.2.3_react@19.2.3__react@19.2.3/node_modules:/home/yugz/domains/web-dev/salon-booking-app/node_modules/.pnpm/node_modules/tailwindcss)\n' +
    '            no extension\n' +
    "              /home/yugz/domains/web-dev/salon-booking-app/node_modules/.pnpm/next@16.1.6_@babel+core@7.29.0_babel-plugin-react-compiler@1.0.0_react-dom@19.2.3_react@19.2.3__react@19.2.3/node_modules/next/dist/bin/node_modules:/home/yugz/domains/web-dev/salon-booking-app/node_modules/.pnpm/next@16.1.6_@babel+core@7.29.0_babel-plugin-react-compiler@1.0.0_react-dom@19.2.3_react@19.2.3__react@19.2.3/node_modules/next/dist/node_modules:/home/yugz/domains/web-dev/salon-booking-app/node_modules/.pnpm/next@16.1.6_@babel+core@7.29.0_babel-plugin-react-compiler@1.0.0_react-dom@19.2.3_react@19.2.3__react@19.2.3/node_modules/next/node_modules:/home/yugz/domains/web-dev/salon-booking-app/node_modules/.pnpm/next@16.1.6_@babel+core@7.29.0_babel-plugin-react-compiler@1.0.0_react-dom@19.2.3_react@19.2.3__react@19.2.3/node_modules:/home/yugz/domains/web-dev/salon-booking-app/node_modules/.pnpm/node_modules/tailwindcss doesn't exist\n" +
    '            .css\n' +
    "              /home/yugz/domains/web-dev/salon-booking-app/node_modules/.pnpm/next@16.1.6_@babel+core@7.29.0_babel-plugin-react-compiler@1.0.0_react-dom@19.2.3_react@19.2.3__react@19.2.3/node_modules/next/dist/bin/node_modules:/home/yugz/domains/web-dev/salon-booking-app/node_modules/.pnpm/next@16.1.6_@babel+core@7.29.0_babel-plugin-react-compiler@1.0.0_react-dom@19.2.3_react@19.2.3__react@19.2.3/node_modules/next/dist/node_modules:/home/yugz/domains/web-dev/salon-booking-app/node_modules/.pnpm/next@16.1.6_@babel+core@7.29.0_babel-plugin-react-compiler@1.0.0_react-dom@19.2.3_react@19.2.3__react@19.2.3/node_modules/next/node_modules:/home/yugz/domains/web-dev/salon-booking-app/node_modules/.pnpm/next@16.1.6_@babel+core@7.29.0_babel-plugin-react-compiler@1.0.0_react-dom@19.2.3_react@19.2.3__react@19.2.3/node_modules:/home/yugz/domains/web-dev/salon-booking-app/node_modules/.pnpm/node_modules/tailwindcss.css doesn't exist\n" +
    "        /home/yugz/domains/web-dev/salon-booking-app/node_modules/.pnpm/next@16.1.6_@babel+core@7.29.0_babel-plugin-react-compiler@1.0.0_react-dom@19.2.3_react@19.2.3__react@19.2.3/node_modules/next/dist/bin/node_modules:/home/yugz/domains/web-dev/salon-booking-app/node_modules/.pnpm/next@16.1.6_@babel+core@7.29.0_babel-plugin-react-compiler@1.0.0_react-dom@19.2.3_react@19.2.3__react@19.2.3/node_modules/next/dist/node_modules:/home/yugz/domains/web-dev/salon-booking-app/node_modules/.pnpm/next@16.1.6_@babel+core@7.29.0_babel-plugin-react-compiler@1.0.0_react-dom@19.2.3_react@19.2.3__react@19.2.3/node_modules/next/node_modules:/home/yugz/domains/web-dev/salon-booking-app/node_modules/.pnpm/next@16.1.6_@babel+core@7.29.0_babel-plugin-react-compiler@1.0.0_react-dom@19.2.3_react@19.2.3__react@19.2.3/node_modules:/home/yugz/domains/web-dev/salon-booking-app/node_modules/.pnpm/node_modules/tailwindcss doesn't exist"
}
[?25h
